******************************************************************************
                  TI ARM Linker PC v20.2.5                     
******************************************************************************
>> Linked Mon Jun 21 18:25:15 2021

OUTPUT FILE NAME:   <hello_CC26X2R1_LAUNCHXL_tirtos_ccs.out>
ENTRY POINT SYMBOL: "ResetISR"  address: 00005339


MEMORY CONFIGURATION

         name            origin    length      used     unused   attr    fill
----------------------  --------  ---------  --------  --------  ----  --------
  FLASH                 00000000   00058000  00008632  0004f9ce  R  X
  GPRAM                 11000000   00002000  00000000  00002000  RW X
  SRAM                  20000000   00014000  00005d46  0000e2ba  RW X
  LOG_DATA              90000000   00040000  00000000  00040000  R   


SEGMENT ALLOCATION MAP

run origin  load origin   length   init length attrs members
----------  ----------- ---------- ----------- ----- -------
00000000    00000000    000085e0   000085e0    r-x
  00000000    00000000    0000003c   0000003c    r-- .resetVecs
  0000003c    0000003c    00007c44   00007c44    r-x .text
  00007c80    00007c80    00000752   00000752    r-- .const
  000083d8    000083d8    00000208   00000208    r-- .cinit
00057fa8    00057fa8    00000058   00000058    r--
  00057fa8    00057fa8    00000058   00000058    r-- .ccfg
200000d8    200000d8    00004000   00000000    r--
  200000d8    200000d8    00004000   00000000    r-- .priheap
20004100    20004100    0000186e   00000000    rw-
  20004100    20004100    00001130   00000000    rw- .bss
  20005230    20005230    0000073e   00000000    rw- .data
20013c00    20013c00    00000400   00000000    rw-
  20013c00    20013c00    00000400   00000000    rw- .stack


SECTION ALLOCATION MAP

 output                                  attributes/
section   page    origin      length       input sections
--------  ----  ----------  ----------   ----------------
.binit     0    00000000    00000000     

.cinit     0    000083d8    00000208     
                  000083d8    000001de     (.cinit..data.load) [load image, compression = lzss]
                  000085b6    00000002     --HOLE-- [fill = 0]
                  000085b8    0000000c     (__TI_handler_table)
                  000085c4    00000004     --HOLE-- [fill = 0]
                  000085c8    00000008     (.cinit..bss.load) [load image, compression = zero_init]
                  000085d0    00000010     (__TI_cinit_table)

.init_array 
*          0    00000000    00000000     UNINITIALIZED

.ccfg      0    00057fa8    00000058     
                  00057fa8    00000058     ti_devices_config.obj (.ccfg:retain)

.bss       0    20004100    00001130     UNINITIALIZED
                  20004100    00000400     (.common:ti_uia_loggers_LoggerStopMode_Instance_State_0_packetArray__A)
                  20004500    00000400     (.common:ti_uia_loggers_LoggerStopMode_Instance_State_1_packetArray__A)
                  20004900    00000200     hello_pem4f.oem4f (.bss:taskStackSection)
                  20004b00    00000200     (.common:xdc_runtime_SysMin_Module_State_0_outbuf__A)
                  20004d00    00000120     rtsv7M4_T_le_v4SPD16_eabi.lib : trgmsg.c.obj (.bss:_CIOBUF_)
                  20004e20    000000d8     (.common:ti_sysbios_family_arm_m3_Hwi_dispatchTable)
                  20004ef8    000000a0     (.common:__TI_tmpnams)
                  20004f98    0000008c     (.common:timerCC26XXObjects)
                  20005024    0000007c     (.common:pinHandleTable)
                  200050a0    00000050     drivers_cc26x2.a : PINCC26XX.oem4f (.bss:pinSemaphore)
                  200050f0    0000004c     (.common:gptimerCC26XXObjects)
                  2000513c    0000003c                      : PINCC26XX.oem4f (.bss:pinSwi)
                  20005178    00000008     (.common:parmbuf)
                  20005180    00000030     (.common:ti_uia_loggers_LoggerStopMode_Instance_State_0_hdr__A)
                  200051b0    00000020                      : PINCC26XX.oem4f (.bss:pinGpioConfigTable)
                  200051d0    0000001c                      : PINCC26XX.oem4f (.bss:pinHwi)
                  200051ec    00000004                      : PINCC26XX.oem4f (.bss)
                  200051f0    00000004     (.common:PowerCC26XX_swiKey)
                  200051f4    00000004     (.common:PowerCC26XX_taskKey)
                  200051f8    00000001     (.common:driverlib_release_0_60278)
                  200051f9    00000007     --HOLE--
                  20005200    00000030     (.common:ti_uia_loggers_LoggerStopMode_Instance_State_1_hdr__A)

.data      0    20005230    0000073e     UNINITIALIZED
                  20005230    00000170     drivers_cc26x2.a : PowerCC26X2.oem4f (.data:PowerCC26X2_module)
                  200053a0    000000f0     rtsv7M4_T_le_v4SPD16_eabi.lib : defs.c.obj (.data:_ftable)
                  20005490    00000078                                   : host_device.c.obj (.data:_device)
                  20005508    00000068     hello_pem4f.oem4f (.data:ti_uia_loggers_LoggerStopMode_Object__table__V)
                  20005570    00000050     rtsv7M4_T_le_v4SPD16_eabi.lib : host_device.c.obj (.data:_stream)
                  200055c0    0000004c     hello_pem4f.oem4f (.data:ti_sysbios_knl_Task_Object__table__V)
                  2000560c    00000004     ti_drivers_config.obj (.data:gpioCallbackFunctions)
                  20005610    00000048     hello_pem4f.oem4f (.data:ti_sysbios_family_arm_cc26xx_Timer_Object__table__V)
                  20005658    00000044     hello_pem4f.oem4f (.data:ti_sysbios_knl_Task_Module__state__V)
                  2000569c    00000038     hello_pem4f.oem4f (.data:ti_sysbios_gates_GateMutex_Object__table__V)
                  200056d4    00000034     hello_pem4f.oem4f (.data:ti_sysbios_family_arm_m3_Hwi_Module__state__V)
                  20005708    00000030     hello_pem4f.oem4f (.data:ti_sysbios_knl_Swi_Module_State_0_readyQ__A)
                  20005738    00000030     hello_pem4f.oem4f (.data:ti_sysbios_knl_Swi_Object__table__V)
                  20005768    0000002c     hello_pem4f.oem4f (.data:ti_sysbios_knl_Clock_Module__state__V)
                  20005794    00000024     driverlib.lib : osc.obj (.data:$O1$$)
                  200057b8    00000024     hello_pem4f.oem4f (.data:ti_sysbios_BIOS_Module__state__V)
                  200057dc    00000020     hello_pem4f.oem4f (.data:ti_sysbios_knl_Clock_Object__table__V)
                  200057fc    00000020     hello_pem4f.oem4f (.data:ti_sysbios_knl_Task_Module_State_0_readyQ__A)
                  2000581c    00000020     hello_pem4f.oem4f (.data:xdc_runtime_Error_IgnoreBlock)
                  2000583c    0000001c     hello_pem4f.oem4f (.data:ti_sysbios_knl_Swi_Module__state__V)
                  20005858    00000018     hello_pem4f.oem4f (.data:ti_sysbios_family_arm_m3_Hwi_Object__table__V)
                  20005870    00000018     hello_pem4f.oem4f (.data:ti_sysbios_heaps_HeapMem_Object__table__V)
                  20005888    00000010     rtsv7M4_T_le_v4SPD16_eabi.lib : defs.c.obj (.data)
                  20005898    0000000c                                   : exit.c.obj (.data:$O1$$)
                  200058a4    0000000c     hello_pem4f.oem4f (.data:ti_sysbios_knl_Task_Module__root__V)
                  200058b0    0000000c     hello_pem4f.oem4f (.data:ti_uia_runtime_QueueDescriptor_Module__state__V)
                  200058bc    0000000c     hello_pem4f.oem4f (.data:xdc_runtime_SysMin_Module__state__V)
                  200058c8    00000008     rtsv7M4_T_le_v4SPD16_eabi.lib : _lock.c.obj (.data:$O1$$)
                  200058d0    00000008     drivers_cc26x2.a : PINCC26XX.oem4f (.data)
                  200058d8    00000008     ti.uia.runtime.aem4f : QueueDescriptor.oem4f (.data)
                  200058e0    00000008     hello_pem4f.oem4f (.data:ti_sysbios_family_arm_cc26xx_Timer_Module__state__V)
                  200058e8    00000008     hello_pem4f.oem4f (.data:ti_sysbios_family_arm_m3_Hwi_Module__root__V)
                  200058f0    00000008     hello_pem4f.oem4f (.data:ti_sysbios_gates_GateHwi_Module__root__V)
                  200058f8    00000008     hello_pem4f.oem4f (.data:ti_sysbios_gates_GateMutex_Module__root__V)
                  20005900    00000008     hello_pem4f.oem4f (.data:ti_sysbios_heaps_HeapMem_Module__root__V)
                  20005908    00000008     hello_pem4f.oem4f (.data:ti_sysbios_knl_Clock_Module__root__V)
                  20005910    00000008     hello_pem4f.oem4f (.data:ti_sysbios_knl_Queue_Module__root__V)
                  20005918    00000008     hello_pem4f.oem4f (.data:ti_sysbios_knl_Semaphore_Module__root__V)
                  20005920    00000008     hello_pem4f.oem4f (.data:ti_sysbios_knl_Swi_Module__root__V)
                  20005928    00000008     hello_pem4f.oem4f (.data:ti_uia_loggers_LoggerStopMode_Module__root__V)
                  20005930    00000008     hello_pem4f.oem4f (.data:xdc_runtime_Startup_Module__state__V)
                  20005938    00000008     hello_pem4f.oem4f (.data:xdc_runtime_System_Module_State_0_atexitHandlers__A)
                  20005940    00000008     hello_pem4f.oem4f (.data:xdc_runtime_System_Module__state__V)
                  20005948    00000004     ti_drivers_config.obj (.data:gpioPinConfigs)
                  2000594c    00000004     rtsv7M4_T_le_v4SPD16_eabi.lib : errno.c.obj (.data)
                  20005950    00000004                                   : stkdepth_vars.c.obj (.data)
                  20005954    00000004     hello_pem4f.oem4f (.data:ti_sysbios_family_arm_cc26xx_TimestampProvider_Module__state__V)
                  20005958    00000004     hello_pem4f.oem4f (.data:ti_sysbios_family_arm_m3_Hwi_Module_State_0_excContext__A)
                  2000595c    00000004     hello_pem4f.oem4f (.data:ti_sysbios_family_arm_m3_Hwi_Module_State_0_excStack__A)
                  20005960    00000004     hello_pem4f.oem4f (.data:ti_sysbios_gates_GateHwi_Object__table__V)
                  20005964    00000004     hello_pem4f.oem4f (.data:ti_sysbios_knl_Task_Module_State_0_idleTask__A)
                  20005968    00000004     hello_pem4f.oem4f (.data:xdc_runtime_Memory_Module__state__V)
                  2000596c    00000002     hello_pem4f.oem4f (.data:ti_sysbios_family_arm_m3_Hwi_Module_State_0_excActive__A)

.stack     0    20013c00    00000400     UNINITIALIZED
                  20013c00    00000400     --HOLE--

.priheap   0    200000d8    00004000     UNINITIALIZED
                  200000d8    00004000     --HOLE--

.log_data 
*          0    90000000    00000000     COPY SECTION

.bootVecs 
*          0    00000000    00000008     DSECT
                  00000000    00000008     boot.aem4f : boot.oem4f (.bootVecs)

.resetVecs 
*          0    00000000    0000003c     
                  00000000    0000003c     hello_pem4f.oem4f (.resetVecs)

.vecs      0    20000000    000000d8     NOLOAD SECTION
                  20000000    000000d8     hello_pem4f.oem4f (.vecs)

xdc.meta   0    00000000    000000ec     COPY SECTION
                  00000000    000000ec     hello_pem4f.oem4f (xdc.meta)

xdc.noload 
*          0    00000000    00000000     COPY SECTION

__llvm_prf_cnts 
*          0    20000000    00000000     UNINITIALIZED

.text      0    0000003c    00007c44     
                  0000003c    00000a4e     rtsv7M4_T_le_v4SPD16_eabi.lib : _printfi.c.obj (.text:__TI_printfi)
                  00000a8a    00000002     ti_drivers_config.obj (.text:Board_initHook)
                  00000a8c    00000270     rtsv7M4_T_le_v4SPD16_eabi.lib : _printfi.c.obj (.text:_pconv_a)
                  00000cfc    000001f4     drivers_cc26x2.a : PINCC26XX.oem4f (.text:PIN_init)
                  00000ef0    000001d0     rtsv7M4_T_le_v4SPD16_eabi.lib : _printfi.c.obj (.text:_pconv_g)
                  000010c0    000001b6                                   : fd_add_t2.asm.obj (.text)
                  00001276    00000002                                   : _lock.c.obj (.text:_nop)
                  00001278    00000198     drivers_cc26x2.a : PowerCC26X2.oem4f (.text:Power_sleep)
                  00001410    00000190                      : PowerCC26X2_calibrateRCOSC.oem4f (.text:calibrateRcoscHf1)
                  000015a0    0000018c                      : PowerCC26X2_calibrateRCOSC.oem4f (.text:runCalibrateFsm)
                  0000172c    00000174                      : PowerCC26X2.oem4f (.text:Power_init)
                  000018a0    0000013e     hello_pem4f.oem4f (.text:ti_uia_loggers_LoggerStopMode_writeMemoryRange__E)
                  000019de    00000002     drivers_cc26x2.a : PowerCC26X2.oem4f (.text:emptyClockFunc)
                  000019e0    0000013c     rtsv7M4_T_le_v4SPD16_eabi.lib : _printfi.c.obj (.text:_pconv_e)
                  00001b1c    00000136                                   : fd_div_t2.asm.obj (.text)
                  00001c52    00000002                                   : div0.asm.obj (.text)
                  00001c54    0000012c     sysbios.aem4f : BIOS.obj (.text:ti_sysbios_knl_Semaphore_pend__E)
                  00001d80    00000124     rtsv7M4_T_le_v4SPD16_eabi.lib : _printfi.c.obj (.text:fcvt)
                  00001ea4    00000120     drivers_cc26x2.a : PowerCC26X2.oem4f (.text:configureXOSCHF)
                  00001fc4    0000011c     sysbios.aem4f : BIOS.obj (.text:ti_sysbios_family_arm_m3_Hwi_dispatchC__I)
                  000020e0    00000114     drivers_cc26x2.a : PINCC26XX.oem4f (.text:PINCC26XX_setIoCfg)
                  000021f4    00000114     rtsv7M4_T_le_v4SPD16_eabi.lib : fputs.c.obj (.text:fputs)
                  00002308    00000114     sysbios.aem4f : BIOS.obj (.text:ti_sysbios_knl_Swi_run__I)
                  0000241c    00000110     rtsv7M4_T_le_v4SPD16_eabi.lib : s_scalbn.c.obj (.text:scalbn)
                  0000252c    0000010c     hello_pem4f.oem4f (.text:ti_uia_loggers_LoggerStopMode_write8__E)
                  00002638    00000100     drivers_cc26x2.a : TimerCC26XX.oem4f (.text:Timer_open)
                  00002738    000000fc     rtsv7M4_T_le_v4SPD16_eabi.lib : fd_mul_t2.asm.obj (.text)
                  00002834    000000f8     sysbios.aem4f : BIOS.obj (.text:xdc_runtime_Startup_startMods__I)
                  0000292c    000000f4     hello_pem4f.oem4f (.text:ti_uia_loggers_LoggerStopMode_write4__E)
                  00002a20    000000f0     driverlib.lib : sys_ctrl.obj (.text:NOROM_SysCtrlStandby)
                  00002b10    000000f0     sysbios.aem4f : m3_Hwi_asm.obj (.text:ti_sysbios_family_arm_m3_Hwi_dispatch__I)
                  00002c00    000000e8     hello_pem4f.oem4f (.text:ti_uia_loggers_LoggerStopMode_write2__E)
                  00002ce8    000000e4     hello_pem4f.oem4f (.text:ti_uia_loggers_LoggerStopMode_write1__E)
                  00002dcc    000000e0     sysbios.aem4f : BIOS.obj (.text:ti_sysbios_knl_Clock_walkQueueDynamic__E)
                  00002eac    000000dc     rtsv7M4_T_le_v4SPD16_eabi.lib : setvbuf.c.obj (.text:setvbuf)
                  00002f88    000000d8     hello_pem4f.oem4f (.text:ti_uia_loggers_LoggerStopMode_write0__E)
                  00003060    000000c8     dpl_cc26x2.a : PowerCC26X2_tirtos.oem4f (.text:PowerCC26XX_standbyPolicy)
                  00003128    000000c4     sysbios.aem4f : BIOS.obj (.text:ti_sysbios_knl_Task_schedule__I)
                  000031ec    000000c0     drivers_cc26x2.a : PowerCC26X2.oem4f (.text:Power_releaseDependency)
                  000032ac    000000b8                      : PowerCC26X2.oem4f (.text:Power_setDependency)
                  00003364    000000b8     sysbios.aem4f : BIOS.obj (.text:ti_sysbios_knl_Semaphore_post__E)
                  0000341c    000000b8                   : BIOS.obj (.text:ti_sysbios_knl_Task_startCore__E)
                  000034d4    000000b1     rtsv7M4_T_le_v4SPD16_eabi.lib : _printfi.c.obj (.text:_ltostr)
                  00003585    00000001     --HOLE-- [fill = 0]
                  00003586    00000002     sysbios.aem4f : BIOS.obj (.text:ti_sysbios_BIOS_linkedWithIncorrectBootLibrary__E)
                  00003588    000000ac     drivers_cc26x2.a : PINCC26XX.oem4f (.text:PIN_open)
                  00003634    000000ac     driverlib.lib : setup.obj (.text:TrimAfterColdResetWakeupFromShutDown)
                  000036e0    000000a8     sysbios.aem4f : BIOS.obj (.text:ti_sysbios_knl_Swi_post__E)
                  00003788    000000a4                   : BIOS.obj (.text:ti_sysbios_family_arm_m3_Hwi_Instance_init__E)
                  0000382c    000000a0     auto_init.aem4f : auto_init.oem4f (.text)
                  000038cc    0000009c     rtsv7M4_T_le_v4SPD16_eabi.lib : memcpy_t2.asm.obj (.text)
                  00003968    0000009c     sysbios.aem4f : BIOS.obj (.text:ti_sysbios_knl_Task_blockI__E)
                  00003a04    00000098     driverlib.lib : setup.obj (.text:NOROM_SetupTrimDevice)
                  00003a9c    00000098     sysbios.aem4f : BIOS.obj (.text:ti_sysbios_knl_Clock_workFuncDynamic__E)
                  00003b34    00000096     rtsv7M4_T_le_v4SPD16_eabi.lib : ull_div_t2.asm.obj (.text)
                  00003bca    00000002     hello_pem4f.oem4f (.text:ti_sysbios_BIOS_nullFunc__I)
                  00003bcc    00000094     hello.obj (.text:main)
                  00003c60    00000094     sysbios.aem4f : BIOS.obj (.text:ti_sysbios_knl_Task_exit__E)
                  00003cf4    00000090                   : BIOS.obj (.text:ti_sysbios_knl_Task_unblockI__E)
                  00003d84    00000090     ti.uia.loggers.aem4f : LoggerStopMode.oem4f (.text:ti_uia_loggers_LoggerStopMode_initQueueDescriptor__E)
                  00003e14    0000008c     rtsv7M4_T_le_v4SPD16_eabi.lib : fputc.c.obj (.text:fputc)
                  00003ea0    0000008c     sysbios.aem4f : BIOS.obj (.text:ti_sysbios_family_arm_m3_Hwi_initNVIC__E)
                  00003f2c    0000008c                   : m3_TaskSupport_asm.obj (.text:ti_sysbios_family_arm_m3_TaskSupport_buildTaskStack)
                  00003fb8    00000088     drivers_cc26x2.a : GPTimerCC26XX.oem4f (.text:GPTimerCC26XX_open)
                  00004040    00000088     driverlib.lib : osc.obj (.text:NOROM_OSCHF_AttemptToSwitchToXosc)
                  000040c8    00000088     drivers_cc26x2.a : PowerCC26X2_calibrateRCOSC.oem4f (.text:calibrateRcoscHf2)
                  00004150    00000088                      : PowerCC26X2.oem4f (.text:disableLFClockQualifiers)
                  000041d8    00000088                      : PowerCC26X2_calibrateRCOSC.oem4f (.text:updateSubSecInc)
                  00004260    00000086     rtsv7M4_T_le_v4SPD16_eabi.lib : fd_cmp_t2.asm.obj (.text:__aeabi_cdcmple)
                  000042e6    00000086                                   : fd_cmp_t2.asm.obj (.text:__aeabi_cdrcmple)
                  0000436c    00000084     ti_drivers_config.obj (.text:Board_sendExtFlashByte)
                  000043f0    00000084     sysbios.aem4f : BIOS.obj (.text:ti_sysbios_knl_Task_postInit__I)
                  00004474    00000080     driverlib.lib : chipinfo.obj (.text:NOROM_ChipInfo_GetChipType)
                  000044f4    00000080                   : sys_ctrl.obj (.text:NOROM_SysCtrlSetRechargeBeforePowerDown)
                  00004574    00000080     sysbios.aem4f : BIOS.obj (.text:ti_sysbios_family_arm_cc26xx_Timer_start__E)
                  000045f4    0000007a     rtsv7M4_T_le_v4SPD16_eabi.lib : memset_t2.asm.obj (.text)
                  0000466e    00000078     sysbios.aem4f : BIOS.obj (.text:ti_sysbios_heaps_HeapMem_allocUnprotected__E)
                  000046e6    00000002                   : BIOS.obj (.text:ti_sysbios_gates_GateHwi_Instance_init__E)
                  000046e8    00000074     drivers_cc26x2.a : GPTimerCC26XX.oem4f (.text:GPTimerCC26XX_resetHw)
                  0000475c    00000074                      : PowerCC26X2_calibrateRCOSC.oem4f (.text:PowerCC26X2_auxISR)
                  000047d0    00000074     rtsv7M4_T_le_v4SPD16_eabi.lib : fclose.c.obj (.text:__TI_closefile)
                  00004844    00000074     ti.uia.runtime.aem4f : QueueDescriptor.oem4f (.text:ti_uia_runtime_QueueDescriptor_addToList__E)
                  000048b8    00000070     sysbios.aem4f : BIOS.obj (.text:xdc_runtime_Memory_alloc__E)
                  00004928    0000006e     rtsv7M4_T_le_v4SPD16_eabi.lib : _printfi.c.obj (.text:_mcpy)
                  00004996    0000006e     sysbios.aem4f : BIOS.obj (.text:xdc_runtime_Core_createObject__I)
                  00004a04    0000006c     rtsv7M4_T_le_v4SPD16_eabi.lib : hostrename.c.obj (.text:HOSTrename)
                  00004a70    00000068                                   : hostlseek.c.obj (.text:HOSTlseek)
                  00004ad8    00000068     driverlib.lib : osc.obj (.text:NOROM_OSCHF_SwitchToRcOscTurnOffXosc)
                  00004b40    00000068     drivers_cc26x2.a : Timer.oem4f (.text:Timer_setPeriod)
                  00004ba8    00000068     rtsv7M4_T_le_v4SPD16_eabi.lib : copy_decompress_lzss.c.obj (.text:decompress:lzss:__TI_decompress_lzss)
                  00004c10    00000068                                   : printf.c.obj (.text:printf)
                  00004c78    00000068     sysbios.aem4f : BIOS.obj (.text:ti_sysbios_knl_Clock_startI__E)
                  00004ce0    00000068                   : BIOS.obj (.text:ti_sysbios_knl_Swi_restoreHwi__E)
                  00004d48    00000066     ti.uia.loggers.aem4f : LoggerStopMode.oem4f (.text:ti_uia_loggers_LoggerStopMode_flush__E)
                  00004dae    00000066     sysbios.aem4f : BIOS.obj (.text:xdc_runtime_Core_deleteObject__I)
                  00004e14    00000064     rtsv7M4_T_le_v4SPD16_eabi.lib : s_frexp.c.obj (.text:frexp)
                  00004e78    00000064                                   : fseek.c.obj (.text:fseek)
                  00004edc    00000064     sysbios.aem4f : BIOS.obj (.text:ti_sysbios_heaps_HeapMem_initPrimary__I)
                  00004f40    00000062     rtsv7M4_T_le_v4SPD16_eabi.lib : _io_perm.c.obj (.text:__TI_wrt_ok)
                  00004fa2    00000002     sysbios.aem4f : BIOS.obj (.text:ti_sysbios_knl_Clock_triggerFunc__I)
                  00004fa4    00000060     rtsv7M4_T_le_v4SPD16_eabi.lib : hostopen.c.obj (.text:HOSTopen)
                  00005004    00000060     sysbios.aem4f : BIOS.obj (.text:ti_sysbios_knl_Clock_logTick__E)
                  00005064    0000005e                   : BIOS.obj (.text:ti_sysbios_heaps_HeapMem_freeUnprotected__E)
                  000050c2    00000002                   : BIOS.obj (.text:ti_sysbios_knl_Swi_Instance_finalize__E)
                  000050c4    0000005c     drivers_cc26x2.a : PINCC26XX.oem4f (.text:PIN_remove)
                  00005120    0000005c     rtsv7M4_T_le_v4SPD16_eabi.lib : close.c.obj (.text:close)
                  0000517c    0000005c     sysbios.aem4f : BIOS.obj (.text:ti_sysbios_knl_Task_Module_startup__E)
                  000051d8    00000058     drivers_cc26x2.a : GPTimerCC26XX.oem4f (.text:GPTimerCC26XX_stop)
                  00005230    00000058     rtsv7M4_T_le_v4SPD16_eabi.lib : hostread.c.obj (.text:HOSTread)
                  00005288    00000058                                   : hostwrite.c.obj (.text:HOSTwrite)
                  000052e0    00000058     drivers_cc26x2.a : PowerCC26X2_calibrateRCOSC.oem4f (.text:PowerCC26X2_initiateCalibration)
                  00005338    00000058     boot.aem4f : boot.oem4f (.text)
                  00005390    00000058     sysbios.aem4f : m3_Hwi_asm_switch.obj (.text:ti_sysbios_family_arm_m3_Hwi_initStacks__E)
                  000053e8    00000058                   : BIOS.obj (.text:ti_sysbios_family_arm_m3_Hwi_postInit__I)
                  00005440    00000058                   : BIOS.obj (.text:ti_sysbios_heaps_HeapMem_alloc__E)
                  00005498    00000056     rtsv7M4_T_le_v4SPD16_eabi.lib : _printfi.c.obj (.text:_pconv_f)
                  000054ee    00000002     hello_pem4f.oem4f (.text:ti_uia_loggers_LoggerStopMode_setFilterLevel__E)
                  000054f0    00000054     driverlib.lib : prcm.obj (.text:NOROM_PRCMPowerDomainsAllOff)
                  00005544    00000054     dpl_cc26x2.a : SwiP_tirtos.oem4f (.text:SwiP_construct)
                  00005598    00000054     rtsv7M4_T_le_v4SPD16_eabi.lib : _ltoa.c.obj (.text:__TI_ltoa)
                  000055ec    00000054     sysbios.aem4f : BIOS.obj (.text:ti_sysbios_knl_Swi_schedule__I)
                  00005640    00000052     rtsv7M4_T_le_v4SPD16_eabi.lib : _printfi.c.obj (.text:_ecpy)
                  00005692    00000002     ti.uia.loggers.aem4f : LoggerStopMode.oem4f (.text:ti_uia_loggers_LoggerStopMode_setPriority__E)
                  00005694    00000050     drivers_cc26x2.a : GPTimerCC26XX.oem4f (.text:GPTimerCC26XX_registerInterrupt)
                  000056e4    00000050     hello_pem4f.oem4f (.text:ti_sysbios_family_arm_m3_Hwi_construct)
                  00005734    00000050     sysbios.aem4f : BIOS.obj (.text:ti_sysbios_knl_Swi_Instance_init__E)
                  00005784    00000050                   : BIOS.obj (.text:ti_sysbios_knl_Swi_runLoop__I)
                  000057d4    00000050                   : BIOS.obj (.text:xdc_runtime_Startup_exec__E)
                  00005824    0000004c     ti_drivers_config.obj (.text:Board_wakeUpExtFlash)
                  00005870    0000004c     drivers_cc26x2.a : GPTimerCC26XX.oem4f (.text:GPTimerCC26XX_initHw)
                  000058bc    0000004c                      : GPTimerCC26XX.oem4f (.text:GPTimerCC26XX_start)
                  00005908    0000004c     driverlib.lib : prcm.obj (.text:NOROM_PRCMPowerDomainsAllOn)
                  00005954    0000004c     rtsv7M4_T_le_v4SPD16_eabi.lib : fflush.c.obj (.text:__TI_doflush)
                  000059a0    0000004c                                   : atoi.c.obj (.text:atoi)
                  000059ec    0000004c                                   : cpy_tbl.c.obj (.text:copy_in)
                  00005a38    0000004c     hello_pem4f.oem4f (.text:ti_sysbios_knl_Swi_construct)
                  00005a84    0000004c     ti.uia.loggers.aem4f : LoggerStopMode.oem4f (.text:ti_uia_loggers_LoggerStopMode_Module_startup__E)
                  00005ad0    0000004c     sysbios.aem4f : BIOS.obj (.text:xdc_runtime_Assert_raise__I)
                  00005b1c    0000004c                   : BIOS.obj (.text:xdc_runtime_Core_assignParams__I)
                  00005b68    00000048     drivers_cc26x2.a : GPTimerCC26XX.oem4f (.text:GPTimerCC26XXHwiFxn)
                  00005bb0    00000048                      : PowerCC26X2_calibrateRCOSC.oem4f (.text:PowerCC26X2_RCOSC_clockFunc)
                  00005bf8    00000048     rtsv7M4_T_le_v4SPD16_eabi.lib : fd_toi_t2.asm.obj (.text)
                  00005c40    00000048     drivers_cc26x2.a : PowerCC26X2.oem4f (.text:switchXOSCHF)
                  00005c88    00000048     sysbios.aem4f : BIOS.obj (.text:ti_sysbios_family_arm_m3_Hwi_Module_startup__E)
                  00005cd0    00000048                   : BIOS.obj (.text:ti_sysbios_heaps_HeapMem_getStats__E)
                  00005d18    00000048                   : BIOS.obj (.text:xdc_runtime_Core_constructObject__I)
                  00005d60    00000044     rtsv7M4_T_le_v4SPD16_eabi.lib : hostclose.c.obj (.text:HOSTclose)
                  00005da4    00000044                                   : hostunlink.c.obj (.text:HOSTunlink)
                  00005de8    00000044     driverlib.lib : chipinfo.obj (.text:NOROM_ChipInfo_GetHwRevision)
                  00005e2c    00000044     drivers_cc26x2.a : PINCC26XX.oem4f (.text:PIN_swi)
                  00005e70    00000044                      : Timer.oem4f (.text:Timer_start)
                  00005eb4    00000044     rtsv7M4_T_le_v4SPD16_eabi.lib : getdevice.c.obj (.text:getdevice)
                  00005ef8    00000044     sysbios.aem4f : BIOS.obj (.text:ti_sysbios_family_arm_m3_Hwi_disableInterrupt__E)
                  00005f3c    00000044                   : BIOS.obj (.text:ti_sysbios_family_arm_m3_Hwi_enableInterrupt__E)
                  00005f80    00000044                   : BIOS.obj (.text:ti_sysbios_knl_Task_allBlockedFunction__I)
                  00005fc4    00000044     ti.uia.loggers.aem4f : LoggerStopMode.oem4f (.text:ti_uia_loggers_LoggerStopMode_initBuffer__I)
                  00006008    00000044     sysbios.aem4f : BIOS.obj (.text:xdc_runtime_SysMin_flush__E)
                  0000604c    00000040     ti_drivers_config.obj (.text:Board_shutDownExtFlash)
                  0000608c    00000040     dpl_cc26x2.a : ClockP_tirtos.oem4f (.text:ClockP_construct)
                  000060cc    00000040     driverlib.lib : osc.obj (.text:NOROM_OSC_HPOSCRelativeFrequencyOffsetGet)
                  0000610c    00000040     sysbios.aem4f : BIOS.obj (.text:ti_sysbios_family_arm_cc26xx_Timer_setThreshold__I)
                  0000614c    00000040                   : BIOS.obj (.text:ti_sysbios_family_arm_m3_Hwi_getStackInfo__E)
                  0000618c    0000003e     dpl_cc26x2.a : HwiP_tirtos.oem4f (.text:HwiP_construct)
                  000061ca    0000003e     rtsv7M4_T_le_v4SPD16_eabi.lib : _printfi.c.obj (.text:_fcpy)
                  00006208    0000003c     drivers_cc26x2.a : GPTimerCC26XX.oem4f (.text:GPTimerCC26XX_unregisterInterrupt)
                  00006244    0000003c                      : PINCC26XX.oem4f (.text:PIN_setOutputValue)
                  00006280    0000003c     sysbios.aem4f : BIOS.obj (.text:ti_sysbios_family_arm_m3_Hwi_construct2__E)
                  000062bc    00000038     drivers_cc26x2.a : PINCC26XX.oem4f (.text:PIN_setConfig)
                  000062f4    00000038     rtsv7M4_T_le_v4SPD16_eabi.lib : trgmsg.c.obj (.text:__TI_writemsg)
                  0000632c    00000038     drivers_cc26x2.a : PowerCC26X2.oem4f (.text:notify)
                  00006364    00000038     sysbios.aem4f : BIOS.obj (.text:ti_sysbios_family_arm_cc26xx_Timer_getCurrentTick__E)
                  0000639c    00000038                   : BIOS.obj (.text:ti_sysbios_family_arm_m3_Hwi_Instance_finalize__E)
                  000063d4    00000038                   : BIOS.obj (.text:ti_sysbios_heaps_HeapMem_Instance_init__E)
                  0000640c    00000038                   : BIOS.obj (.text:ti_sysbios_knl_Clock_Instance_init__E)
                  00006444    00000038                   : BIOS.obj (.text:xdc_runtime_System_atexit__E)
                  0000647c    00000036     drivers_cc26x2.a : Timer.oem4f (.text:Timer_stop)
                  000064b2    00000036     rtsv7M4_T_le_v4SPD16_eabi.lib : strncpy.c.obj (.text:strncpy)
                  000064e8    00000034     drivers_cc26x2.a : GPIOCC26XX.oem4f (.text:GPIO_toggle)
                  0000651c    00000034                      : GPTimerCC26XX.oem4f (.text:GPTimerCC26XXSetLoadMatch)
                  00006550    00000034                      : GPTimerCC26XX.oem4f (.text:GPTimerCC26XX_configureDebugStall)
                  00006584    00000034     driverlib.lib : aux_sysif.obj (.text:NOROM_AUXSYSIFOpModeChange)
                  000065b8    00000034                   : sys_ctrl.obj (.text:NOROM_SysCtrlIdle)
                  000065ec    00000034     rtsv7M4_T_le_v4SPD16_eabi.lib : fopen.c.obj (.text:__TI_cleanup)
                  00006620    00000034                                   : trgmsg.c.obj (.text:__TI_readmsg)
                  00006654    00000034     sysbios.aem4f : BIOS.obj (.text:ti_sysbios_knl_Swi_restore__E)
                  00006688    00000034     ti.uia.loggers.aem4f : LoggerStopMode.oem4f (.text:ti_uia_loggers_LoggerStopMode_reset__E)
                  000066bc    00000034     sysbios.aem4f : BIOS.obj (.text:xdc_runtime_SysMin_abort__E)
                  000066f0    00000034                   : BIOS.obj (.text:xdc_runtime_SysMin_putch__E)
                  00006724    00000032                   : BIOS.obj (.text:ti_sysbios_family_arm_cc26xx_Timer_setNextTick__E)
                  00006756    00000030     drivers_cc26x2.a : GPTimerCC26XX.oem4f (.text:GPTimerCC26XX_close)
                  00006786    00000002     sysbios.aem4f : BIOS.obj (.text:xdc_runtime_Error_policySpin__E)
                  00006788    00000030     drivers_cc26x2.a : PowerCC26X2.oem4f (.text:Power_releaseConstraint)
                  000067b8    00000030                      : PowerCC26X2.oem4f (.text:Power_setConstraint)
                  000067e8    00000030                      : TimerCC26XX.oem4f (.text:Timer_close)
                  00006818    00000030     rtsv7M4_T_le_v4SPD16_eabi.lib : getdevice.c.obj (.text:finddevice)
                  00006848    00000030     hello_pem4f.oem4f (.text:ti_sysbios_BIOS_atExitFunc__I)
                  00006878    00000030     hello_pem4f.oem4f (.text:ti_sysbios_BIOS_startFunc__I)
                  000068a8    00000030     sysbios.aem4f : BIOS.obj (.text:ti_sysbios_family_arm_cc26xx_Timer_initDevice__I)
                  000068d8    00000030     hello_pem4f.oem4f (.text:ti_sysbios_gates_GateHwi_Object__create__S)
                  00006908    00000030     hello_pem4f.oem4f (.text:ti_sysbios_gates_GateMutex_Object__create__S)
                  00006938    00000030     sysbios.aem4f : BIOS.obj (.text:ti_sysbios_gates_GateMutex_enter__E)
                  00006968    00000030     hello_pem4f.oem4f (.text:ti_sysbios_heaps_HeapMem_Object__create__S)
                  00006998    00000030     sysbios.aem4f : BIOS.obj (.text:ti_sysbios_heaps_HeapMem_free__E)
                  000069c8    00000030     hello_pem4f.oem4f (.text:ti_sysbios_knl_Clock_construct)
                  000069f8    00000030     hello_pem4f.oem4f (.text:ti_sysbios_knl_Semaphore_construct)
                  00006a28    00000030     sysbios.aem4f : BIOS.obj (.text:ti_sysbios_knl_Task_processVitalTaskFlag__I)
                  00006a58    00000030     hello_pem4f.oem4f (.text:ti_sysbios_rts_MemAlloc_alloc)
                  00006a88    00000030     hello_pem4f.oem4f (.text:ti_uia_loggers_LoggerStopMode_Object__create__S)
                  00006ab8    00000030     sysbios.aem4f : BIOS.obj (.text:xdc_runtime_System_processAtExit__E)
                  00006ae8    0000002e     rtsv7M4_T_le_v4SPD16_eabi.lib : i_tofd_t2.asm.obj (.text)
                  00006b16    0000002e     sysbios.aem4f : BIOS.obj (.text:ti_sysbios_family_arm_m3_TaskSupport_start__E)
                  00006b44    0000002e                   : BIOS.obj (.text:ti_sysbios_hal_Hwi_initStack)
                  00006b72    0000002c     dpl_cc26x2.a : SemaphoreP_tirtos.oem4f (.text:SemaphoreP_constructBinary)
                  00006b9e    00000002     sysbios.aem4f : BIOS.obj (.text:xdc_runtime_System_abortSpin__E)
                  00006ba0    0000002c     hello_pem4f.oem4f (.text:ti_sysbios_gates_GateHwi_Handle__label__S)
                  00006bcc    0000002c     hello_pem4f.oem4f (.text:ti_sysbios_gates_GateMutex_Handle__label__S)
                  00006bf8    0000002c     hello_pem4f.oem4f (.text:ti_sysbios_heaps_HeapMem_Handle__label__S)
                  00006c24    0000002c     sysbios.aem4f : BIOS.obj (.text:ti_sysbios_knl_Clock_getTicksUntilInterrupt__E)
                  00006c50    0000002c     hello_pem4f.oem4f (.text:ti_sysbios_knl_Queue_construct)
                  00006c7c    0000002c     sysbios.aem4f : BIOS.obj (.text:ti_sysbios_knl_Semaphore_pendTimeout__I)
                  00006ca8    0000002c                   : BIOS.obj (.text:ti_sysbios_knl_Task_restore__E)
                  00006cd4    0000002c     hello_pem4f.oem4f (.text:ti_uia_loggers_LoggerStopMode_Handle__label__S)
                  00006d00    0000002c     rtsv7M4_T_le_v4SPD16_eabi.lib : unlink.c.obj (.text:unlink)
                  00006d2c    00000028     drivers_cc26x2.a : TimerCC26XX.oem4f (.text:TimerCC26XX_callbackfxn)
                  00006d54    00000028     rtsv7M4_T_le_v4SPD16_eabi.lib : lseek.c.obj (.text:lseek)
                  00006d7c    00000028     drivers_cc26x2.a : PowerCC26X2.oem4f (.text:oscillatorISR)
                  00006da4    00000028     sysbios.aem4f : m3_Hwi_asm.obj (.text:ti_sysbios_family_arm_m3_Hwi_excHandlerAsm__I)
                  00006dcc    00000028                   : BIOS.obj (.text:ti_sysbios_knl_Clock_addI__E)
                  00006df4    00000028     rtsv7M4_T_le_v4SPD16_eabi.lib : write.c.obj (.text:write)
                  00006e1c    00000026     drivers_cc26x2.a : GPTimerCC26XX.oem4f (.text:GPTimerCC26XXLookupMask)
                  00006e42    00000026     sysbios.aem4f : m3_Hwi_asm.obj (.text:ti_sysbios_family_arm_m3_Hwi_pendSV__I)
                  00006e68    00000024     drivers_cc26x2.a : GPTimerCC26XX.oem4f (.text:GPTimerCC26XX_enableInterrupt)
                  00006e8c    00000024     driverlib.lib : osc.obj (.text:NOROM_OSCHF_TurnOnXosc)
                  00006eb0    00000024     drivers_cc26x2.a : PowerCC26X2_calibrateRCOSC.oem4f (.text:getTdcSemaphore)
                  00006ed4    00000024     hello_pem4f.oem4f (.text:ti_sysbios_BIOS_registerRTSLock__I)
                  00006ef8    00000024     hello_pem4f.oem4f (.text:ti_sysbios_BIOS_removeRTSLock__I)
                  00006f1c    00000024     sysbios.aem4f : BIOS.obj (.text:ti_sysbios_family_arm_cc26xx_Timer_Module_startup__E)
                  00006f40    00000024                   : BIOS.obj (.text:ti_sysbios_family_arm_cc26xx_Timer_getMaxTicks__E)
                  00006f64    00000024                   : BIOS.obj (.text:ti_sysbios_family_arm_cc26xx_Timer_startup__E)
                  00006f88    00000024     hello_pem4f.oem4f (.text:ti_sysbios_gates_GateMutex_Object__delete__S)
                  00006fac    00000024     sysbios.aem4f : BIOS.obj (.text:ti_sysbios_knl_Clock_Module_startup__E)
                  00006fd0    00000024                   : BIOS.obj (.text:ti_sysbios_knl_Semaphore_Instance_init__E)
                  00006ff4    00000024                   : BIOS.obj (.text:ti_sysbios_knl_Swi_Module_startup__E)
                  00007018    00000024                   : BIOS.obj (.text:ti_sysbios_knl_Task_restoreHwi__E)
                  0000703c    00000022     drivers_cc26x2.a : GPTimerCC26XX.oem4f (.text:GPTimerCC26XXReverseLookupMask)
                  0000705e    00000022     sysbios.aem4f : BIOS.obj (.text:ti_sysbios_family_arm_cc26xx_Timer_postInit__I)
                  00007080    00000022     hello_pem4f.oem4f (.text:xdc_runtime_SysMin_output__I)
                  000070a2    00000002     sysbios.aem4f : BIOS.obj (.text:xdc_runtime_System_exitSpin__E)
                  000070a4    00000020     ti_drivers_config.obj (.text:Board_init)
                  000070c4    00000020     drivers_cc26x2.a : PINCC26XX.oem4f (.text:PINCC26XX_setIoCfgMux)
                  000070e4    00000020     rtsv7M4_T_le_v4SPD16_eabi.lib : memchr.c.obj (.text:memchr)
                  00007104    00000020     hello_pem4f.oem4f (.text:ti_sysbios_BIOS_rtsLock__I)
                  00007124    00000020     sysbios.aem4f : BIOS.obj (.text:ti_sysbios_family_arm_cc26xx_Timer_dynamicStub__E)
                  00007144    00000020                   : BIOS.obj (.text:ti_sysbios_family_arm_cc26xx_TimestampProvider_Module_startup__E)
                  00007164    00000020     hello_pem4f.oem4f (.text:ti_sysbios_gates_GateHwi_Object__delete__S)
                  00007184    00000020     hello_pem4f.oem4f (.text:ti_sysbios_heaps_HeapMem_Object__delete__S)
                  000071a4    00000020     sysbios.aem4f : BIOS.obj (.text:ti_sysbios_knl_Clock_getTicks__E)
                  000071c4    00000020                   : BIOS.obj (.text:ti_sysbios_knl_Clock_stop__E)
                  000071e4    00000020                   : BIOS.obj (.text:ti_sysbios_knl_Idle_run__E)
                  00007204    00000020     hello_pem4f.oem4f (.text:ti_sysbios_knl_Semaphore_destruct)
                  00007224    00000020     hello_pem4f.oem4f (.text:ti_uia_loggers_LoggerStopMode_Object__delete__S)
                  00007244    00000020     sysbios.aem4f : BIOS.obj (.text:xdc_runtime_SysMin_Module_startup__E)
                  00007264    0000001e     drivers_cc26x2.a : PINCC26XX.oem4f (.text:PIN_close)
                  00007282    0000001e                      : PowerCC26X2.oem4f (.text:Power_getTransitionLatency)
                  000072a0    0000001e     sysbios.aem4f : m3_Hwi_asm_switch.obj (.text:ti_sysbios_family_xxx_Hwi_switchAndRunFunc)
                  000072be    00000002     --HOLE-- [fill = 0]
                  000072c0    0000001c     driverlib.lib : chipinfo.obj (.text:NOROM_ChipInfo_GetChipFamily)
                  000072dc    0000001c     drivers_cc26x2.a : PINCC26XX.oem4f (.text:PIN_hwi)
                  000072f8    0000001c     dpl_cc26x2.a : PowerCC26X2_tirtos.oem4f (.text:PowerCC26XX_schedulerDisable)
                  00007314    0000001c                  : PowerCC26X2_tirtos.oem4f (.text:PowerCC26XX_schedulerRestore)
                  00007330    0000001c     rtsv7M4_T_le_v4SPD16_eabi.lib : memccpy.c.obj (.text:memccpy)
                  0000734c    0000001c     hello_pem4f.oem4f (.text:ti_sysbios_family_arm_m3_Hwi_destruct)
                  00007368    0000001c     sysbios.aem4f : BIOS.obj (.text:ti_sysbios_family_arm_m3_Hwi_excHandler__I)
                  00007384    0000001c                   : BIOS.obj (.text:ti_sysbios_family_arm_m3_Hwi_setPriority__E)
                  000073a0    0000001c                   : BIOS.obj (.text:ti_sysbios_gates_GateMutex_Instance_init__E)
                  000073bc    0000001c                   : BIOS.obj (.text:ti_sysbios_knl_Clock_scheduleNextTick__E)
                  000073d8    0000001c     hello_pem4f.oem4f (.text:ti_sysbios_knl_Queue_destruct)
                  000073f4    0000001c     sysbios.aem4f : BIOS.obj (.text:ti_sysbios_knl_Queue_put__E)
                  00007410    0000001c                   : BIOS.obj (.text:ti_sysbios_knl_Swi_construct2__E)
                  0000742c    0000001c                   : BIOS.obj (.text:ti_sysbios_knl_Task_enter__I)
                  00007448    0000001c     ti.uia.loggers.aem4f : LoggerStopMode.oem4f (.text:ti_uia_loggers_LoggerStopMode_Instance_init__E)
                  00007464    0000001c     sysbios.aem4f : BIOS.obj (.text:xdc_runtime_Error_check__E)
                  00007480    0000001c                   : BIOS.obj (.text:xdc_runtime_Error_raiseX__E)
                  0000749c    0000001c                   : BIOS.obj (.text:xdc_runtime_Memory_valloc__E)
                  000074b8    0000001c                   : BIOS.obj (.text:xdc_runtime_SysMin_exit__E)
                  000074d4    0000001c                   : BIOS.obj (.text:xdc_runtime_System_abort__E)
                  000074f0    0000001a     drivers_cc26x2.a : PowerCC26X2.oem4f (.text:PowerCC26XX_calibrate)
                  0000750a    0000001a     rtsv7M4_T_le_v4SPD16_eabi.lib : s_copysign.c.obj (.text:copysign)
                  00007524    0000001a     hello_pem4f.oem4f (.text:free)
                  0000753e    00000002     --HOLE-- [fill = 0]
                  00007540    00000018     driverlib.lib : chipinfo.obj (.text:NOROM_ChipInfo_GetPackageType)
                  00007558    00000018     drivers_cc26x2.a : PowerCC26X2.oem4f (.text:Power_idleFunc)
                  00007570    00000018     rtsv7M4_T_le_v4SPD16_eabi.lib : args_main.c.obj (.text:_args_main)
                  00007588    00000018                                   : ll_mul_t2.asm.obj (.text)
                  000075a0    00000018                                   : strcmp.c.obj (.text:strcmp)
                  000075b8    00000018     drivers_cc26x2.a : PowerCC26X2.oem4f (.text:switchToTCXO)
                  000075d0    00000018     hello_pem4f.oem4f (.text:ti_sysbios_BIOS_rtsUnlock__I)
                  000075e8    00000018     hello_pem4f.oem4f (.text:ti_sysbios_family_arm_cc26xx_Timer_Module__startupDone__F)
                  00007600    00000018     hello_pem4f.oem4f (.text:ti_sysbios_family_arm_m3_Hwi_Module__startupDone__F)
                  00007618    00000018     sysbios.aem4f : BIOS.obj (.text:ti_sysbios_family_arm_m3_Hwi_plug__E)
                  00007630    00000018                   : m3_TaskSupport_asm.obj (.text:ti_sysbios_family_arm_m3_TaskSupport_swap__E)
                  00007648    00000018                   : BIOS.obj (.text:ti_sysbios_gates_GateMutex_leave__E)
                  00007660    00000018                   : BIOS.obj (.text:ti_sysbios_knl_Swi_or__E)
                  00007678    00000018                   : BIOS.obj (.text:ti_sysbios_knl_Task_unblock__E)
                  00007690    00000018                   : BIOS.obj (.text:xdc_runtime_Error_init__E)
                  000076a8    00000018                   : BIOS.obj (.text:xdc_runtime_System_exit__E)
                  000076c0    00000018                   : BIOS.obj (.text:xdc_runtime_Text_ropeText__E)
                  000076d8    00000016     driverlib.lib : chipinfo.obj (.text:NOROM_ThisLibraryIsFor_CC13x2_CC26x2_HwRev20AndLater_HaltIfViolated)
                  000076ee    00000016     rtsv7M4_T_le_v4SPD16_eabi.lib : strchr.c.obj (.text:strchr)
                  00007704    00000016     hello_pem4f.oem4f (.text:ti_sysbios_BIOS_exitFunc__I)
                  0000771a    00000016     sysbios.aem4f : BIOS.obj (.text:ti_sysbios_family_arm_cc26xx_TimestampProvider_get64__E)
                  00007730    00000016                   : BIOS.obj (.text:ti_sysbios_knl_Clock_start__E)
                  00007746    00000016     ti.uia.loggers.aem4f : LoggerStopMode.oem4f (.text:ti_uia_loggers_LoggerStopMode_disable__E)
                  0000775c    00000016                          : LoggerStopMode.oem4f (.text:ti_uia_loggers_LoggerStopMode_enable__E)
                  00007772    00000002     --HOLE-- [fill = 0]
                  00007774    00000014     drivers_cc26x2.a : PINCC26XX.oem4f (.text:PINCC26XX_getPinCount)
                  00007788    00000014                      : PowerCC26X2_calibrateRCOSC.oem4f (.text:PowerCC26X2_calibrate)
                  0000779c    00000014     rtsv7M4_T_le_v4SPD16_eabi.lib : strcpy.c.obj (.text:strcpy)
                  000077b0    00000014                                   : strlen.c.obj (.text:strlen)
                  000077c4    00000014     sysbios.aem4f : BIOS.obj (.text:ti_sysbios_family_arm_cc26xx_Timer_getCount64__E)
                  000077d8    00000014     hello_pem4f.oem4f (.text:ti_sysbios_family_arm_m3_Hwi_Object__get__S)
                  000077ec    00000014     sysbios.aem4f : BIOS.obj (.text:ti_sysbios_family_arm_m3_Hwi_switchFromBootStack__E)
                  00007800    00000014     hello_pem4f.oem4f (.text:ti_sysbios_heaps_HeapMem_Object__get__S)
                  00007814    00000014     hello_pem4f.oem4f (.text:ti_sysbios_knl_Clock_doTick__I)
                  00007828    00000014     hello_pem4f.oem4f (.text:ti_sysbios_knl_Swi_Object__get__S)
                  0000783c    00000012     drivers_cc26x2.a : GPTimerCC26XX.oem4f (.text:GPTimerCC26XX_Params_init)
                  0000784e    00000012     dpl_cc26x2.a : SemaphoreP_tirtos.oem4f (.text:SemaphoreP_pend)
                  00007860    00000012     sysbios.aem4f : BIOS.obj (.text:ti_sysbios_hal_Hwi_Module_startup__E)
                  00007872    00000012     rtsv7M4_T_le_v4SPD16_eabi.lib : wcslen.c.obj (.text:wcslen)
                  00007884    00000012     hello_pem4f.oem4f (.text:xdc_runtime_Startup_exec__I)
                  00007896    00000010     dpl_cc26x2.a : HwiP_tirtos.oem4f (.text:HwiP_Params_init)
                  000078a6    00000010                  : SwiP_tirtos.oem4f (.text:SwiP_Params_init)
                  000078b6    00000010     drivers_cc26x2.a : TimerCC26XX.oem4f (.text:TimerSupport_timerFullWidth)
                  000078c6    00000002     --HOLE-- [fill = 0]
                  000078c8    00000010                      : Timer.oem4f (.text:Timer_Params_init)
                  000078d8    00000010     sysbios.aem4f : BIOS.obj (.text:ti_sysbios_BIOS_exit__E)
                  000078e8    00000010                   : BIOS.obj (.text:ti_sysbios_BIOS_getCpuFreq__E)
                  000078f8    00000010                   : BIOS.obj (.text:ti_sysbios_BIOS_setThreadType__E)
                  00007908    00000010                   : BIOS.obj (.text:ti_sysbios_BIOS_start__E)
                  00007918    00000010                   : m3_TaskSupport_asm.obj (.text:ti_sysbios_family_arm_m3_TaskSupport_glue)
                  00007928    00000010                   : BIOS.obj (.text:ti_sysbios_gates_GateMutex_Instance_finalize__E)
                  00007938    00000010                   : BIOS.obj (.text:ti_sysbios_knl_Semaphore_Instance_finalize__E)
                  00007948    00000010                   : BIOS.obj (.text:ti_sysbios_knl_Swi_disable__E)
                  00007958    00000010                   : BIOS.obj (.text:ti_sysbios_knl_Swi_enabled__E)
                  00007968    00000010     hello_pem4f.oem4f (.text:ti_sysbios_knl_Task_Object__get__S)
                  00007978    00000010     sysbios.aem4f : BIOS.obj (.text:ti_sysbios_knl_Task_disable__E)
                  00007988    00000010     hello_pem4f.oem4f (.text:ti_uia_loggers_LoggerStopMode_Object__get__S)
                  00007998    00000010     ti.uia.loggers.aem4f : LoggerStopMode.oem4f (.text:ti_uia_loggers_LoggerStopMode_isEmpty__E)
                  000079a8    00000010     sysbios.aem4f : BIOS.obj (.text:xdc_runtime_Gate_leaveSystem__E)
                  000079b8    00000010                   : BIOS.obj (.text:xdc_runtime_Memory_free__E)
                  000079c8    0000000e     rtsv7M4_T_le_v4SPD16_eabi.lib : copy_decompress_none.c.obj (.text:decompress:none:__TI_decompress_none)
                  000079d6    0000000e     sysbios.aem4f : BIOS.obj (.text:ti_sysbios_heaps_HeapMem_restore__E)
                  000079e4    0000000e                   : BIOS.obj (.text:ti_sysbios_knl_Queue_empty__E)
                  000079f2    0000000e                   : BIOS.obj (.text:ti_sysbios_knl_Queue_remove__E)
                  00007a00    0000000e     hello.obj (.text:timerISR)
                  00007a0e    00000002     --HOLE-- [fill = 0]
                  00007a10    0000000c     dpl_cc26x2.a : ClockP_tirtos.oem4f (.text:ClockP_getSystemTickPeriod)
                  00007a1c    0000000c     driverlib.lib : cpu.obj (.text:NOROM_CPUcpsid)
                  00007a28    0000000c                   : cpu.obj (.text:NOROM_CPUcpsie)
                  00007a34    0000000c     drivers_cc26x2.a : PowerCC26X2.oem4f (.text:Power_getConstraintMask)
                  00007a40    0000000c                      : PowerCC26X2.oem4f (.text:Power_getDependencyCount)
                  00007a4c    0000000c                      : TimerCC26XX.oem4f (.text:TimerSupport_timerLoad)
                  00007a58    0000000c     rtsv7M4_T_le_v4SPD16_eabi.lib : _lock.c.obj (.text:_register_lock)
                  00007a64    0000000c                                   : _lock.c.obj (.text:_register_unlock)
                  00007a70    0000000c                                   : copy_zero_init.c.obj (.text:decompress:ZI:__TI_zero_init)
                  00007a7c    0000000c     hello_pem4f.oem4f (.text:ti_sysbios_family_arm_m3_Hwi_Params__init__S)
                  00007a88    0000000c     sysbios.aem4f : BIOS.obj (.text:ti_sysbios_family_arm_m3_Hwi_disableFxn__E)
                  00007a94    0000000c                   : BIOS.obj (.text:ti_sysbios_gates_GateHwi_enter__E)
                  00007aa0    0000000c     hello_pem4f.oem4f (.text:ti_sysbios_knl_Clock_Params__init__S)
                  00007aac    0000000c     sysbios.aem4f : BIOS.obj (.text:ti_sysbios_knl_Clock_getTimerHandle__E)
                  00007ab8    0000000c     hello_pem4f.oem4f (.text:ti_sysbios_knl_Queue_Object__get__S)
                  00007ac4    0000000c     sysbios.aem4f : BIOS.obj (.text:ti_sysbios_knl_Queue_dequeue__E)
                  00007ad0    0000000c                   : BIOS.obj (.text:ti_sysbios_knl_Queue_enqueue__E)
                  00007adc    0000000c     hello_pem4f.oem4f (.text:ti_sysbios_knl_Semaphore_Params__init__S)
                  00007ae8    0000000c     hello_pem4f.oem4f (.text:ti_sysbios_knl_Swi_Params__init__S)
                  00007af4    0000000c     sysbios.aem4f : BIOS.obj (.text:ti_sysbios_knl_Swi_getTrigger__E)
                  00007b00    0000000c                   : BIOS.obj (.text:ti_sysbios_knl_Task_self__E)
                  00007b0c    0000000c                   : BIOS.obj (.text:xdc_runtime_Gate_enterSystem__E)
                  00007b18    0000000c                   : BIOS.obj (.text:xdc_runtime_Memory_calloc__E)
                  00007b24    0000000c                   : BIOS.obj (.text:xdc_runtime_Memory_getMaxDefaultTypeAlign__E)
                  00007b30    0000000c                   : BIOS.obj (.text:xdc_runtime_Startup_rtsDone__E)
                  00007b3c    0000000a     dpl_cc26x2.a : ClockP_tirtos.oem4f (.text:ClockP_Params_init)
                  00007b46    0000000a     drivers_cc26x2.a : TimerCC26XX.oem4f (.text:TimerSupport_timerDisable)
                  00007b50    0000000a                      : TimerCC26XX.oem4f (.text:TimerSupport_timerEnable)
                  00007b5a    0000000a     hello_pem4f.oem4f (.text:xdc_runtime_IHeap_alloc)
                  00007b64    0000000a     hello_pem4f.oem4f (.text:xdc_runtime_IHeap_free)
                  00007b6e    00000008     drivers_cc26x2.a : GPTimerCC26XX.oem4f (.text:GPTimerCC26XX_setLoadValue)
                  00007b76    00000002     --HOLE-- [fill = 0]
                  00007b78    00000008     rtsv7M4_T_le_v4SPD16_eabi.lib : errno.c.obj (.text:__aeabi_errno_addr)
                  00007b80    00000008     sysbios.aem4f : BIOS.obj (.text:ti_sysbios_family_arm_m3_Hwi_doSwiRestore__I)
                  00007b88    00000008                   : BIOS.obj (.text:ti_sysbios_family_arm_m3_Hwi_startup__E)
                  00007b90    00000008                   : BIOS.obj (.text:ti_sysbios_knl_Idle_loop__E)
                  00007b98    00000006     drivers_cc26x2.a : GPTimerCC26XX.oem4f (.text:GPTimerCC26XX_getArg)
                  00007b9e    00000006                      : GPTimerCC26XX.oem4f (.text:GPTimerCC26XX_setArg)
                  00007ba4    00000006     driverlib.lib : cpu.obj (.text:NOROM_CPUdelay)
                  00007baa    00000006     drivers_cc26x2.a : PowerCC26X2.oem4f (.text:delayUs)
                  00007bb0    00000006     sysbios.aem4f : BIOS.obj (.text:ti_sysbios_family_arm_m3_Hwi_doTaskRestore__I)
                  00007bb6    00000006                   : BIOS.obj (.text:ti_sysbios_family_arm_m3_Hwi_restoreFxn__E)
                  00007bbc    00000006                   : BIOS.obj (.text:ti_sysbios_gates_GateHwi_leave__E)
                  00007bc2    00000006                   : BIOS.obj (.text:ti_sysbios_heaps_HeapMem_isBlocking__E)
                  00007bc8    00000006                   : BIOS.obj (.text:ti_sysbios_knl_Queue_Instance_init__E)
                  00007bce    00000006                   : BIOS.obj (.text:ti_sysbios_knl_Queue_elemClear__E)
                  00007bd4    00000006                   : BIOS.obj (.text:ti_sysbios_knl_Swi_startup__E)
                  00007bda    00000006                   : BIOS.obj (.text:xdc_runtime_System_Module_startup__E)
                  00007be0    00000004     dpl_cc26x2.a : PowerCC26X2_tirtos.oem4f (.text:CPUwfi)
                  00007be4    00000004                  : ClockP_tirtos.oem4f (.text:ClockP_getCpuFreq)
                  00007be8    00000004                  : ClockP_tirtos.oem4f (.text:ClockP_start)
                  00007bec    00000004                  : ClockP_tirtos.oem4f (.text:ClockP_stop)
                  00007bf0    00000004                  : HwiP_tirtos.oem4f (.text:HwiP_destruct)
                  00007bf4    00000004                  : HwiP_tirtos.oem4f (.text:HwiP_disable)
                  00007bf8    00000004                  : SemaphoreP_tirtos.oem4f (.text:SemaphoreP_destruct)
                  00007bfc    00000004                  : SemaphoreP_tirtos.oem4f (.text:SemaphoreP_post)
                  00007c00    00000004                  : SwiP_tirtos.oem4f (.text:SwiP_getTrigger)
                  00007c04    00000004                  : SwiP_tirtos.oem4f (.text:SwiP_or)
                  00007c08    00000004     rtsv7M4_T_le_v4SPD16_eabi.lib : printf.c.obj (.text:_outc)
                  00007c0c    00000004                                   : printf.c.obj (.text:_outs)
                  00007c10    00000004     drivers_cc26x2.a : PowerCC26X2.oem4f (.text:configureRFCoreClocks)
                  00007c14    00000004                      : PowerCC26X2.oem4f (.text:nopResourceHandler)
                  00007c18    00000004     hello_pem4f.oem4f (.text:ti_sysbios_BIOS_RtsGateProxy_enter__E)
                  00007c1c    00000004     hello_pem4f.oem4f (.text:ti_sysbios_BIOS_RtsGateProxy_leave__E)
                  00007c20    00000004     sysbios.aem4f : BIOS.obj (.text:ti_sysbios_family_arm_cc26xx_Timer_setPeriod__E)
                  00007c24    00000004     hello_pem4f.oem4f (.text:ti_sysbios_family_arm_m3_TaskSupport_Module__startupDone__S)
                  00007c28    00000004     sysbios.aem4f : BIOS.obj (.text:ti_sysbios_gates_GateHwi_query__E)
                  00007c2c    00000004                   : BIOS.obj (.text:ti_sysbios_gates_GateMutex_query__E)
                  00007c30    00000004     hello_pem4f.oem4f (.text:ti_sysbios_heaps_HeapMem_Module_GateProxy_enter__E)
                  00007c34    00000004     hello_pem4f.oem4f (.text:ti_sysbios_heaps_HeapMem_Module_GateProxy_leave__E)
                  00007c38    00000004     hello_pem4f.oem4f (.text:ti_sysbios_knl_Clock_TimerProxy_getCurrentTick__E)
                  00007c3c    00000004     hello_pem4f.oem4f (.text:ti_sysbios_knl_Clock_TimerProxy_getMaxTicks__E)
                  00007c40    00000004     hello_pem4f.oem4f (.text:ti_sysbios_knl_Clock_TimerProxy_setNextTick__E)
                  00007c44    00000004     sysbios.aem4f : BIOS.obj (.text:ti_sysbios_knl_Clock_removeI__E)
                  00007c48    00000004                   : BIOS.obj (.text:ti_sysbios_knl_Clock_setTimeout__E)
                  00007c4c    00000004                   : BIOS.obj (.text:ti_sysbios_knl_Queue_head__E)
                  00007c50    00000004                   : BIOS.obj (.text:ti_sysbios_knl_Queue_next__E)
                  00007c54    00000004                   : BIOS.obj (.text:ti_sysbios_knl_Queue_prev__E)
                  00007c58    00000004                   : BIOS.obj (.text:ti_sysbios_knl_Swi_postInit__I)
                  00007c5c    00000004                   : BIOS.obj (.text:ti_sysbios_knl_Task_startup__E)
                  00007c60    00000004     ti.uia.loggers.aem4f : LoggerStopMode.oem4f (.text:ti_uia_loggers_LoggerStopMode_getContents__E)
                  00007c64    00000004     hello_pem4f.oem4f (.text:ti_uia_loggers_LoggerStopMode_getFilterLevel__E)
                  00007c68    00000004     ti.uia.loggers.aem4f : LoggerStopMode.oem4f (.text:ti_uia_loggers_LoggerStopMode_getInstanceId__E)
                  00007c6c    00000004                          : LoggerStopMode.oem4f (.text:ti_uia_loggers_LoggerStopMode_getMaxLength__E)
                  00007c70    00000004                          : LoggerStopMode.oem4f (.text:ti_uia_loggers_LoggerStopMode_getPriority__E)
                  00007c74    00000004                          : LoggerStopMode.oem4f (.text:ti_uia_loggers_LoggerStopMode_getTransferType__E)
                  00007c78    00000004     hello_pem4f.oem4f (.text:xdc_runtime_System_Module_GateProxy_enter__E)
                  00007c7c    00000004     hello_pem4f.oem4f (.text:xdc_runtime_System_Module_GateProxy_leave__E)

.const     0    00007c80    00000752     
                  00007c80    00000101     rtsv7M4_T_le_v4SPD16_eabi.lib : ctype.c.obj (.const:.string:_ctypes_)
                  00007d81    00000001     hello_pem4f.oem4f (.const:xdc_runtime_Error_policy__C)
                  00007d82    00000002     hello_pem4f.oem4f (.const:ti_sysbios_family_arm_cc26xx_TimestampProvider_useClockTimer__C)
                  00007d84    00000060     hello_pem4f.oem4f (.const:ti_uia_loggers_LoggerStopMode_Module__FXNS__C)
                  00007de4    00000054     drivers_cc26x2.a : PowerCC26X2.oem4f (.const:resourceDB)
                  00007e38    00000030     hello_pem4f.oem4f (.const:ti_sysbios_family_arm_m3_Hwi_Object__PARAMS__C)
                  00007e68    00000028     hello_pem4f.oem4f (.const:ti_sysbios_heaps_HeapMem_Module__FXNS__C)
                  00007e90    00000028     hello_pem4f.oem4f (.const:ti_sysbios_knl_Swi_Object__PARAMS__C)
                  00007eb8    00000028     hello_pem4f.oem4f (.const:ti_uia_loggers_LoggerStopMode_Object__PARAMS__C)
                  00007ee0    00000028     hello_pem4f.oem4f (.const:xdc_runtime_Startup_sfxnTab__A)
                  00007f08    00000024     hello_pem4f.oem4f (.const:ti_sysbios_gates_GateHwi_Module__FXNS__C)
                  00007f2c    00000024     hello_pem4f.oem4f (.const:ti_sysbios_gates_GateMutex_Module__FXNS__C)
                  00007f50    00000024     hello_pem4f.oem4f (.const:ti_sysbios_heaps_HeapMem_Object__PARAMS__C)
                  00007f74    00000024     hello_pem4f.oem4f (.const:ti_sysbios_knl_Clock_Object__PARAMS__C)
                  00007f98    00000024     hello_pem4f.oem4f (.const:ti_sysbios_knl_Semaphore_Object__PARAMS__C)
                  00007fbc    00000020     hello_pem4f.oem4f (.const:ti_sysbios_family_arm_m3_Hwi_Object__DESC__C)
                  00007fdc    00000020     hello_pem4f.oem4f (.const:ti_sysbios_gates_GateHwi_Object__DESC__C)
                  00007ffc    00000020     hello_pem4f.oem4f (.const:ti_sysbios_gates_GateMutex_Object__DESC__C)
                  0000801c    00000020     hello_pem4f.oem4f (.const:ti_sysbios_heaps_HeapMem_Object__DESC__C)
                  0000803c    00000020     hello_pem4f.oem4f (.const:ti_sysbios_knl_Clock_Object__DESC__C)
                  0000805c    00000020     hello_pem4f.oem4f (.const:ti_sysbios_knl_Queue_Object__DESC__C)
                  0000807c    00000020     hello_pem4f.oem4f (.const:ti_sysbios_knl_Semaphore_Object__DESC__C)
                  0000809c    00000020     hello_pem4f.oem4f (.const:ti_sysbios_knl_Swi_Object__DESC__C)
                  000080bc    00000020     hello_pem4f.oem4f (.const:ti_uia_loggers_LoggerStopMode_Object__DESC__C)
                  000080dc    0000001c     drivers_cc26x2.a : GPTimerCC26XX.oem4f (.const:GPT_LUT)
                  000080f8    00000018     hello_pem4f.oem4f (.const:ti_sysbios_gates_GateHwi_Object__PARAMS__C)
                  00008110    00000018     hello_pem4f.oem4f (.const:ti_sysbios_gates_GateMutex_Object__PARAMS__C)
                  00008128    00000018     hello_pem4f.oem4f (.const:ti_sysbios_knl_Queue_Object__PARAMS__C)
                  00008140    00000014     ti_drivers_config.obj (.const:$P$T1$2)
                  00008154    00000014     ti_drivers_config.obj (.const:GPIOCC26XX_config)
                  00008168    00000014     ti_drivers_config.obj (.const:PowerCC26X2_config)
                  0000817c    00000014     hello_pem4f.oem4f (.const:xdc_runtime_Startup_sfxnRts__A)
                  00008190    00000010     ti_drivers_config.obj (.const:timerCC26XXHWAttrs)
                  000081a0    0000000c     ti_drivers_config.obj (.const:GPTimerCC26XX_config)
                  000081ac    0000000c     drivers_cc26x2.a : Timer.oem4f (.const:defaultParams)
                  000081b8    0000000c                      : TimerCC26XX.oem4f (.const:defaultParams)
                  000081c4    0000000c     ti_drivers_config.obj (.const:gptimerCC26XXHWAttrs)
                  000081d0    0000000c     hello_pem4f.oem4f (.const:xdc_runtime_Startup_firstFxns__A)
                  000081dc    00000008     driverlib.lib : aux_sysif.obj (.const:$O1$$)
                  000081e4    00000008     ti_drivers_config.obj (.const:$P$T0$1)
                  000081ec    00000008     ti_drivers_config.obj (.const:BoardGpioInitTable)
                  000081f4    00000008     drivers_cc26x2.a : GPTimerCC26XX.oem4f (.const:GPT_DefaultParams)
                  000081fc    00000008     ti_drivers_config.obj (.const:PINCC26XX_hwAttrs)
                  00008204    00000008     ti_drivers_config.obj (.const:Timer_config)
                  0000820c    00000008     hello_pem4f.oem4f (.const:ti_sysbios_knl_Idle_funcList__C)
                  00008214    00000008     hello_pem4f.oem4f (.const:xdc_runtime_Startup_firstFxns__C)
                  0000821c    00000008     hello_pem4f.oem4f (.const:xdc_runtime_Startup_lastFxns__C)
                  00008224    00000005     ti_drivers_config.obj (.const)
                  00008229    00000001     hello_pem4f.oem4f (.const:xdc_runtime_Text_charTab__A)
                  0000822a    00000002     hello_pem4f.oem4f (.const:ti_sysbios_family_arm_m3_Hwi_Module__id__C)
                  0000822c    00000004     hello_pem4f.oem4f (.const:ti_sysbios_family_arm_cc26xx_Timer_funcHookCH1__C)
                  00008230    00000004     hello_pem4f.oem4f (.const:ti_sysbios_family_arm_cc26xx_Timer_funcHookCH2__C)
                  00008234    00000004     hello_pem4f.oem4f (.const:ti_sysbios_family_arm_cc26xx_Timer_startupNeeded__C)
                  00008238    00000004     hello_pem4f.oem4f (.const:ti_sysbios_family_arm_m3_Hwi_E_alreadyDefined__C)
                  0000823c    00000004     hello_pem4f.oem4f (.const:ti_sysbios_family_arm_m3_Hwi_E_badIntNum__C)
                  00008240    00000004     hello_pem4f.oem4f (.const:ti_sysbios_family_arm_m3_Hwi_LD_end__C)
                  00008244    00000004     hello_pem4f.oem4f (.const:ti_sysbios_family_arm_m3_Hwi_LM_begin__C)
                  00008248    00000004     hello_pem4f.oem4f (.const:ti_sysbios_family_arm_m3_Hwi_Module__diagsEnabled__C)
                  0000824c    00000004     hello_pem4f.oem4f (.const:ti_sysbios_family_arm_m3_Hwi_Module__diagsIncluded__C)
                  00008250    00000004     hello_pem4f.oem4f (.const:ti_sysbios_family_arm_m3_Hwi_Module__diagsMask__C)
                  00008254    00000004     hello_pem4f.oem4f (.const:ti_sysbios_family_arm_m3_Hwi_Module__loggerFxn1__C)
                  00008258    00000004     hello_pem4f.oem4f (.const:ti_sysbios_family_arm_m3_Hwi_Module__loggerFxn8__C)
                  0000825c    00000004     hello_pem4f.oem4f (.const:ti_sysbios_family_arm_m3_Hwi_Module__loggerObj__C)
                  00008260    00000004     hello_pem4f.oem4f (.const:ti_sysbios_family_arm_m3_Hwi_NUM_INTERRUPTS__C)
                  00008264    00000004     hello_pem4f.oem4f (.const:ti_sysbios_family_arm_m3_Hwi_Object__count__C)
                  00008268    00000004     hello_pem4f.oem4f (.const:ti_sysbios_family_arm_m3_Hwi_ccr__C)
                  0000826c    00000004     hello_pem4f.oem4f (.const:ti_sysbios_family_arm_m3_Hwi_excHandlerFunc__C)
                  00008270    00000004     hello_pem4f.oem4f (.const:ti_sysbios_family_arm_m3_Hwi_nullIsrFunc__C)
                  00008274    00000004     hello_pem4f.oem4f (.const:ti_sysbios_family_arm_m3_Hwi_priGroup__C)
                  00008278    00000004     hello_pem4f.oem4f (.const:ti_sysbios_gates_GateMutex_Instance_State_sem__O)
                  0000827c    00000004     hello_pem4f.oem4f (.const:ti_sysbios_heaps_HeapMem_E_memory__C)
                  00008280    00000004     hello_pem4f.oem4f (.const:ti_sysbios_heaps_HeapMem_Module__gateObj__C)
                  00008284    00000004     hello_pem4f.oem4f (.const:ti_sysbios_heaps_HeapMem_Object__count__C)
                  00008288    00000004     hello_pem4f.oem4f (.const:ti_sysbios_heaps_HeapMem_primaryHeapBaseAddr__C)
                  0000828c    00000004     hello_pem4f.oem4f (.const:ti_sysbios_heaps_HeapMem_primaryHeapEndAddr__C)
                  00008290    00000004     hello_pem4f.oem4f (.const:ti_sysbios_heaps_HeapMem_reqAlign__C)
                  00008294    00000004     hello_pem4f.oem4f (.const:ti_sysbios_knl_Clock_LM_begin__C)
                  00008298    00000004     hello_pem4f.oem4f (.const:ti_sysbios_knl_Clock_LM_tick__C)
                  0000829c    00000004     hello_pem4f.oem4f (.const:ti_sysbios_knl_Clock_Module_State_clockQ__O)
                  000082a0    00000004     hello_pem4f.oem4f (.const:ti_sysbios_knl_Clock_Module__diagsEnabled__C)
                  000082a4    00000004     hello_pem4f.oem4f (.const:ti_sysbios_knl_Clock_Module__diagsIncluded__C)
                  000082a8    00000004     hello_pem4f.oem4f (.const:ti_sysbios_knl_Clock_Module__diagsMask__C)
                  000082ac    00000004     hello_pem4f.oem4f (.const:ti_sysbios_knl_Clock_Module__loggerFxn1__C)
                  000082b0    00000004     hello_pem4f.oem4f (.const:ti_sysbios_knl_Clock_Module__loggerFxn2__C)
                  000082b4    00000004     hello_pem4f.oem4f (.const:ti_sysbios_knl_Clock_Module__loggerObj__C)
                  000082b8    00000004     hello_pem4f.oem4f (.const:ti_sysbios_knl_Clock_tickPeriod__C)
                  000082bc    00000004     hello_pem4f.oem4f (.const:ti_sysbios_knl_Clock_triggerClock__C)
                  000082c0    00000004     hello_pem4f.oem4f (.const:ti_sysbios_knl_Idle_funcList__A)
                  000082c4    00000004     hello_pem4f.oem4f (.const:ti_sysbios_knl_Semaphore_Instance_State_pendQ__O)
                  000082c8    00000004     hello_pem4f.oem4f (.const:ti_sysbios_knl_Semaphore_LM_pend__C)
                  000082cc    00000004     hello_pem4f.oem4f (.const:ti_sysbios_knl_Semaphore_LM_post__C)
                  000082d0    00000004     hello_pem4f.oem4f (.const:ti_sysbios_knl_Semaphore_Module__diagsEnabled__C)
                  000082d4    00000004     hello_pem4f.oem4f (.const:ti_sysbios_knl_Semaphore_Module__diagsIncluded__C)
                  000082d8    00000004     hello_pem4f.oem4f (.const:ti_sysbios_knl_Semaphore_Module__diagsMask__C)
                  000082dc    00000004     hello_pem4f.oem4f (.const:ti_sysbios_knl_Semaphore_Module__loggerFxn2__C)
                  000082e0    00000004     hello_pem4f.oem4f (.const:ti_sysbios_knl_Semaphore_Module__loggerFxn4__C)
                  000082e4    00000004     hello_pem4f.oem4f (.const:ti_sysbios_knl_Semaphore_Module__loggerObj__C)
                  000082e8    00000004     hello_pem4f.oem4f (.const:ti_sysbios_knl_Swi_LD_end__C)
                  000082ec    00000004     hello_pem4f.oem4f (.const:ti_sysbios_knl_Swi_LM_begin__C)
                  000082f0    00000004     hello_pem4f.oem4f (.const:ti_sysbios_knl_Swi_LM_post__C)
                  000082f4    00000004     hello_pem4f.oem4f (.const:ti_sysbios_knl_Swi_Module__diagsEnabled__C)
                  000082f8    00000004     hello_pem4f.oem4f (.const:ti_sysbios_knl_Swi_Module__diagsIncluded__C)
                  000082fc    00000004     hello_pem4f.oem4f (.const:ti_sysbios_knl_Swi_Module__diagsMask__C)
                  00008300    00000004     hello_pem4f.oem4f (.const:ti_sysbios_knl_Swi_Module__loggerFxn1__C)
                  00008304    00000004     hello_pem4f.oem4f (.const:ti_sysbios_knl_Swi_Module__loggerFxn4__C)
                  00008308    00000004     hello_pem4f.oem4f (.const:ti_sysbios_knl_Swi_Module__loggerObj__C)
                  0000830c    00000004     hello_pem4f.oem4f (.const:ti_sysbios_knl_Swi_Object__count__C)
                  00008310    00000004     hello_pem4f.oem4f (.const:ti_sysbios_knl_Swi_numPriorities__C)
                  00008314    00000004     hello_pem4f.oem4f (.const:ti_sysbios_knl_Task_LD_block__C)
                  00008318    00000004     hello_pem4f.oem4f (.const:ti_sysbios_knl_Task_LD_exit__C)
                  0000831c    00000004     hello_pem4f.oem4f (.const:ti_sysbios_knl_Task_LD_ready__C)
                  00008320    00000004     hello_pem4f.oem4f (.const:ti_sysbios_knl_Task_LM_switch__C)
                  00008324    00000004     hello_pem4f.oem4f (.const:ti_sysbios_knl_Task_Module_State_inactiveQ__O)
                  00008328    00000004     hello_pem4f.oem4f (.const:ti_sysbios_knl_Task_Module__diagsEnabled__C)
                  0000832c    00000004     hello_pem4f.oem4f (.const:ti_sysbios_knl_Task_Module__diagsIncluded__C)
                  00008330    00000004     hello_pem4f.oem4f (.const:ti_sysbios_knl_Task_Module__diagsMask__C)
                  00008334    00000004     hello_pem4f.oem4f (.const:ti_sysbios_knl_Task_Module__loggerFxn2__C)
                  00008338    00000004     hello_pem4f.oem4f (.const:ti_sysbios_knl_Task_Module__loggerFxn4__C)
                  0000833c    00000004     hello_pem4f.oem4f (.const:ti_sysbios_knl_Task_Module__loggerObj__C)
                  00008340    00000004     hello_pem4f.oem4f (.const:ti_sysbios_knl_Task_Object__count__C)
                  00008344    00000004     hello_pem4f.oem4f (.const:ti_sysbios_knl_Task_allBlockedFunc__C)
                  00008348    00000004     hello_pem4f.oem4f (.const:ti_sysbios_knl_Task_numConstructedTasks__C)
                  0000834c    00000004     hello_pem4f.oem4f (.const:ti_uia_loggers_LoggerStopMode_Module__diagsEnabled__C)
                  00008350    00000004     hello_pem4f.oem4f (.const:ti_uia_loggers_LoggerStopMode_Module__diagsIncluded__C)
                  00008354    00000004     hello_pem4f.oem4f (.const:ti_uia_loggers_LoggerStopMode_Module__diagsMask__C)
                  00008358    00000004     hello_pem4f.oem4f (.const:ti_uia_loggers_LoggerStopMode_Object__count__C)
                  0000835c    00000004     hello_pem4f.oem4f (.const:ti_uia_runtime_ILoggerSnapshot_Interface__BASE__C)
                  00008360    00000004     hello_pem4f.oem4f (.const:ti_uia_runtime_IUIATransfer_Interface__BASE__C)
                  00008364    00000004     hello_pem4f.oem4f (.const:xdc_runtime_Assert_E_assertFailed__C)
                  00008368    00000004     hello_pem4f.oem4f (.const:xdc_runtime_Error_E_memory__C)
                  0000836c    00000004     hello_pem4f.oem4f (.const:xdc_runtime_Error_policyFxn__C)
                  00008370    00000004     hello_pem4f.oem4f (.const:xdc_runtime_IFilterLogger_Interface__BASE__C)
                  00008374    00000004     hello_pem4f.oem4f (.const:xdc_runtime_IGateProvider_Interface__BASE__C)
                  00008378    00000004     hello_pem4f.oem4f (.const:xdc_runtime_IHeap_Interface__BASE__C)
                  0000837c    00000004     hello_pem4f.oem4f (.const:xdc_runtime_ILogger_Interface__BASE__C)
                  00008380    00000004     hello_pem4f.oem4f (.const:xdc_runtime_IModule_Interface__BASE__C)
                  00008384    00000004     hello_pem4f.oem4f (.const:xdc_runtime_Memory_defaultHeapInstance__C)
                  00008388    00000004     hello_pem4f.oem4f (.const:xdc_runtime_Startup_execImpl__C)
                  0000838c    00000004     hello_pem4f.oem4f (.const:xdc_runtime_Startup_maxPasses__C)
                  00008390    00000004     hello_pem4f.oem4f (.const:xdc_runtime_Startup_sfxnRts__C)
                  00008394    00000004     hello_pem4f.oem4f (.const:xdc_runtime_Startup_sfxnTab__C)
                  00008398    00000004     hello_pem4f.oem4f (.const:xdc_runtime_SysMin_bufSize__C)
                  0000839c    00000004     hello_pem4f.oem4f (.const:xdc_runtime_SysMin_outputFunc__C)
                  000083a0    00000004     hello_pem4f.oem4f (.const:xdc_runtime_System_Module__gateObj__C)
                  000083a4    00000004     hello_pem4f.oem4f (.const:xdc_runtime_System_abortFxn__C)
                  000083a8    00000004     hello_pem4f.oem4f (.const:xdc_runtime_System_exitFxn__C)
                  000083ac    00000004     hello_pem4f.oem4f (.const:xdc_runtime_System_maxAtexitHandlers__C)
                  000083b0    00000004     hello_pem4f.oem4f (.const:xdc_runtime_Text_charTab__C)
                  000083b4    00000002     hello_pem4f.oem4f (.const:ti_sysbios_family_arm_m3_Hwi_Module__loggerDefined__C)
                  000083b6    00000002     hello_pem4f.oem4f (.const:ti_sysbios_heaps_HeapMem_Module__id__C)
                  000083b8    00000002     hello_pem4f.oem4f (.const:ti_sysbios_knl_Clock_Module__id__C)
                  000083ba    00000002     hello_pem4f.oem4f (.const:ti_sysbios_knl_Clock_Module__loggerDefined__C)
                  000083bc    00000002     hello_pem4f.oem4f (.const:ti_sysbios_knl_Semaphore_Module__id__C)
                  000083be    00000002     hello_pem4f.oem4f (.const:ti_sysbios_knl_Semaphore_Module__loggerDefined__C)
                  000083c0    00000002     hello_pem4f.oem4f (.const:ti_sysbios_knl_Swi_Module__id__C)
                  000083c2    00000002     hello_pem4f.oem4f (.const:ti_sysbios_knl_Swi_Module__loggerDefined__C)
                  000083c4    00000002     hello_pem4f.oem4f (.const:ti_sysbios_knl_Task_Module__id__C)
                  000083c6    00000002     hello_pem4f.oem4f (.const:ti_sysbios_knl_Task_Module__loggerDefined__C)
                  000083c8    00000002     hello_pem4f.oem4f (.const:ti_uia_loggers_LoggerStopMode_Module__id__C)
                  000083ca    00000002     hello_pem4f.oem4f (.const:ti_uia_loggers_LoggerStopMode_isTimestampEnabled__C)
                  000083cc    00000002     hello_pem4f.oem4f (.const:xdc_runtime_Memory_Module__id__C)
                  000083ce    00000002     hello_pem4f.oem4f (.const:xdc_runtime_SysMin_flushAtExit__C)
                  000083d0    00000002     hello_pem4f.oem4f (.const:xdc_runtime_Text_isLoaded__C)

MODULE SUMMARY

       Module                             code    ro data   rw data
       ------                             ----    -------   -------
    .\
       hello.obj                          162     0         0      
    +--+----------------------------------+-------+---------+---------+
       Total:                             162     0         0      
                                                                   
    .\syscfg\
       ti_drivers_config.obj              306     137       224    
       ti_devices_config.obj              0       88        0      
    +--+----------------------------------+-------+---------+---------+
       Total:                             306     225       224    
                                                                   
    D:\ccsWorkspace\hello_CC26X2R1_LAUNCHXL_tirtos_ccs\Debug\configPkg\package\cfg\
       hello_pem4f.oem4f                  3050    1388      4542   
    +--+----------------------------------+-------+---------+---------+
       Total:                             3050    1388      4542   
                                                                   
    C:/ti/simplelink_cc13x2_26x2_sdk_5_10_00_48/kernel/tirtos/packages/ti/dpl/lib/ccs/m4f/dpl_cc26x2.a
[...]
00007eb8  ti_uia_loggers_LoggerStopMode_Object__PARAMS__C                    
00007ee0  xdc_runtime_Startup_sfxnTab__A                                     
00007f08  ti_sysbios_gates_GateHwi_Module__FXNS__C                           
00007f2c  ti_sysbios_gates_GateMutex_Module__FXNS__C                         
00007f50  ti_sysbios_heaps_HeapMem_Object__PARAMS__C                         
00007f74  ti_sysbios_knl_Clock_Object__PARAMS__C                             
00007f98  ti_sysbios_knl_Semaphore_Object__PARAMS__C                         
00007fbc  ti_sysbios_family_arm_m3_Hwi_Object__DESC__C                       
00007fdc  ti_sysbios_gates_GateHwi_Object__DESC__C                           
00007ffc  ti_sysbios_gates_GateMutex_Object__DESC__C                         
0000801c  ti_sysbios_heaps_HeapMem_Object__DESC__C                           
0000803c  ti_sysbios_knl_Clock_Object__DESC__C                               
0000805c  ti_sysbios_knl_Queue_Object__DESC__C                               
0000807c  ti_sysbios_knl_Semaphore_Object__DESC__C                           
0000809c  ti_sysbios_knl_Swi_Object__DESC__C                                 
000080bc  ti_uia_loggers_LoggerStopMode_Object__DESC__C                      
000080f8  ti_sysbios_gates_GateHwi_Object__PARAMS__C                         
00008110  ti_sysbios_gates_GateMutex_Object__PARAMS__C                       
00008128  ti_sysbios_knl_Queue_Object__PARAMS__C                             
00008154  GPIOCC26XX_config                                                  
00008168  PowerCC26X2_config                                                 
0000817c  xdc_runtime_Startup_sfxnRts__A                                     
00008190  timerCC26XXHWAttrs                                                 
000081a0  GPTimerCC26XX_config                                               
000081c4  gptimerCC26XXHWAttrs                                               
000081d0  xdc_runtime_Startup_firstFxns__A                                   
000081ec  BoardGpioInitTable                                                 
000081fc  PINCC26XX_hwAttrs                                                  
00008204  Timer_config                                                       
0000820c  ti_sysbios_knl_Idle_funcList__C                                    
00008214  xdc_runtime_Startup_firstFxns__C                                   
0000821c  xdc_runtime_Startup_lastFxns__C                                    
00008224  CONFIG_GPIO_LED1_CONST                                             
00008225  timer0_CONST                                                       
00008226  Timer_count                                                        
00008227  CONFIG_GPTIMER_0_CONST                                             
00008228  GPTimer_count                                                      
00008229  xdc_runtime_Text_charTab__A                                        
0000822a  ti_sysbios_family_arm_m3_Hwi_Module__id__C                         
0000822c  ti_sysbios_family_arm_cc26xx_Timer_funcHookCH1__C                  
00008230  ti_sysbios_family_arm_cc26xx_Timer_funcHookCH2__C                  
00008234  ti_sysbios_family_arm_cc26xx_Timer_startupNeeded__C                
00008238  ti_sysbios_family_arm_m3_Hwi_E_alreadyDefined__C                   
0000823c  ti_sysbios_family_arm_m3_Hwi_E_badIntNum__C                        
00008240  ti_sysbios_family_arm_m3_Hwi_LD_end__C                             
00008244  ti_sysbios_family_arm_m3_Hwi_LM_begin__C                           
00008248  ti_sysbios_family_arm_m3_Hwi_Module__diagsEnabled__C               
0000824c  ti_sysbios_family_arm_m3_Hwi_Module__diagsIncluded__C              
00008250  ti_sysbios_family_arm_m3_Hwi_Module__diagsMask__C                  
00008254  ti_sysbios_family_arm_m3_Hwi_Module__loggerFxn1__C                 
00008258  ti_sysbios_family_arm_m3_Hwi_Module__loggerFxn8__C                 
0000825c  ti_sysbios_family_arm_m3_Hwi_Module__loggerObj__C                  
00008260  ti_sysbios_family_arm_m3_Hwi_NUM_INTERRUPTS__C                     
00008264  ti_sysbios_family_arm_m3_Hwi_Object__count__C                      
00008268  ti_sysbios_family_arm_m3_Hwi_ccr__C                                
0000826c  ti_sysbios_family_arm_m3_Hwi_excHandlerFunc__C                     
00008270  ti_sysbios_family_arm_m3_Hwi_nullIsrFunc__C                        
00008274  ti_sysbios_family_arm_m3_Hwi_priGroup__C                           
00008278  ti_sysbios_gates_GateMutex_Instance_State_sem__O                   
0000827c  ti_sysbios_heaps_HeapMem_E_memory__C                               
00008280  ti_sysbios_heaps_HeapMem_Module__gateObj__C                        
00008284  ti_sysbios_heaps_HeapMem_Object__count__C                          
00008288  ti_sysbios_heaps_HeapMem_primaryHeapBaseAddr__C                    
0000828c  ti_sysbios_heaps_HeapMem_primaryHeapEndAddr__C                     
00008290  ti_sysbios_heaps_HeapMem_reqAlign__C                               
00008294  ti_sysbios_knl_Clock_LM_begin__C                                   
00008298  ti_sysbios_knl_Clock_LM_tick__C                                    
0000829c  ti_sysbios_knl_Clock_Module_State_clockQ__O                        
000082a0  ti_sysbios_knl_Clock_Module__diagsEnabled__C                       
000082a4  ti_sysbios_knl_Clock_Module__diagsIncluded__C                      
000082a8  ti_sysbios_knl_Clock_Module__diagsMask__C                          
000082ac  ti_sysbios_knl_Clock_Module__loggerFxn1__C                         
000082b0  ti_sysbios_knl_Clock_Module__loggerFxn2__C                         
000082b4  ti_sysbios_knl_Clock_Module__loggerObj__C                          
000082b8  ti_sysbios_knl_Clock_tickPeriod__C                                 
000082bc  ti_sysbios_knl_Clock_triggerClock__C                               
000082c0  ti_sysbios_knl_Idle_funcList__A                                    
000082c4  ti_sysbios_knl_Semaphore_Instance_State_pendQ__O                   
000082c8  ti_sysbios_knl_Semaphore_LM_pend__C                                
000082cc  ti_sysbios_knl_Semaphore_LM_post__C                                
000082d0  ti_sysbios_knl_Semaphore_Module__diagsEnabled__C                   
000082d4  ti_sysbios_knl_Semaphore_Module__diagsIncluded__C                  
000082d8  ti_sysbios_knl_Semaphore_Module__diagsMask__C                      
000082dc  ti_sysbios_knl_Semaphore_Module__loggerFxn2__C                     
000082e0  ti_sysbios_knl_Semaphore_Module__loggerFxn4__C                     
000082e4  ti_sysbios_knl_Semaphore_Module__loggerObj__C                      
000082e8  ti_sysbios_knl_Swi_LD_end__C                                       
000082ec  ti_sysbios_knl_Swi_LM_begin__C                                     
000082f0  ti_sysbios_knl_Swi_LM_post__C                                      
000082f4  ti_sysbios_knl_Swi_Module__diagsEnabled__C                         
000082f8  ti_sysbios_knl_Swi_Module__diagsIncluded__C                        
000082fc  ti_sysbios_knl_Swi_Module__diagsMask__C                            
00008300  ti_sysbios_knl_Swi_Module__loggerFxn1__C                           
00008304  ti_sysbios_knl_Swi_Module__loggerFxn4__C                           
00008308  ti_sysbios_knl_Swi_Module__loggerObj__C                            
0000830c  ti_sysbios_knl_Swi_Object__count__C                                
00008310  ti_sysbios_knl_Swi_numPriorities__C                                
00008314  ti_sysbios_knl_Task_LD_block__C                                    
00008318  ti_sysbios_knl_Task_LD_exit__C                                     
0000831c  ti_sysbios_knl_Task_LD_ready__C                                    
00008320  ti_sysbios_knl_Task_LM_switch__C                                   
00008324  ti_sysbios_knl_Task_Module_State_inactiveQ__O                      
00008328  ti_sysbios_knl_Task_Module__diagsEnabled__C                        
0000832c  ti_sysbios_knl_Task_Module__diagsIncluded__C                       
00008330  ti_sysbios_knl_Task_Module__diagsMask__C                           
00008334  ti_sysbios_knl_Task_Module__loggerFxn2__C                          
00008338  ti_sysbios_knl_Task_Module__loggerFxn4__C                          
0000833c  ti_sysbios_knl_Task_Module__loggerObj__C                           
00008340  ti_sysbios_knl_Task_Object__count__C                               
00008344  ti_sysbios_knl_Task_allBlockedFunc__C                              
00008348  ti_sysbios_knl_Task_numConstructedTasks__C                         
0000834c  ti_uia_loggers_LoggerStopMode_Module__diagsEnabled__C              
00008350  ti_uia_loggers_LoggerStopMode_Module__diagsIncluded__C             
00008354  ti_uia_loggers_LoggerStopMode_Module__diagsMask__C                 
00008358  ti_uia_loggers_LoggerStopMode_Object__count__C                     
0000835c  ti_uia_runtime_ILoggerSnapshot_Interface__BASE__C                  
00008360  ti_uia_runtime_IUIATransfer_Interface__BASE__C                     
00008364  xdc_runtime_Assert_E_assertFailed__C                               
00008368  xdc_runtime_Error_E_memory__C                                      
0000836c  xdc_runtime_Error_policyFxn__C                                     
00008370  xdc_runtime_IFilterLogger_Interface__BASE__C                       
00008374  xdc_runtime_IGateProvider_Interface__BASE__C                       
00008378  xdc_runtime_IHeap_Interface__BASE__C                               
0000837c  xdc_runtime_ILogger_Interface__BASE__C                             
00008380  xdc_runtime_IModule_Interface__BASE__C                             
00008384  xdc_runtime_Memory_defaultHeapInstance__C                          
00008388  xdc_runtime_Startup_execImpl__C                                    
0000838c  xdc_runtime_Startup_maxPasses__C                                   
00008390  xdc_runtime_Startup_sfxnRts__C                                     
00008394  xdc_runtime_Startup_sfxnTab__C                                     
00008398  xdc_runtime_SysMin_bufSize__C                                      
0000839c  xdc_runtime_SysMin_outputFunc__C                                   
000083a0  xdc_runtime_System_Module__gateObj__C                              
000083a4  xdc_runtime_System_abortFxn__C                                     
000083a8  xdc_runtime_System_exitFxn__C                                      
000083ac  xdc_runtime_System_maxAtexitHandlers__C                            
000083b0  xdc_runtime_Text_charTab__C                                        
000083b4  ti_sysbios_family_arm_m3_Hwi_Module__loggerDefined__C              
000083b6  ti_sysbios_heaps_HeapMem_Module__id__C                             
000083b8  ti_sysbios_knl_Clock_Module__id__C                                 
000083ba  ti_sysbios_knl_Clock_Module__loggerDefined__C                      
000083bc  ti_sysbios_knl_Semaphore_Module__id__C                             
000083be  ti_sysbios_knl_Semaphore_Module__loggerDefined__C                  
000083c0  ti_sysbios_knl_Swi_Module__id__C                                   
000083c2  ti_sysbios_knl_Swi_Module__loggerDefined__C                        
000083c4  ti_sysbios_knl_Task_Module__id__C                                  
000083c6  ti_sysbios_knl_Task_Module__loggerDefined__C                       
000083c8  ti_uia_loggers_LoggerStopMode_Module__id__C                        
000083ca  ti_uia_loggers_LoggerStopMode_isTimestampEnabled__C                
000083cc  xdc_runtime_Memory_Module__id__C                                   
000083ce  xdc_runtime_SysMin_flushAtExit__C                                  
000083d0  xdc_runtime_Text_isLoaded__C                                       
000085b8  __TI_Handler_Table_Base                                            
000085c4  __TI_Handler_Table_Limit                                           
000085d0  __TI_CINIT_Base                                                    
000085e0  __TI_CINIT_Limit                                                   
00057fa8  __ccfg                                                             
20000000  __start___llvm_prf_cnts                                            
20000000  __stop___llvm_prf_cnts                                             
20000000  ti_sysbios_family_arm_m3_Hwi_ramVectors                            
200000d8  __primary_heap_start__                                             
200040d8  __primary_heap_end__                                               
20004100  ti_uia_loggers_LoggerStopMode_Instance_State_0_packetArray__A      
20004500  ti_uia_loggers_LoggerStopMode_Instance_State_1_packetArray__A      
20004900  ti_sysbios_knl_Task_Instance_State_0_stack__A                      
20004b00  xdc_runtime_SysMin_Module_State_0_outbuf__A                        
20004d00  __CIOBUF_                                                          
20004e20  ti_sysbios_family_arm_m3_Hwi_dispatchTable                         
20004ef8  __TI_tmpnams                                                       
20004f98  timerCC26XXObjects                                                 
20005024  pinHandleTable                                                     
200050f0  gptimerCC26XXObjects                                               
20005178  parmbuf                                                            
20005180  ti_uia_loggers_LoggerStopMode_Instance_State_0_hdr__A              
200051f0  PowerCC26XX_swiKey                                                 
200051f4  PowerCC26XX_taskKey                                                
200051f8  driverlib_release_0_60278                                          
20005200  ti_uia_loggers_LoggerStopMode_Instance_State_1_hdr__A              
20005230  PowerCC26X2_module                                                 
200053a0  _ftable                                                            
20005490  _device                                                            
20005508  ti_uia_loggers_LoggerStopMode_Object__table__V                     
20005570  _stream                                                            
200055c0  ti_sysbios_knl_Task_Object__table__V                               
2000560c  gpioCallbackFunctions                                              
20005610  ti_sysbios_family_arm_cc26xx_Timer_Object__table__V                
20005658  ti_sysbios_knl_Task_Module__state__V                               
2000569c  ti_sysbios_gates_GateMutex_Object__table__V                        
200056d4  ti_sysbios_family_arm_m3_Hwi_Module__state__V                      
20005708  ti_sysbios_knl_Swi_Module_State_0_readyQ__A                        
20005738  ti_sysbios_knl_Swi_Object__table__V                                
20005768  ti_sysbios_knl_Clock_Module__state__V                              
20005794  _hposcCoeffs                                                       
200057b8  ti_sysbios_BIOS_Module__state__V                                   
200057dc  ti_sysbios_knl_Clock_Object__table__V                              
200057fc  ti_sysbios_knl_Task_Module_State_0_readyQ__A                       
2000581c  xdc_runtime_Error_IgnoreBlock                                      
2000583c  ti_sysbios_knl_Swi_Module__state__V                                
20005858  ti_sysbios_family_arm_m3_Hwi_Object__table__V                      
20005870  ti_sysbios_heaps_HeapMem_Object__table__V                          
20005888  __TI_ft_end                                                        
2000588c  __aeabi_stdin                                                      
20005890  __aeabi_stdout                                                     
20005894  __aeabi_stderr                                                     
20005898  __TI_cleanup_ptr                                                   
2000589c  __TI_dtors_ptr                                                     
200058a0  __TI_enable_exit_profile_output                                    
200058a4  ti_sysbios_knl_Task_Module__root__V                                
200058b0  ti_uia_runtime_QueueDescriptor_Module__state__V                    
200058bc  xdc_runtime_SysMin_Module__state__V                                
200058c8  _lock                                                              
200058cc  _unlock                                                            
200058d0  pinUpperBound                                                      
200058d4  pinLowerBound                                                      
200058d8  ti_uia_runtime_QueueDescriptor_gPtrToFirstDescriptor               
200058dc  ti_uia_runtime_QueueDescriptor_gUpdateCount                        
200058e0  ti_sysbios_family_arm_cc26xx_Timer_Module__state__V                
200058e8  ti_sysbios_family_arm_m3_Hwi_Module__root__V                       
200058f0  ti_sysbios_gates_GateHwi_Module__root__V                           
200058f8  ti_sysbios_gates_GateMutex_Module__root__V                         
20005900  ti_sysbios_heaps_HeapMem_Module__root__V                           
20005908  ti_sysbios_knl_Clock_Module__root__V                               
20005910  ti_sysbios_knl_Queue_Module__root__V                               
20005918  ti_sysbios_knl_Semaphore_Module__root__V                           
20005920  ti_sysbios_knl_Swi_Module__root__V                                 
20005928  ti_uia_loggers_LoggerStopMode_Module__root__V                      
20005930  xdc_runtime_Startup_Module__state__V                               
20005938  xdc_runtime_System_Module_State_0_atexitHandlers__A                
20005940  xdc_runtime_System_Module__state__V                                
20005948  gpioPinConfigs                                                     
2000594c  errno                                                              
20005950  main_func_sp                                                       
20005954  ti_sysbios_family_arm_cc26xx_TimestampProvider_Module__state__V    
20005958  ti_sysbios_family_arm_m3_Hwi_Module_State_0_excContext__A          
2000595c  ti_sysbios_family_arm_m3_Hwi_Module_State_0_excStack__A            
20005960  ti_sysbios_gates_GateHwi_Object__table__V                          
20005964  ti_sysbios_knl_Task_Module_State_0_idleTask__A                     
20005968  xdc_runtime_Memory_Module__state__V                                
2000596c  ti_sysbios_family_arm_m3_Hwi_Module_State_0_excActive__A           
20013c00  __stack                                                            
20014000  __STACK_END                                                        
e000e000  ti_sysbios_family_arm_m3_Hwi_nvic                                  
ffffffff  __TI_pprof_out_hndl                                                
ffffffff  __TI_prof_data_size                                                
ffffffff  __TI_prof_data_start                                               
ffffffff  __binit__                                                          
ffffffff  __c_args__                                                         
ffffffff  binit                                                              
UNDEFED   ITM_flush                                                          
UNDEFED   ITM_restore                                                        
UNDEFED   SHT$$INIT_ARRAY$$Base                                              
UNDEFED   SHT$$INIT_ARRAY$$Limit                                             

[737 symbols]
