******************************************************************************
                  TI ARM Linker PC v20.2.5                     
******************************************************************************
>> Linked Fri Jun 25 18:31:50 2021

OUTPUT FILE NAME:   <hello_CC26X2R1_LAUNCHXL_tirtos_ccs.out>
ENTRY POINT SYMBOL: "ResetISR"  address: 00006a11


MEMORY CONFIGURATION

         name            origin    length      used     unused   attr    fill
----------------------  --------  ---------  --------  --------  ----  --------
  FLASH                 00000000   00058000  0000acb2  0004d34e  R  X
  GPRAM                 11000000   00002000  00000000  00002000  RW X
  SRAM                  20000000   00014000  00006320  0000dce0  RW X
  LOG_DATA              90000000   00040000  00000000  00040000  R   


SEGMENT ALLOCATION MAP

run origin  load origin   length   init length attrs members
----------  ----------- ---------- ----------- ----- -------
00000000    00000000    0000ac60   0000ac60    r-x
  00000000    00000000    0000003c   0000003c    r-- .resetVecs
  0000003c    0000003c    0000a046   0000a046    r-x .text
  0000a084    0000a084    000009c0   000009c0    r-- .const
  0000aa48    0000aa48    00000218   00000218    r-- .cinit
00057fa8    00057fa8    00000058   00000058    r--
  00057fa8    00057fa8    00000058   00000058    r-- .ccfg
200000d8    200000d8    00004000   00000000    r--
  200000d8    200000d8    00004000   00000000    r-- .priheap
20004100    20004100    00001e4b   00000000    rw-
  20004100    20004100    000016ed   00000000    rw- .bss
  200057f0    200057f0    0000075b   00000000    rw- .data
20013c00    20013c00    00000400   00000000    rw-
  20013c00    20013c00    00000400   00000000    rw- .stack


SECTION ALLOCATION MAP

 output                                  attributes/
section   page    origin      length       input sections
--------  ----  ----------  ----------   ----------------
.binit     0    00000000    00000000     

.cinit     0    0000aa48    00000218     
                  0000aa48    000001ee     (.cinit..data.load) [load image, compression = lzss]
                  0000ac36    00000002     --HOLE-- [fill = 0]
                  0000ac38    0000000c     (__TI_handler_table)
                  0000ac44    00000004     --HOLE-- [fill = 0]
                  0000ac48    00000008     (.cinit..bss.load) [load image, compression = zero_init]
                  0000ac50    00000010     (__TI_cinit_table)

.init_array 
*          0    00000000    00000000     UNINITIALIZED

.ccfg      0    00057fa8    00000058     
                  00057fa8    00000058     ti_devices_config.obj (.ccfg:retain)

.bss       0    20004100    000016ed     UNINITIALIZED
                  20004100    00000400     (.common:ti_uia_loggers_LoggerStopMode_Instance_State_0_packetArray__A)
                  20004500    00000400     (.common:ti_uia_loggers_LoggerStopMode_Instance_State_1_packetArray__A)
                  20004900    00000200     hello_pem4f.oem4f (.bss:taskStackSection)
                  20004b00    00000200     (.common:taskStack)
                  20004d00    00000200     (.common:xdc_runtime_SysMin_Module_State_0_outbuf__A)
                  20004f00    000001bc     (.common:uartCC26XXObjects)
                  200050bc    00000120     rtsv7M4_T_le_v4SPD16_eabi.lib : trgmsg.c.obj (.bss:_CIOBUF_)
                  200051dc    000000d8     (.common:ti_sysbios_family_arm_m3_Hwi_dispatchTable)
                  200052b4    000000a0     (.common:__TI_tmpnams)
                  20005354    00000098     (.common:gptimerCC26XXObjects)
                  200053ec    0000008c     (.common:timerCC26XXObjects)
                  20005478    0000007c     (.common:pinHandleTable)
                  200054f4    0000005c     (.common:LEDObjects)
                  20005550    00000050     drivers_cc26x2.a : PINCC26XX.oem4f (.bss:pinSemaphore)
                  200055a0    0000003c                      : PINCC26XX.oem4f (.bss:pinSwi)
                  200055dc    0000003c     (.common:taskParams)
                  20005618    00000028     (.common:ButtonObjects)
                  20005640    00000024     (.common:uartParams)
                  20005664    0000001c                      : PINCC26XX.oem4f (.bss:pinHwi)
                  20005680    00000030     (.common:ti_uia_loggers_LoggerStopMode_Instance_State_0_hdr__A)
                  200056b0    00000020                      : GPIOCC26XX.oem4f (.bss:gpioCallbackInfo)
                  200056d0    00000020                      : PINCC26XX.oem4f (.bss:pinGpioConfigTable)
                  200056f0    00000010     (.common:buttonParams)
                  20005700    00000030     (.common:ti_uia_loggers_LoggerStopMode_Instance_State_1_hdr__A)
                  20005730    00000020     ti_drivers_config.obj (.bss:uartCC26XXRingBuffer0)
                  20005750    00000020     (.common:pwmTimerCC26XXObjects)
                  20005770    00000018     (.common:eventParams)
                  20005788    0000000c     drivers_cc26x2.a : GPIOCC26XX.oem4f (.bss:gpioPinState)
                  20005794    0000000c                      : PWMTimerCC26XX.oem4f (.bss:pinState)
                  200057a0    0000000c     (.common:timerParams)
                  200057ac    00000008                      : GPIOCC26XX.oem4f (.bss)
                  200057b4    00000008     (.common:ledParams)
                  200057bc    00000008     (.common:parmbuf)
                  200057c4    00000004                      : PINCC26XX.oem4f (.bss)
                  200057c8    00000004     (.common:PowerCC26XX_swiKey)
                  200057cc    00000004     (.common:PowerCC26XX_taskKey)
                  200057d0    00000004     (.common:buttonHandle)
                  200057d4    00000004     (.common:eventHandle)
                  200057d8    00000004     (.common:events)
                  200057dc    00000004     (.common:ledHandle)
                  200057e0    00000004     (.common:taskHandle)
                  200057e4    00000004     (.common:timerHandle)
                  200057e8    00000004     (.common:uartHandle)
                  200057ec    00000001     (.common:driverlib_release_0_60278)

.data      0    200057f0    0000075b     UNINITIALIZED
                  200057f0    00000170     drivers_cc26x2.a : PowerCC26X2.oem4f (.data:PowerCC26X2_module)
                  20005960    000000f0     rtsv7M4_T_le_v4SPD16_eabi.lib : defs.c.obj (.data:_ftable)
                  20005a50    00000078                                   : host_device.c.obj (.data:_device)
                  20005ac8    00000068     hello_pem4f.oem4f (.data:ti_uia_loggers_LoggerStopMode_Object__table__V)
                  20005b30    00000050     rtsv7M4_T_le_v4SPD16_eabi.lib : host_device.c.obj (.data:_stream)
                  20005b80    0000004c     hello_pem4f.oem4f (.data:ti_sysbios_knl_Task_Object__table__V)
                  20005bcc    00000004     drivers_cc26x2.a : PWMTimerCC26XX.oem4f (.data)
                  20005bd0    00000048     hello_pem4f.oem4f (.data:ti_sysbios_family_arm_cc26xx_Timer_Object__table__V)
                  20005c18    00000044     hello_pem4f.oem4f (.data:ti_sysbios_knl_Task_Module__state__V)
                  20005c5c    00000038     hello_pem4f.oem4f (.data:ti_sysbios_gates_GateMutex_Object__table__V)
                  20005c94    00000034     hello_pem4f.oem4f (.data:ti_sysbios_family_arm_m3_Hwi_Module__state__V)
                  20005cc8    00000030     hello_pem4f.oem4f (.data:ti_sysbios_knl_Swi_Module_State_0_readyQ__A)
                  20005cf8    00000030     hello_pem4f.oem4f (.data:ti_sysbios_knl_Swi_Object__table__V)
                  20005d28    0000002c     hello_pem4f.oem4f (.data:ti_sysbios_knl_Clock_Module__state__V)
                  20005d54    00000024     driverlib.lib : osc.obj (.data:$O1$$)
                  20005d78    00000024     hello_pem4f.oem4f (.data:ti_sysbios_BIOS_Module__state__V)
                  20005d9c    00000020     hello_pem4f.oem4f (.data:ti_sysbios_knl_Clock_Object__table__V)
                  20005dbc    00000020     hello_pem4f.oem4f (.data:ti_sysbios_knl_Task_Module_State_0_readyQ__A)
                  20005ddc    00000020     hello_pem4f.oem4f (.data:xdc_runtime_Error_IgnoreBlock)
                  20005dfc    0000001c     hello_pem4f.oem4f (.data:ti_sysbios_knl_Swi_Module__state__V)
                  20005e18    00000018     hello_pem4f.oem4f (.data:ti_sysbios_family_arm_m3_Hwi_Object__table__V)
                  20005e30    00000018     hello_pem4f.oem4f (.data:ti_sysbios_heaps_HeapMem_Object__table__V)
                  20005e48    00000010     rtsv7M4_T_le_v4SPD16_eabi.lib : defs.c.obj (.data)
                  20005e58    0000000c                                   : exit.c.obj (.data:$O1$$)
                  20005e64    0000000c     hello_pem4f.oem4f (.data:ti_sysbios_knl_Event_Module__root__V)
                  20005e70    0000000c     hello_pem4f.oem4f (.data:ti_sysbios_knl_Task_Module__root__V)
                  20005e7c    0000000c     hello_pem4f.oem4f (.data:ti_uia_runtime_QueueDescriptor_Module__state__V)
                  20005e88    0000000c     hello_pem4f.oem4f (.data:xdc_runtime_SysMin_Module__state__V)
                  20005e94    00000008     rtsv7M4_T_le_v4SPD16_eabi.lib : _lock.c.obj (.data:$O1$$)
                  20005e9c    00000008     drivers_cc26x2.a : PINCC26XX.oem4f (.data)
                  20005ea4    00000008     ti.uia.runtime.aem4f : QueueDescriptor.oem4f (.data)
                  20005eac    00000008     hello_pem4f.oem4f (.data:ti_sysbios_family_arm_cc26xx_Timer_Module__state__V)
                  20005eb4    00000008     hello_pem4f.oem4f (.data:ti_sysbios_family_arm_m3_Hwi_Module__root__V)
                  20005ebc    00000008     hello_pem4f.oem4f (.data:ti_sysbios_gates_GateHwi_Module__root__V)
                  20005ec4    00000008     hello_pem4f.oem4f (.data:ti_sysbios_gates_GateMutex_Module__root__V)
                  20005ecc    00000008     hello_pem4f.oem4f (.data:ti_sysbios_heaps_HeapMem_Module__root__V)
                  20005ed4    00000008     hello_pem4f.oem4f (.data:ti_sysbios_knl_Clock_Module__root__V)
                  20005edc    00000008     hello_pem4f.oem4f (.data:ti_sysbios_knl_Queue_Module__root__V)
                  20005ee4    00000008     hello_pem4f.oem4f (.data:ti_sysbios_knl_Semaphore_Module__root__V)
                  20005eec    00000008     hello_pem4f.oem4f (.data:ti_sysbios_knl_Swi_Module__root__V)
                  20005ef4    00000008     hello_pem4f.oem4f (.data:ti_uia_loggers_LoggerStopMode_Module__root__V)
                  20005efc    00000008     hello_pem4f.oem4f (.data:xdc_runtime_Startup_Module__state__V)
                  20005f04    00000008     hello_pem4f.oem4f (.data:xdc_runtime_System_Module_State_0_atexitHandlers__A)
                  20005f0c    00000008     hello_pem4f.oem4f (.data:xdc_runtime_System_Module__state__V)
                  20005f14    00000005     drivers_cc26x2.a : GPIOCC26XX.oem4f (.data)
                  20005f19    00000002     hello.obj (.data)
                  20005f1b    00000001     drivers_cc26x2.a : PWM.oem4f (.data)
                  20005f1c    00000004     ti_drivers_config.obj (.data:gpioCallbackFunctions)
                  20005f20    00000004     ti_drivers_config.obj (.data:gpioPinConfigs)
                  20005f24    00000004     drivers_cc26x2.a : GPIOCC26XX.oem4f (.data:gpioPinTable)
                  20005f28    00000004     rtsv7M4_T_le_v4SPD16_eabi.lib : errno.c.obj (.data)
                  20005f2c    00000004                                   : stkdepth_vars.c.obj (.data)
                  20005f30    00000004     hello_pem4f.oem4f (.data:ti_sysbios_family_arm_cc26xx_TimestampProvider_Module__state__V)
                  20005f34    00000004     hello_pem4f.oem4f (.data:ti_sysbios_family_arm_m3_Hwi_Module_State_0_excContext__A)
                  20005f38    00000004     hello_pem4f.oem4f (.data:ti_sysbios_family_arm_m3_Hwi_Module_State_0_excStack__A)
                  20005f3c    00000004     hello_pem4f.oem4f (.data:ti_sysbios_gates_GateHwi_Object__table__V)
                  20005f40    00000004     hello_pem4f.oem4f (.data:ti_sysbios_knl_Task_Module_State_0_idleTask__A)
                  20005f44    00000004     hello_pem4f.oem4f (.data:xdc_runtime_Memory_Module__state__V)
                  20005f48    00000002     hello_pem4f.oem4f (.data:ti_sysbios_family_arm_m3_Hwi_Module_State_0_excActive__A)
                  20005f4a    00000001     drivers_cc26x2.a : UART.oem4f (.data)

.stack     0    20013c00    00000400     UNINITIALIZED
                  20013c00    00000400     --HOLE--

.priheap   0    200000d8    00004000     UNINITIALIZED
                  200000d8    00004000     --HOLE--

.log_data 
*          0    90000000    00000000     COPY SECTION

.bootVecs 
*          0    00000000    00000008     DSECT
                  00000000    00000008     boot.aem4f : boot.oem4f (.bootVecs)

.resetVecs 
*          0    00000000    0000003c     
                  00000000    0000003c     hello_pem4f.oem4f (.resetVecs)

.vecs      0    20000000    000000d8     NOLOAD SECTION
                  20000000    000000d8     hello_pem4f.oem4f (.vecs)

xdc.meta   0    00000000    000000ec     COPY SECTION
                  00000000    000000ec     hello_pem4f.oem4f (xdc.meta)

xdc.noload 
*          0    00000000    00000000     COPY SECTION

__llvm_prf_cnts 
*          0    20000000    00000000     UNINITIALIZED

.text      0    0000003c    0000a046     
                  0000003c    00000a4e     rtsv7M4_T_le_v4SPD16_eabi.lib : _printfi.c.obj (.text:__TI_printfi)
                  00000a8a    00000002     ti_drivers_config.obj (.text:Board_initHook)
                  00000a8c    00000270     rtsv7M4_T_le_v4SPD16_eabi.lib : _printfi.c.obj (.text:_pconv_a)
                  00000cfc    000001f4     drivers_cc26x2.a : PINCC26XX.oem4f (.text:PIN_init)
                  00000ef0    000001d0     rtsv7M4_T_le_v4SPD16_eabi.lib : _printfi.c.obj (.text:_pconv_g)
                  000010c0    000001b6                                   : fd_add_t2.asm.obj (.text)
                  00001276    00000002     drivers_cc26x2.a : LED.oem4f (.text:LED_init)
                  00001278    00000198                      : PowerCC26X2.oem4f (.text:Power_sleep)
                  00001410    00000190                      : PowerCC26X2_calibrateRCOSC.oem4f (.text:calibrateRcoscHf1)
                  000015a0    0000018c                      : PowerCC26X2_calibrateRCOSC.oem4f (.text:runCalibrateFsm)
                  0000172c    00000186                      : Button.oem4f (.text:Button_clockTimeoutHandler)
                  000018b2    00000002                      : PWMTimerCC26XX.oem4f (.text:PWMTimerCC26XX_init)
                  000018b4    00000174                      : PowerCC26X2.oem4f (.text:Power_init)
                  00001a28    00000164                      : UARTCC26XX.oem4f (.text:UARTCC26XX_open)
                  00001b8c    0000015c     sysbios.aem4f : BIOS.obj (.text:ti_sysbios_knl_Event_pend__E)
                  00001ce8    00000154     drivers_cc26x2.a : UARTCC26XX.oem4f (.text:UARTCC26XX_hwiIntFxn)
                  00001e3c    0000013e     hello_pem4f.oem4f (.text:ti_uia_loggers_LoggerStopMode_writeMemoryRange__E)
                  00001f7a    00000002     drivers_cc26x2.a : Timer.oem4f (.text:Timer_init)
                  00001f7c    0000013c     rtsv7M4_T_le_v4SPD16_eabi.lib : _printfi.c.obj (.text:_pconv_e)
                  000020b8    0000013a     drivers_cc26x2.a : UARTCC26XX.oem4f (.text:UARTCC26XX_read)
                  000021f2    00000136     rtsv7M4_T_le_v4SPD16_eabi.lib : fd_div_t2.asm.obj (.text)
                  00002328    0000012c     sysbios.aem4f : BIOS.obj (.text:ti_sysbios_knl_Semaphore_pend__E)
                  00002454    00000124     rtsv7M4_T_le_v4SPD16_eabi.lib : _printfi.c.obj (.text:fcvt)
                  00002578    00000120     drivers_cc26x2.a : PowerCC26X2.oem4f (.text:configureXOSCHF)
                  00002698    0000011c     sysbios.aem4f : BIOS.obj (.text:ti_sysbios_family_arm_m3_Hwi_dispatchC__I)
                  000027b4    00000114     drivers_cc26x2.a : PINCC26XX.oem4f (.text:PINCC26XX_setIoCfg)
                  000028c8    00000114     rtsv7M4_T_le_v4SPD16_eabi.lib : fputs.c.obj (.text:fputs)
                  000029dc    00000114     sysbios.aem4f : BIOS.obj (.text:ti_sysbios_knl_Swi_run__I)
                  00002af0    00000110     drivers_cc26x2.a : GPIOCC26XX.oem4f (.text:GPIO_setConfig)
                  00002c00    00000110                      : LED.oem4f (.text:LED_open)
                  00002d10    00000110     rtsv7M4_T_le_v4SPD16_eabi.lib : s_scalbn.c.obj (.text:scalbn)
                  00002e20    0000010c     hello_pem4f.oem4f (.text:ti_uia_loggers_LoggerStopMode_write8__E)
                  00002f2c    00000100     drivers_cc26x2.a : TimerCC26XX.oem4f (.text:Timer_open)
                  0000302c    000000fc     rtsv7M4_T_le_v4SPD16_eabi.lib : fd_mul_t2.asm.obj (.text)
                  00003128    000000f8     sysbios.aem4f : BIOS.obj (.text:xdc_runtime_Startup_startMods__I)
                  00003220    000000f4     hello_pem4f.oem4f (.text:ti_uia_loggers_LoggerStopMode_write4__E)
                  00003314    000000f0     driverlib.lib : sys_ctrl.obj (.text:NOROM_SysCtrlStandby)
                  00003404    000000f0     sysbios.aem4f : m3_Hwi_asm.obj (.text:ti_sysbios_family_arm_m3_Hwi_dispatch__I)
                  000034f4    000000e8     drivers_cc26x2.a : Button.oem4f (.text:Button_open)
                  000035dc    000000e8     hello_pem4f.oem4f (.text:ti_uia_loggers_LoggerStopMode_write2__E)
                  000036c4    000000e4     hello_pem4f.oem4f (.text:ti_uia_loggers_LoggerStopMode_write1__E)
                  000037a8    000000e0     drivers_cc26x2.a : UARTCC26XX.oem4f (.text:UARTCC26XX_write)
                  00003888    000000e0     sysbios.aem4f : BIOS.obj (.text:ti_sysbios_knl_Clock_walkQueueDynamic__E)
                  00003968    000000dc     drivers_cc26x2.a : PWMTimerCC26XX.oem4f (.text:PWMTimerCC26XX_open)
                  00003a44    000000dc     rtsv7M4_T_le_v4SPD16_eabi.lib : setvbuf.c.obj (.text:setvbuf)
                  00003b20    000000d8     hello_pem4f.oem4f (.text:ti_uia_loggers_LoggerStopMode_write0__E)
                  00003bf8    000000d4     sysbios.aem4f : BIOS.obj (.text:ti_sysbios_knl_Event_post__E)
                  00003ccc    000000c8     dpl_cc26x2.a : PowerCC26X2_tirtos.oem4f (.text:PowerCC26XX_standbyPolicy)
                  00003d94    000000c8     hello.obj (.text:myTaskFxn)
                  00003e5c    000000c4     drivers_cc26x2.a : GPIOCC26XX.oem4f (.text:GPIO_init)
                  00003f20    000000c4     sysbios.aem4f : BIOS.obj (.text:ti_sysbios_knl_Task_schedule__I)
                  00003fe4    000000c0     drivers_cc26x2.a : PowerCC26X2.oem4f (.text:Power_releaseDependency)
                  000040a4    000000c0                      : UARTCC26XX.oem4f (.text:UARTCC26XX_initIO)
                  00004164    000000b8                      : PowerCC26X2.oem4f (.text:Power_setDependency)
                  0000421c    000000b8                      : UARTCC26XX.oem4f (.text:UARTCC26XX_initHw)
                  000042d4    000000b8     sysbios.aem4f : BIOS.obj (.text:ti_sysbios_knl_Semaphore_post__E)
                  0000438c    000000b8                   : BIOS.obj (.text:ti_sysbios_knl_Task_Instance_init__E)
                  00004444    000000b8                   : BIOS.obj (.text:ti_sysbios_knl_Task_startCore__E)
                  000044fc    000000b1     rtsv7M4_T_le_v4SPD16_eabi.lib : _printfi.c.obj (.text:_ltostr)
                  000045ad    00000001     --HOLE-- [fill = 0]
                  000045ae    00000002                                   : _lock.c.obj (.text:_nop)
                  000045b0    000000ac     drivers_cc26x2.a : PINCC26XX.oem4f (.text:PIN_open)
                  0000465c    000000ac     driverlib.lib : setup.obj (.text:TrimAfterColdResetWakeupFromShutDown)
                  00004708    000000a8     sysbios.aem4f : BIOS.obj (.text:ti_sysbios_knl_Swi_post__E)
                  000047b0    000000a4                   : BIOS.obj (.text:ti_sysbios_family_arm_m3_Hwi_Instance_init__E)
                  00004854    000000a0     auto_init.aem4f : auto_init.oem4f (.text)
                  000048f4    0000009c     drivers_cc26x2.a : PWMTimerCC26XX.oem4f (.text:PWMTimerCC26XX_setDutyAndPeriod)
                  00004990    0000009c     rtsv7M4_T_le_v4SPD16_eabi.lib : memcpy_t2.asm.obj (.text)
                  00004a2c    0000009c     sysbios.aem4f : BIOS.obj (.text:ti_sysbios_knl_Task_blockI__E)
                  00004ac8    00000098     driverlib.lib : setup.obj (.text:NOROM_SetupTrimDevice)
                  00004b60    00000098     sysbios.aem4f : BIOS.obj (.text:ti_sysbios_knl_Clock_workFuncDynamic__E)
                  00004bf8    00000098     drivers_cc26x2.a : UARTCC26XX.oem4f (.text:writeTxFifoFlush)
                  00004c90    00000096     rtsv7M4_T_le_v4SPD16_eabi.lib : ull_div_t2.asm.obj (.text)
                  00004d26    00000002     drivers_cc26x2.a : PowerCC26X2.oem4f (.text:emptyClockFunc)
                  00004d28    00000094     sysbios.aem4f : BIOS.obj (.text:ti_sysbios_knl_Task_Instance_finalize__E)
                  00004dbc    00000094                   : BIOS.obj (.text:ti_sysbios_knl_Task_exit__E)
                  00004e50    00000092     drivers_cc26x2.a : UARTCC26XX.oem4f (.text:UARTCC26XX_writeCancel)
                  00004ee2    00000002     rtsv7M4_T_le_v4SPD16_eabi.lib : div0.asm.obj (.text)
                  00004ee4    00000090     sysbios.aem4f : BIOS.obj (.text:ti_sysbios_knl_Task_unblockI__E)
                  00004f74    00000090     ti.uia.loggers.aem4f : LoggerStopMode.oem4f (.text:ti_uia_loggers_LoggerStopMode_initQueueDescriptor__E)
                  00005004    0000008c     rtsv7M4_T_le_v4SPD16_eabi.lib : fputc.c.obj (.text:fputc)
                  00005090    0000008c     sysbios.aem4f : BIOS.obj (.text:ti_sysbios_family_arm_m3_Hwi_initNVIC__E)
                  0000511c    0000008c                   : m3_TaskSupport_asm.obj (.text:ti_sysbios_family_arm_m3_TaskSupport_buildTaskStack)
                  000051a8    00000088     drivers_cc26x2.a : GPTimerCC26XX.oem4f (.text:GPTimerCC26XX_open)
                  00005230    00000088     driverlib.lib : osc.obj (.text:NOROM_OSCHF_AttemptToSwitchToXosc)
                  000052b8    00000088     drivers_cc26x2.a : PowerCC26X2_calibrateRCOSC.oem4f (.text:calibrateRcoscHf2)
                  00005340    00000088                      : PowerCC26X2.oem4f (.text:disableLFClockQualifiers)
                  000053c8    00000088                      : PowerCC26X2_calibrateRCOSC.oem4f (.text:updateSubSecInc)
                  00005450    00000086     rtsv7M4_T_le_v4SPD16_eabi.lib : fd_cmp_t2.asm.obj (.text:__aeabi_cdcmple)
                  000054d6    00000086                                   : fd_cmp_t2.asm.obj (.text:__aeabi_cdrcmple)
                  0000555c    00000084     ti_drivers_config.obj (.text:Board_sendExtFlashByte)
                  000055e0    00000084     drivers_cc26x2.a : UARTCC26XX.oem4f (.text:UARTCC26XX_close)
                  00005664    00000084     hello.obj (.text:UARTinit)
                  000056e8    00000084     sysbios.aem4f : BIOS.obj (.text:ti_sysbios_knl_Task_postInit__I)
                  0000576c    00000080     driverlib.lib : chipinfo.obj (.text:NOROM_ChipInfo_GetChipType)
                  000057ec    00000080                   : sys_ctrl.obj (.text:NOROM_SysCtrlSetRechargeBeforePowerDown)
                  0000586c    00000080     sysbios.aem4f : BIOS.obj (.text:ti_sysbios_family_arm_cc26xx_Timer_start__E)
                  000058ec    0000007a     rtsv7M4_T_le_v4SPD16_eabi.lib : memset_t2.asm.obj (.text)
                  00005966    00000078     sysbios.aem4f : BIOS.obj (.text:ti_sysbios_heaps_HeapMem_allocUnprotected__E)
                  000059de    00000002                   : BIOS.obj (.text:ti_sysbios_BIOS_linkedWithIncorrectBootLibrary__E)
                  000059e0    00000074     drivers_cc26x2.a : GPTimerCC26XX.oem4f (.text:GPTimerCC26XX_resetHw)
                  00005a54    00000074                      : PowerCC26X2_calibrateRCOSC.oem4f (.text:PowerCC26X2_auxISR)
                  00005ac8    00000074     hello.obj (.text:TimerInit)
                  00005b3c    00000074     rtsv7M4_T_le_v4SPD16_eabi.lib : fclose.c.obj (.text:__TI_closefile)
                  00005bb0    00000074     ti.uia.runtime.aem4f : QueueDescriptor.oem4f (.text:ti_uia_runtime_QueueDescriptor_addToList__E)
                  00005c24    00000070     drivers_cc26x2.a : PINCC26XX.oem4f (.text:PIN_add)
                  00005c94    00000070     sysbios.aem4f : BIOS.obj (.text:xdc_runtime_Memory_alloc__E)
                  00005d04    0000006e     rtsv7M4_T_le_v4SPD16_eabi.lib : _printfi.c.obj (.text:_mcpy)
                  00005d72    0000006e     sysbios.aem4f : BIOS.obj (.text:xdc_runtime_Core_createObject__I)
                  00005de0    0000006c     rtsv7M4_T_le_v4SPD16_eabi.lib : hostrename.c.obj (.text:HOSTrename)
                  00005e4c    00000068                                   : hostlseek.c.obj (.text:HOSTlseek)
                  00005eb4    00000068     driverlib.lib : osc.obj (.text:NOROM_OSCHF_SwitchToRcOscTurnOffXosc)
                  00005f1c    00000068     drivers_cc26x2.a : Timer.oem4f (.text:Timer_setPeriod)
                  00005f84    00000068     rtsv7M4_T_le_v4SPD16_eabi.lib : copy_decompress_lzss.c.obj (.text:decompress:lzss:__TI_decompress_lzss)
                  00005fec    00000068                                   : printf.c.obj (.text:printf)
                  00006054    00000068     sysbios.aem4f : BIOS.obj (.text:ti_sysbios_knl_Clock_startI__E)
                  000060bc    00000068                   : BIOS.obj (.text:ti_sysbios_knl_Swi_restoreHwi__E)
                  00006124    00000066     ti.uia.loggers.aem4f : LoggerStopMode.oem4f (.text:ti_uia_loggers_LoggerStopMode_flush__E)
                  0000618a    00000066     sysbios.aem4f : BIOS.obj (.text:xdc_runtime_Core_deleteObject__I)
                  000061f0    00000064     drivers_cc26x2.a : Button.oem4f (.text:Button_gpioCallbackFxn)
                  00006254    00000064     hello.obj (.text:LEDInit)
                  000062b8    00000064     drivers_cc26x2.a : UARTCC26XX.oem4f (.text:UARTCC26XX_control)
                  0000631c    00000064     rtsv7M4_T_le_v4SPD16_eabi.lib : s_frexp.c.obj (.text:frexp)
                  00006380    00000064                                   : fseek.c.obj (.text:fseek)
                  000063e4    00000064     sysbios.aem4f : BIOS.obj (.text:ti_sysbios_heaps_HeapMem_initPrimary__I)
                  00006448    00000062     drivers_cc26x2.a : UARTCC26XX.oem4f (.text:UARTCC26XX_swiIntFxn)
                  000064aa    00000062     rtsv7M4_T_le_v4SPD16_eabi.lib : _io_perm.c.obj (.text:__TI_wrt_ok)
                  0000650c    00000060     drivers_cc26x2.a : GPIOCC26XX.oem4f (.text:GPIO_write)
                  0000656c    00000060     rtsv7M4_T_le_v4SPD16_eabi.lib : hostopen.c.obj (.text:HOSTopen)
                  000065cc    00000060     sysbios.aem4f : BIOS.obj (.text:ti_sysbios_knl_Clock_logTick__E)
                  0000662c    0000005e                   : BIOS.obj (.text:ti_sysbios_heaps_HeapMem_freeUnprotected__E)
                  0000668a    00000002     hello_pem4f.oem4f (.text:ti_sysbios_BIOS_nullFunc__I)
                  0000668c    0000005c     drivers_cc26x2.a : PINCC26XX.oem4f (.text:PIN_remove)
                  000066e8    0000005c                      : PWMTimerCC26XX.oem4f (.text:PWMTimerCC26XX_setPeriod)
                  00006744    0000005c     rtsv7M4_T_le_v4SPD16_eabi.lib : close.c.obj (.text:close)
                  000067a0    0000005c     drivers_cc26x2.a : UARTCC26XX.oem4f (.text:startTxFifoEmptyClk)
                  000067fc    0000005c     sysbios.aem4f : BIOS.obj (.text:ti_sysbios_knl_Task_Module_startup__E)
                  00006858    00000058     hello.obj (.text:ButtonInit)
                  000068b0    00000058     drivers_cc26x2.a : GPTimerCC26XX.oem4f (.text:GPTimerCC26XX_stop)
                  00006908    00000058     rtsv7M4_T_le_v4SPD16_eabi.lib : hostread.c.obj (.text:HOSTread)
                  00006960    00000058                                   : hostwrite.c.obj (.text:HOSTwrite)
                  000069b8    00000058     drivers_cc26x2.a : PowerCC26X2_calibrateRCOSC.oem4f (.text:PowerCC26X2_initiateCalibration)
                  00006a10    00000058     boot.aem4f : boot.oem4f (.text)
                  00006a68    00000058     sysbios.aem4f : m3_Hwi_asm_switch.obj (.text:ti_sysbios_family_arm_m3_Hwi_initStacks__E)
                  00006ac0    00000058                   : BIOS.obj (.text:ti_sysbios_family_arm_m3_Hwi_postInit__I)
                  00006b18    00000058                   : BIOS.obj (.text:ti_sysbios_heaps_HeapMem_alloc__E)
                  00006b70    00000058     hello.obj (.text:timerCallBack)
                  00006bc8    00000056     drivers_cc26x2.a : LED.oem4f (.text:LED_startBlinking)
                  00006c1e    00000056     rtsv7M4_T_le_v4SPD16_eabi.lib : _printfi.c.obj (.text:_pconv_f)
                  00006c74    00000054     driverlib.lib : prcm.obj (.text:NOROM_PRCMPowerDomainsAllOff)
                  00006cc8    00000054     dpl_cc26x2.a : SwiP_tirtos.oem4f (.text:SwiP_construct)
                  00006d1c    00000054     rtsv7M4_T_le_v4SPD16_eabi.lib : _ltoa.c.obj (.text:__TI_ltoa)
                  00006d70    00000054     sysbios.aem4f : BIOS.obj (.text:ti_sysbios_knl_Swi_schedule__I)
                  00006dc4    00000052     rtsv7M4_T_le_v4SPD16_eabi.lib : _printfi.c.obj (.text:_ecpy)
                  00006e16    00000002     sysbios.aem4f : BIOS.obj (.text:ti_sysbios_gates_GateHwi_Instance_init__E)
                  00006e18    00000050     drivers_cc26x2.a : GPIOCC26XX.oem4f (.text:GPIO_enableInt)
                  00006e68    00000050                      : GPTimerCC26XX.oem4f (.text:GPTimerCC26XX_registerInterrupt)
                  00006eb8    00000050                      : PWMTimerCC26XX.oem4f (.text:PWMTimerCC26XX_getdutyCounts)
                  00006f08    00000050     hello_pem4f.oem4f (.text:ti_sysbios_family_arm_m3_Hwi_construct)
                  00006f58    00000050     sysbios.aem4f : BIOS.obj (.text:ti_sysbios_knl_Swi_Instance_init__E)
                  00006fa8    00000050                   : BIOS.obj (.text:ti_sysbios_knl_Swi_runLoop__I)
                  00006ff8    00000050     hello_pem4f.oem4f (.text:ti_sysbios_knl_Task_create)
                  00007048    00000050     sysbios.aem4f : BIOS.obj (.text:xdc_runtime_Startup_exec__E)
                  00007098    0000004c     ti_drivers_config.obj (.text:Board_wakeUpExtFlash)
                  000070e4    0000004c     drivers_cc26x2.a : GPTimerCC26XX.oem4f (.text:GPTimerCC26XX_initHw)
                  00007130    0000004c                      : GPTimerCC26XX.oem4f (.text:GPTimerCC26XX_start)
                  0000717c    0000004c     driverlib.lib : prcm.obj (.text:NOROM_PRCMPowerDomainsAllOn)
                  000071c8    0000004c     drivers_cc26x2.a : UARTCC26XX.oem4f (.text:UARTCC26XX_readCancel)
                  00007214    0000004c     rtsv7M4_T_le_v4SPD16_eabi.lib : fflush.c.obj (.text:__TI_doflush)
                  00007260    0000004c                                   : atoi.c.obj (.text:atoi)
                  000072ac    0000004c                                   : cpy_tbl.c.obj (.text:copy_in)
                  000072f8    0000004c     hello_pem4f.oem4f (.text:ti_sysbios_knl_Swi_construct)
                  00007344    0000004c     ti.uia.loggers.aem4f : LoggerStopMode.oem4f (.text:ti_uia_loggers_LoggerStopMode_Module_startup__E)
                  00007390    0000004c     sysbios.aem4f : BIOS.obj (.text:xdc_runtime_Assert_raise__I)
                  000073dc    0000004c                   : BIOS.obj (.text:xdc_runtime_Core_assignParams__I)
                  00007428    00000048     drivers_cc26x2.a : GPTimerCC26XX.oem4f (.text:GPTimerCC26XXHwiFxn)
                  00007470    00000048                      : PINCC26XX.oem4f (.text:PIN_setOutputEnable)
                  000074b8    00000048                      : PWMTimerCC26XX.oem4f (.text:PWMTimerCC26XX_setDuty)
                  00007500    00000048                      : PowerCC26X2_calibrateRCOSC.oem4f (.text:PowerCC26X2_RCOSC_clockFunc)
                  00007548    00000048     hello.obj (.text:main)
                  00007590    00000048     rtsv7M4_T_le_v4SPD16_eabi.lib : fd_toi_t2.asm.obj (.text)
                  000075d8    00000048     drivers_cc26x2.a : PowerCC26X2.oem4f (.text:switchXOSCHF)
                  00007620    00000048     sysbios.aem4f : BIOS.obj (.text:ti_sysbios_family_arm_m3_Hwi_Module_startup__E)
                  00007668    00000048                   : BIOS.obj (.text:ti_sysbios_heaps_HeapMem_getStats__E)
                  000076b0    00000048     drivers_cc26x2.a : UARTCC26XX.oem4f (.text:writeFinishedDoCallback)
                  000076f8    00000048     sysbios.aem4f : BIOS.obj (.text:xdc_runtime_Core_constructObject__I)
                  00007740    00000046     drivers_cc26x2.a : RingBuf.oem4f (.text:RingBuf_put)
                  00007786    00000002     sysbios.aem4f : BIOS.obj (.text:ti_sysbios_knl_Clock_triggerFunc__I)
                  00007788    00000044     drivers_cc26x2.a : GPIOCC26XX.oem4f (.text:GPIO_disableInt)
                  000077cc    00000044     rtsv7M4_T_le_v4SPD16_eabi.lib : hostclose.c.obj (.text:HOSTclose)
                  00007810    00000044                                   : hostunlink.c.obj (.text:HOSTunlink)
                  00007854    00000044     driverlib.lib : chipinfo.obj (.text:NOROM_ChipInfo_GetHwRevision)
                  00007898    00000044     drivers_cc26x2.a : PINCC26XX.oem4f (.text:PIN_swi)
                  000078dc    00000044                      : PWM.oem4f (.text:PWM_init)
                  00007920    00000044                      : Timer.oem4f (.text:Timer_start)
                  00007964    00000044                      : UART.oem4f (.text:UART_init)
                  000079a8    00000044     rtsv7M4_T_le_v4SPD16_eabi.lib : getdevice.c.obj (.text:getdevice)
                  000079ec    00000044     sysbios.aem4f : BIOS.obj (.text:ti_sysbios_family_arm_m3_Hwi_disableInterrupt__E)
                  00007a30    00000044                   : BIOS.obj (.text:ti_sysbios_family_arm_m3_Hwi_enableInterrupt__E)
                  00007a74    00000044                   : BIOS.obj (.text:ti_sysbios_knl_Task_allBlockedFunction__I)
                  00007ab8    00000044     ti.uia.loggers.aem4f : LoggerStopMode.oem4f (.text:ti_uia_loggers_LoggerStopMode_initBuffer__I)
                  00007afc    00000044     sysbios.aem4f : BIOS.obj (.text:xdc_runtime_SysMin_flush__E)
                  00007b40    00000040     ti_drivers_config.obj (.text:Board_shutDownExtFlash)
                  00007b80    00000040     dpl_cc26x2.a : ClockP_tirtos.oem4f (.text:ClockP_construct)
                  00007bc0    00000040                  : ClockP_tirtos.oem4f (.text:ClockP_create)
                  00007c00    00000040     driverlib.lib : osc.obj (.text:NOROM_OSC_HPOSCRelativeFrequencyOffsetGet)
                  00007c40    00000040     drivers_cc26x2.a : PWM.oem4f (.text:PWM_open)
                  00007c80    00000040                      : RingBuf.oem4f (.text:RingBuf_get)
                  00007cc0    00000040                      : UART.oem4f (.text:UART_open)
                  00007d00    00000040     sysbios.aem4f : BIOS.obj (.text:ti_sysbios_family_arm_cc26xx_Timer_setThreshold__I)
                  00007d40    00000040                   : BIOS.obj (.text:ti_sysbios_family_arm_m3_Hwi_getStackInfo__E)
                  00007d80    0000003e     dpl_cc26x2.a : HwiP_tirtos.oem4f (.text:HwiP_construct)
                  00007dbe    0000003e     drivers_cc26x2.a : LED.oem4f (.text:LED_setBrightnessLevel)
                  00007dfc    0000003e     rtsv7M4_T_le_v4SPD16_eabi.lib : _printfi.c.obj (.text:_fcpy)
                  00007e3a    0000003e     drivers_cc26x2.a : LED.oem4f (.text:clockTimeoutHandler)
                  00007e78    0000003c                      : GPTimerCC26XX.oem4f (.text:GPTimerCC26XX_unregisterInterrupt)
                  00007eb4    0000003c                      : LED.oem4f (.text:LED_setOff)
                  00007ef0    0000003c                      : PINCC26XX.oem4f (.text:PIN_setInterrupt)
                  00007f2c    0000003c                      : PINCC26XX.oem4f (.text:PIN_setOutputValue)
                  00007f68    0000003c     sysbios.aem4f : BIOS.obj (.text:ti_sysbios_family_arm_m3_Hwi_construct2__E)
                  00007fa4    0000003c     hello_pem4f.oem4f (.text:ti_sysbios_knl_Clock_create)
                  00007fe0    00000038     drivers_cc26x2.a : PINCC26XX.oem4f (.text:PIN_setConfig)
                  00008018    00000038     rtsv7M4_T_le_v4SPD16_eabi.lib : trgmsg.c.obj (.text:__TI_writemsg)
                  00008050    00000038     drivers_cc26x2.a : PowerCC26X2.oem4f (.text:notify)
                  00008088    00000038                      : UARTCC26XX.oem4f (.text:readData)
                  000080c0    00000038     hello.obj (.text:setLEDBrightness)
                  000080f8    00000038     sysbios.aem4f : BIOS.obj (.text:ti_sysbios_family_arm_cc26xx_Timer_getCurrentTick__E)
                  00008130    00000038                   : BIOS.obj (.text:ti_sysbios_family_arm_m3_Hwi_Instance_finalize__E)
                  00008168    00000038                   : BIOS.obj (.text:ti_sysbios_heaps_HeapMem_Instance_init__E)
                  000081a0    00000038                   : BIOS.obj (.text:ti_sysbios_knl_Clock_Instance_init__E)
                  000081d8    00000038     drivers_cc26x2.a : UARTCC26XX.oem4f (.text:writeData)
                  00008210    00000038     sysbios.aem4f : BIOS.obj (.text:xdc_runtime_System_atexit__E)
                  00008248    00000036     drivers_cc26x2.a : LED.oem4f (.text:LED_setOn)
                  0000827e    00000036                      : Timer.oem4f (.text:Timer_stop)
                  000082b4    00000036     rtsv7M4_T_le_v4SPD16_eabi.lib : strncpy.c.obj (.text:strncpy)
                  000082ea    00000002     sysbios.aem4f : BIOS.obj (.text:ti_sysbios_knl_Swi_Instance_finalize__E)
                  000082ec    00000034     drivers_cc26x2.a : GPTimerCC26XX.oem4f (.text:GPTimerCC26XXSetLoadMatch)
                  00008320    00000034                      : GPTimerCC26XX.oem4f (.text:GPTimerCC26XX_configureDebugStall)
                  00008354    00000034     driverlib.lib : aux_sysif.obj (.text:NOROM_AUXSYSIFOpModeChange)
                  00008388    00000034                   : sys_ctrl.obj (.text:NOROM_SysCtrlIdle)
                  000083bc    00000034     drivers_cc26x2.a : PWMTimerCC26XX.oem4f (.text:PWMTimerCC26XX_getperiodCounts)
                  000083f0    00000034     rtsv7M4_T_le_v4SPD16_eabi.lib : fopen.c.obj (.text:__TI_cleanup)
                  00008424    00000034                                   : trgmsg.c.obj (.text:__TI_readmsg)
                  00008458    00000034     drivers_cc26x2.a : UARTCC26XX.oem4f (.text:readData2RingBuf)
                  0000848c    00000034     hello_pem4f.oem4f (.text:ti_sysbios_knl_Semaphore_create)
                  000084c0    00000034     sysbios.aem4f : BIOS.obj (.text:ti_sysbios_knl_Swi_restore__E)
                  000084f4    00000034     ti.uia.loggers.aem4f : LoggerStopMode.oem4f (.text:ti_uia_loggers_LoggerStopMode_reset__E)
                  00008528    00000034     sysbios.aem4f : BIOS.obj (.text:xdc_runtime_SysMin_abort__E)
                  0000855c    00000034                   : BIOS.obj (.text:xdc_runtime_SysMin_putch__E)
                  00008590    00000032                   : BIOS.obj (.text:ti_sysbios_family_arm_cc26xx_Timer_setNextTick__E)
                  000085c2    00000002     hello_pem4f.oem4f (.text:ti_uia_loggers_LoggerStopMode_setFilterLevel__E)
                  000085c4    00000030     drivers_cc26x2.a : GPIOCC26XX.oem4f (.text:GPIO_hwiIntFxn)
                  000085f4    00000030                      : GPIOCC26XX.oem4f (.text:GPIO_setCallback)
                  00008624    00000030                      : GPTimerCC26XX.oem4f (.text:GPTimerCC26XX_close)
                  00008654    00000030                      : PINCC26XX.oem4f (.text:PINCC26XX_setMux)
                  00008684    00000030                      : PWMTimerCC26XX.oem4f (.text:PWMTimerCC26XX_start)
                  000086b4    00000030                      : PowerCC26X2.oem4f (.text:Power_releaseConstraint)
                  000086e4    00000030                      : PowerCC26X2.oem4f (.text:Power_setConstraint)
                  00008714    00000030                      : TimerCC26XX.oem4f (.text:Timer_close)
                  00008744    00000030     rtsv7M4_T_le_v4SPD16_eabi.lib : getdevice.c.obj (.text:finddevice)
                  00008774    00000030     hello_pem4f.oem4f (.text:ti_sysbios_BIOS_atExitFunc__I)
                  000087a4    00000030     hello_pem4f.oem4f (.text:ti_sysbios_BIOS_startFunc__I)
                  000087d4    00000030     sysbios.aem4f : BIOS.obj (.text:ti_sysbios_family_arm_cc26xx_Timer_initDevice__I)
                  00008804    00000030     hello_pem4f.oem4f (.text:ti_sysbios_gates_GateHwi_Object__create__S)
                  00008834    00000030     hello_pem4f.oem4f (.text:ti_sysbios_gates_GateMutex_Object__create__S)
                  00008864    00000030     sysbios.aem4f : BIOS.obj (.text:ti_sysbios_gates_GateMutex_enter__E)
                  00008894    00000030     hello_pem4f.oem4f (.text:ti_sysbios_heaps_HeapMem_Object__create__S)
                  000088c4    00000030     sysbios.aem4f : BIOS.obj (.text:ti_sysbios_heaps_HeapMem_free__E)
                  000088f4    00000030     hello_pem4f.oem4f (.text:ti_sysbios_knl_Clock_construct)
                  00008924    00000030     hello_pem4f.oem4f (.text:ti_sysbios_knl_Event_create)
                  00008954    00000030     hello_pem4f.oem4f (.text:ti_sysbios_knl_Semaphore_construct)
                  00008984    00000030     sysbios.aem4f : BIOS.obj (.text:ti_sysbios_knl_Task_processVitalTaskFlag__I)
                  000089b4    00000030     hello_pem4f.oem4f (.text:ti_sysbios_rts_MemAlloc_alloc)
                  000089e4    00000030     hello_pem4f.oem4f (.text:ti_uia_loggers_LoggerStopMode_Object__create__S)
                  00008a14    00000030     sysbios.aem4f : BIOS.obj (.text:xdc_runtime_System_processAtExit__E)
                  00008a44    0000002e     rtsv7M4_T_le_v4SPD16_eabi.lib : i_tofd_t2.asm.obj (.text)
                  00008a72    0000002e     sysbios.aem4f : BIOS.obj (.text:ti_sysbios_family_arm_m3_TaskSupport_start__E)
                  00008aa0    0000002e                   : BIOS.obj (.text:ti_sysbios_hal_Hwi_initStack)
                  00008ace    00000002     ti.uia.loggers.aem4f : LoggerStopMode.oem4f (.text:ti_uia_loggers_LoggerStopMode_setPriority__E)
                  00008ad0    0000002c     drivers_cc26x2.a : GPTimerCC26XX.oem4f (.text:GPTimerCC26XX_getTimerValue)
                  00008afc    0000002c                      : PWMTimerCC26XX.oem4f (.text:PWMTimerCC26XX_close)
                  00008b28    0000002c                      : PWMTimerCC26XX.oem4f (.text:PWMTimerCC26XX_stop)
                  00008b54    0000002c     dpl_cc26x2.a : SemaphoreP_tirtos.oem4f (.text:SemaphoreP_constructBinary)
                  00008b80    0000002c                  : SemaphoreP_tirtos.oem4f (.text:SemaphoreP_createBinary)
                  00008bac    0000002c     hello_pem4f.oem4f (.text:ti_sysbios_gates_GateHwi_Handle__label__S)
                  00008bd8    0000002c     hello_pem4f.oem4f (.text:ti_sysbios_gates_GateMutex_Handle__label__S)
                  00008c04    0000002c     hello_pem4f.oem4f (.text:ti_sysbios_heaps_HeapMem_Handle__label__S)
                  00008c30    0000002c     sysbios.aem4f : BIOS.obj (.text:ti_sysbios_knl_Clock_getTicksUntilInterrupt__E)
                  00008c5c    0000002c                   : BIOS.obj (.text:ti_sysbios_knl_Event_pendTimeout__I)
                  00008c88    0000002c     hello_pem4f.oem4f (.text:ti_sysbios_knl_Queue_construct)
                  00008cb4    0000002c     sysbios.aem4f : BIOS.obj (.text:ti_sysbios_knl_Semaphore_pendTimeout__I)
                  00008ce0    0000002c                   : BIOS.obj (.text:ti_sysbios_knl_Task_restore__E)
                  00008d0c    0000002c     hello_pem4f.oem4f (.text:ti_uia_loggers_LoggerStopMode_Handle__label__S)
                  00008d38    0000002c     rtsv7M4_T_le_v4SPD16_eabi.lib : unlink.c.obj (.text:unlink)
                  00008d64    00000028     drivers_cc26x2.a : GPIOCC26XX.oem4f (.text:GPIO_read)
                  00008d8c    00000028                      : PowerCC26X2.oem4f (.text:Power_registerNotify)
                  00008db4    00000028                      : TimerCC26XX.oem4f (.text:TimerCC26XX_callbackfxn)
                  00008ddc    00000028     rtsv7M4_T_le_v4SPD16_eabi.lib : lseek.c.obj (.text:lseek)
                  00008e04    00000028     drivers_cc26x2.a : PowerCC26X2.oem4f (.text:oscillatorISR)
                  00008e2c    00000028     sysbios.aem4f : m3_Hwi_asm.obj (.text:ti_sysbios_family_arm_m3_Hwi_excHandlerAsm__I)
                  00008e54    00000028                   : BIOS.obj (.text:ti_sysbios_knl_Clock_addI__E)
                  00008e7c    00000028     rtsv7M4_T_le_v4SPD16_eabi.lib : write.c.obj (.text:write)
                  00008ea4    00000026     drivers_cc26x2.a : GPTimerCC26XX.oem4f (.text:GPTimerCC26XXLookupMask)
                  00008eca    00000026                      : List.oem4f (.text:List_put)
                  00008ef0    00000026                      : List.oem4f (.text:List_remove)
                  00008f16    00000026     sysbios.aem4f : m3_Hwi_asm.obj (.text:ti_sysbios_family_arm_m3_Hwi_pendSV__I)
                  00008f3c    00000024     drivers_cc26x2.a : GPTimerCC26XX.oem4f (.text:GPTimerCC26XX_enableInterrupt)
                  00008f60    00000024     driverlib.lib : osc.obj (.text:NOROM_OSCHF_TurnOnXosc)
                  00008f84    00000024     drivers_cc26x2.a : PowerCC26X2_calibrateRCOSC.oem4f (.text:getTdcSemaphore)
                  00008fa8    00000024     hello_pem4f.oem4f (.text:ti_sysbios_BIOS_registerRTSLock__I)
                  00008fcc    00000024     hello_pem4f.oem4f (.text:ti_sysbios_BIOS_removeRTSLock__I)
                  00008ff0    00000024     sysbios.aem4f : BIOS.obj (.text:ti_sysbios_family_arm_cc26xx_Timer_Module_startup__E)
                  00009014    00000024                   : BIOS.obj (.text:ti_sysbios_family_arm_cc26xx_Timer_getMaxTicks__E)
                  00009038    00000024                   : BIOS.obj (.text:ti_sysbios_family_arm_cc26xx_Timer_startup__E)
                  0000905c    00000024     hello_pem4f.oem4f (.text:ti_sysbios_gates_GateMutex_Object__delete__S)
                  00009080    00000024     sysbios.aem4f : BIOS.obj (.text:ti_sysbios_knl_Clock_Module_startup__E)
                  000090a4    00000024                   : BIOS.obj (.text:ti_sysbios_knl_Semaphore_Instance_init__E)
                  000090c8    00000024     hello_pem4f.oem4f (.text:ti_sysbios_knl_Semaphore_Object__delete__S)
                  000090ec    00000024     sysbios.aem4f : BIOS.obj (.text:ti_sysbios_knl_Swi_Module_startup__E)
                  00009110    00000024                   : BIOS.obj (.text:ti_sysbios_knl_Task_restoreHwi__E)
                  00009134    00000024     hello.obj (.text:uartCallBack)
                  00009158    00000022     drivers_cc26x2.a : GPTimerCC26XX.oem4f (.text:GPTimerCC26XXReverseLookupMask)
                  0000917a    00000022                      : LED.oem4f (.text:LED_stopBlinking)
                  0000919c    00000022     sysbios.aem4f : BIOS.obj (.text:ti_sysbios_family_arm_cc26xx_Timer_postInit__I)
                  000091be    00000022     hello_pem4f.oem4f (.text:xdc_runtime_SysMin_output__I)
                  000091e0    00000020     ti_drivers_config.obj (.text:Board_init)
                  00009200    00000020     drivers_cc26x2.a : PINCC26XX.oem4f (.text:PINCC26XX_setIoCfgMux)
                  00009220    00000020                      : PowerCC26X2.oem4f (.text:Power_unregisterNotify)
                  00009240    00000020     rtsv7M4_T_le_v4SPD16_eabi.lib : memchr.c.obj (.text:memchr)
                  00009260    00000020     drivers_cc26x2.a : UARTCC26XX.oem4f (.text:threadSafeStdbyDisRelease)
                  00009280    00000020                      : UARTCC26XX.oem4f (.text:threadSafeStdbyDisSet)
                  000092a0    00000020     hello_pem4f.oem4f (.text:ti_sysbios_BIOS_rtsLock__I)
                  000092c0    00000020     sysbios.aem4f : BIOS.obj (.text:ti_sysbios_family_arm_cc26xx_Timer_dynamicStub__E)
                  000092e0    00000020                   : BIOS.obj (.text:ti_sysbios_family_arm_cc26xx_TimestampProvider_Module_startup__E)
                  00009300    00000020     hello_pem4f.oem4f (.text:ti_sysbios_gates_GateHwi_Object__delete__S)
                  00009320    00000020     hello_pem4f.oem4f (.text:ti_sysbios_heaps_HeapMem_Object__delete__S)
                  00009340    00000020     hello_pem4f.oem4f (.text:ti_sysbios_knl_Clock_destruct)
                  00009360    00000020     sysbios.aem4f : BIOS.obj (.text:ti_sysbios_knl_Clock_getTicks__E)
                  00009380    00000020                   : BIOS.obj (.text:ti_sysbios_knl_Clock_stop__E)
                  000093a0    00000020                   : BIOS.obj (.text:ti_sysbios_knl_Event_checkEvents__I)
                  000093c0    00000020                   : BIOS.obj (.text:ti_sysbios_knl_Idle_run__E)
                  000093e0    00000020     hello_pem4f.oem4f (.text:ti_sysbios_knl_Semaphore_destruct)
                  00009400    00000020     hello_pem4f.oem4f (.text:ti_uia_loggers_LoggerStopMode_Object__delete__S)
                  00009420    00000020     sysbios.aem4f : BIOS.obj (.text:xdc_runtime_SysMin_Module_startup__E)
                  00009440    0000001e     drivers_cc26x2.a : PINCC26XX.oem4f (.text:PIN_close)
                  0000945e    0000001e                      : PowerCC26X2.oem4f (.text:Power_getTransitionLatency)
                  0000947c    0000001e                      : Button.oem4f (.text:msToTicks)
                  0000949a    0000001e                      : LED.oem4f (.text:msToTicks)
                  000094b8    0000001e     sysbios.aem4f : m3_Hwi_asm_switch.obj (.text:ti_sysbios_family_xxx_Hwi_switchAndRunFunc)
                  000094d6    00000002                   : BIOS.obj (.text:xdc_runtime_Error_policySpin__E)
                  000094d8    0000001c     driverlib.lib : chipinfo.obj (.text:NOROM_ChipInfo_GetChipFamily)
                  000094f4    0000001c     drivers_cc26x2.a : PINCC26XX.oem4f (.text:PIN_hwi)
                  00009510    0000001c     dpl_cc26x2.a : PowerCC26X2_tirtos.oem4f (.text:PowerCC26XX_schedulerDisable)
                  0000952c    0000001c                  : PowerCC26X2_tirtos.oem4f (.text:PowerCC26XX_schedulerRestore)
                  00009548    0000001c     hello.obj (.text:buttonCallback)
                  00009564    0000001c     rtsv7M4_T_le_v4SPD16_eabi.lib : memccpy.c.obj (.text:memccpy)
                  00009580    0000001c     hello_pem4f.oem4f (.text:ti_sysbios_family_arm_m3_Hwi_destruct)
                  0000959c    0000001c     sysbios.aem4f : BIOS.obj (.text:ti_sysbios_family_arm_m3_Hwi_excHandler__I)
                  000095b8    0000001c                   : BIOS.obj (.text:ti_sysbios_family_arm_m3_Hwi_setPriority__E)
                  000095d4    0000001c                   : BIOS.obj (.text:ti_sysbios_gates_GateMutex_Instance_init__E)
                  000095f0    0000001c                   : BIOS.obj (.text:ti_sysbios_knl_Clock_scheduleNextTick__E)
                  0000960c    0000001c     hello_pem4f.oem4f (.text:ti_sysbios_knl_Queue_destruct)
                  00009628    0000001c     sysbios.aem4f : BIOS.obj (.text:ti_sysbios_knl_Queue_put__E)
                  00009644    0000001c                   : BIOS.obj (.text:ti_sysbios_knl_Swi_construct2__E)
                  00009660    0000001c     hello_pem4f.oem4f (.text:ti_sysbios_knl_Swi_destruct)
                  0000967c    0000001c     sysbios.aem4f : BIOS.obj (.text:ti_sysbios_knl_Task_enter__I)
                  00009698    0000001c     ti.uia.loggers.aem4f : LoggerStopMode.oem4f (.text:ti_uia_loggers_LoggerStopMode_Instance_init__E)
                  000096b4    0000001c     sysbios.aem4f : BIOS.obj (.text:xdc_runtime_Error_check__E)
                  000096d0    0000001c                   : BIOS.obj (.text:xdc_runtime_Error_raiseX__E)
                  000096ec    0000001c                   : BIOS.obj (.text:xdc_runtime_Memory_valloc__E)
                  00009708    0000001c                   : BIOS.obj (.text:xdc_runtime_SysMin_exit__E)
                  00009724    0000001c                   : BIOS.obj (.text:xdc_runtime_System_abort__E)
                  00009740    0000001a     drivers_cc26x2.a : LED.oem4f (.text:LED_toggle)
                  0000975a    0000001a                      : PWMTimerCC26XX.oem4f (.text:PWMTimerCC26XX_control)
                  00009774    0000001a                      : PowerCC26X2.oem4f (.text:PowerCC26XX_calibrate)
                  0000978e    0000001a     rtsv7M4_T_le_v4SPD16_eabi.lib : s_copysign.c.obj (.text:copysign)
                  000097a8    0000001a     hello_pem4f.oem4f (.text:free)
                  000097c2    00000002     sysbios.aem4f : BIOS.obj (.text:xdc_runtime_System_abortSpin__E)
                  000097c4    00000018     driverlib.lib : chipinfo.obj (.text:NOROM_ChipInfo_GetPackageType)
                  000097dc    00000018     drivers_cc26x2.a : PowerCC26X2.oem4f (.text:Power_idleFunc)
                  000097f4    00000018                      : UART.oem4f (.text:UART_Params_init)
                  0000980c    00000018     rtsv7M4_T_le_v4SPD16_eabi.lib : args_main.c.obj (.text:_args_main)
                  00009824    00000018                                   : ll_mul_t2.asm.obj (.text)
                  0000983c    00000018                                   : strcmp.c.obj (.text:strcmp)
                  00009854    00000018     drivers_cc26x2.a : PowerCC26X2.oem4f (.text:switchToTCXO)
                  0000986c    00000018     hello_pem4f.oem4f (.text:ti_sysbios_BIOS_rtsUnlock__I)
                  00009884    00000018     hello_pem4f.oem4f (.text:ti_sysbios_family_arm_cc26xx_Timer_Module__startupDone__F)
                  0000989c    00000018     hello_pem4f.oem4f (.text:ti_sysbios_family_arm_m3_Hwi_Module__startupDone__F)
                  000098b4    00000018     sysbios.aem4f : BIOS.obj (.text:ti_sysbios_family_arm_m3_Hwi_plug__E)
                  000098cc    00000018                   : m3_TaskSupport_asm.obj (.text:ti_sysbios_family_arm_m3_TaskSupport_swap__E)
                  000098e4    00000018                   : BIOS.obj (.text:ti_sysbios_gates_GateMutex_leave__E)
                  000098fc    00000018                   : BIOS.obj (.text:ti_sysbios_knl_Swi_or__E)
                  00009914    00000018                   : BIOS.obj (.text:ti_sysbios_knl_Task_unblock__E)
                  0000992c    00000018                   : BIOS.obj (.text:xdc_runtime_Error_init__E)
                  00009944    00000018                   : BIOS.obj (.text:xdc_runtime_System_exit__E)
                  0000995c    00000018                   : BIOS.obj (.text:xdc_runtime_Text_ropeText__E)
                  00009974    00000016     driverlib.lib : chipinfo.obj (.text:NOROM_ThisLibraryIsFor_CC13x2_CC26x2_HwRev20AndLater_HaltIfViolated)
                  0000998a    00000016     rtsv7M4_T_le_v4SPD16_eabi.lib : strchr.c.obj (.text:strchr)
                  000099a0    00000016     hello_pem4f.oem4f (.text:ti_sysbios_BIOS_exitFunc__I)
                  000099b6    00000016     sysbios.aem4f : BIOS.obj (.text:ti_sysbios_family_arm_cc26xx_TimestampProvider_get64__E)
                  000099cc    00000016                   : BIOS.obj (.text:ti_sysbios_knl_Clock_Instance_finalize__E)
                  000099e2    00000016                   : BIOS.obj (.text:ti_sysbios_knl_Clock_start__E)
                  000099f8    00000016     hello.obj (.text:ti_sysbios_knl_Event_Params_init)
                  00009a0e    00000016     hello.obj (.text:ti_sysbios_knl_Task_Params_init)
                  00009a24    00000016     ti.uia.loggers.aem4f : LoggerStopMode.oem4f (.text:ti_uia_loggers_LoggerStopMode_disable__E)
                  00009a3a    00000016                          : LoggerStopMode.oem4f (.text:ti_uia_loggers_LoggerStopMode_enable__E)
                  00009a50    00000014     drivers_cc26x2.a : PINCC26XX.oem4f (.text:PINCC26XX_getPinCount)
                  00009a64    00000014                      : PWM.oem4f (.text:PWM_Params_init)
                  00009a78    00000014                      : PowerCC26X2_calibrateRCOSC.oem4f (.text:PowerCC26X2_calibrate)
                  00009a8c    00000014     rtsv7M4_T_le_v4SPD16_eabi.lib : strcpy.c.obj (.text:strcpy)
                  00009aa0    00000014                                   : strlen.c.obj (.text:strlen)
                  00009ab4    00000014     sysbios.aem4f : BIOS.obj (.text:ti_sysbios_family_arm_cc26xx_Timer_getCount64__E)
                  00009ac8    00000014     hello_pem4f.oem4f (.text:ti_sysbios_family_arm_m3_Hwi_Object__get__S)
                  00009adc    00000014     sysbios.aem4f : BIOS.obj (.text:ti_sysbios_family_arm_m3_Hwi_switchFromBootStack__E)
                  00009af0    00000014     hello_pem4f.oem4f (.text:ti_sysbios_heaps_HeapMem_Object__get__S)
                  00009b04    00000014     hello_pem4f.oem4f (.text:ti_sysbios_knl_Clock_doTick__I)
                  00009b18    00000014     sysbios.aem4f : BIOS.obj (.text:ti_sysbios_knl_Event_Instance_init__E)
                  00009b2c    00000014     hello_pem4f.oem4f (.text:ti_sysbios_knl_Swi_Object__get__S)
                  00009b40    00000014     drivers_cc26x2.a : Button.oem4f (.text:timediff)
                  00009b54    00000012                      : GPTimerCC26XX.oem4f (.text:GPTimerCC26XX_Params_init)
                  00009b66    00000012                      : LED.oem4f (.text:LED_Params_init)
                  00009b78    00000012                      : RingBuf.oem4f (.text:RingBuf_construct)
                  00009b8a    00000012     dpl_cc26x2.a : SemaphoreP_tirtos.oem4f (.text:SemaphoreP_pend)
                  00009b9c    00000012     sysbios.aem4f : BIOS.obj (.text:ti_sysbios_hal_Hwi_Module_startup__E)
                  00009bae    00000012     rtsv7M4_T_le_v4SPD16_eabi.lib : wcslen.c.obj (.text:wcslen)
                  00009bc0    00000012     hello_pem4f.oem4f (.text:xdc_runtime_Startup_exec__I)
                  00009bd2    00000002     sysbios.aem4f : BIOS.obj (.text:xdc_runtime_System_exitSpin__E)
                  00009bd4    00000010     drivers_cc26x2.a : Button.oem4f (.text:Button_Params_init)
                  00009be4    00000010                      : GPIOCC26XX.oem4f (.text:GPIO_getConfig)
                  00009bf4    00000010     dpl_cc26x2.a : HwiP_tirtos.oem4f (.text:HwiP_Params_init)
                  00009c04    00000010                  : SwiP_tirtos.oem4f (.text:SwiP_Params_init)
                  00009c14    00000010     drivers_cc26x2.a : TimerCC26XX.oem4f (.text:TimerSupport_timerFullWidth)
                  00009c24    00000010                      : Timer.oem4f (.text:Timer_Params_init)
                  00009c34    00000010     sysbios.aem4f : BIOS.obj (.text:ti_sysbios_BIOS_exit__E)
                  00009c44    00000010                   : BIOS.obj (.text:ti_sysbios_BIOS_getCpuFreq__E)
                  00009c54    00000010                   : BIOS.obj (.text:ti_sysbios_BIOS_setThreadType__E)
                  00009c64    00000010                   : BIOS.obj (.text:ti_sysbios_BIOS_start__E)
                  00009c74    00000010                   : m3_TaskSupport_asm.obj (.text:ti_sysbios_family_arm_m3_TaskSupport_glue)
                  00009c84    00000010                   : BIOS.obj (.text:ti_sysbios_gates_GateMutex_Instance_finalize__E)
                  00009c94    00000010                   : BIOS.obj (.text:ti_sysbios_knl_Semaphore_Instance_finalize__E)
                  00009ca4    00000010                   : BIOS.obj (.text:ti_sysbios_knl_Swi_disable__E)
                  00009cb4    00000010                   : BIOS.obj (.text:ti_sysbios_knl_Swi_enabled__E)
                  00009cc4    00000010     hello_pem4f.oem4f (.text:ti_sysbios_knl_Task_Object__get__S)
                  00009cd4    00000010     sysbios.aem4f : BIOS.obj (.text:ti_sysbios_knl_Task_disable__E)
                  00009ce4    00000010     hello_pem4f.oem4f (.text:ti_uia_loggers_LoggerStopMode_Object__get__S)
                  00009cf4    00000010     ti.uia.loggers.aem4f : LoggerStopMode.oem4f (.text:ti_uia_loggers_LoggerStopMode_isEmpty__E)
                  00009d04    00000010     drivers_cc26x2.a : UARTCC26XX.oem4f (.text:uartPostNotify)
                  00009d14    00000010     sysbios.aem4f : BIOS.obj (.text:xdc_runtime_Gate_leaveSystem__E)
                  00009d24    00000010                   : BIOS.obj (.text:xdc_runtime_Memory_free__E)
                  00009d34    0000000e     rtsv7M4_T_le_v4SPD16_eabi.lib : copy_decompress_none.c.obj (.text:decompress:none:__TI_decompress_none)
                  00009d42    0000000e     sysbios.aem4f : BIOS.obj (.text:ti_sysbios_heaps_HeapMem_restore__E)
                  00009d50    0000000e                   : BIOS.obj (.text:ti_sysbios_knl_Queue_empty__E)
                  00009d5e    0000000e                   : BIOS.obj (.text:ti_sysbios_knl_Queue_remove__E)
                  00009d6c    0000000c     dpl_cc26x2.a : ClockP_tirtos.oem4f (.text:ClockP_getSystemTickPeriod)
                  00009d78    0000000c     driverlib.lib : cpu.obj (.text:NOROM_CPUcpsid)
                  00009d84    0000000c                   : cpu.obj (.text:NOROM_CPUcpsie)
                  00009d90    0000000c     drivers_cc26x2.a : PINCC26XX.oem4f (.text:PIN_registerIntCb)
                  00009d9c    0000000c                      : PowerCC26X2.oem4f (.text:Power_getConstraintMask)
                  00009da8    0000000c                      : PowerCC26X2.oem4f (.text:Power_getDependencyCount)
                  00009db4    0000000c     dpl_cc26x2.a : SemaphoreP_tirtos.oem4f (.text:SemaphoreP_delete)
                  00009dc0    0000000c     drivers_cc26x2.a : TimerCC26XX.oem4f (.text:TimerSupport_timerLoad)
                  00009dcc    0000000c     rtsv7M4_T_le_v4SPD16_eabi.lib : _lock.c.obj (.text:_register_lock)
                  00009dd8    0000000c                                   : _lock.c.obj (.text:_register_unlock)
                  00009de4    0000000c                                   : copy_zero_init.c.obj (.text:decompress:ZI:__TI_zero_init)
                  00009df0    0000000c     hello_pem4f.oem4f (.text:ti_sysbios_family_arm_m3_Hwi_Params__init__S)
                  00009dfc    0000000c     sysbios.aem4f : BIOS.obj (.text:ti_sysbios_family_arm_m3_Hwi_disableFxn__E)
                  00009e08    0000000c                   : BIOS.obj (.text:ti_sysbios_family_arm_m3_TaskSupport_getStackAlignment__E)
                  00009e14    0000000c                   : BIOS.obj (.text:ti_sysbios_gates_GateHwi_enter__E)
                  00009e20    0000000c     hello_pem4f.oem4f (.text:ti_sysbios_knl_Clock_Params__init__S)
                  00009e2c    0000000c     sysbios.aem4f : BIOS.obj (.text:ti_sysbios_knl_Clock_getTimerHandle__E)
                  00009e38    0000000c     hello_pem4f.oem4f (.text:ti_sysbios_knl_Event_Params__init__S)
                  00009e44    0000000c     hello_pem4f.oem4f (.text:ti_sysbios_knl_Queue_Object__get__S)
                  00009e50    0000000c     sysbios.aem4f : BIOS.obj (.text:ti_sysbios_knl_Queue_dequeue__E)
                  00009e5c    0000000c                   : BIOS.obj (.text:ti_sysbios_knl_Queue_enqueue__E)
                  00009e68    0000000c     hello_pem4f.oem4f (.text:ti_sysbios_knl_Semaphore_Params__init__S)
                  00009e74    0000000c     hello_pem4f.oem4f (.text:ti_sysbios_knl_Swi_Params__init__S)
                  00009e80    0000000c     sysbios.aem4f : BIOS.obj (.text:ti_sysbios_knl_Swi_getTrigger__E)
                  00009e8c    0000000c     hello_pem4f.oem4f (.text:ti_sysbios_knl_Task_Params__init__S)
                  00009e98    0000000c     sysbios.aem4f : BIOS.obj (.text:ti_sysbios_knl_Task_self__E)
                  00009ea4    0000000c                   : BIOS.obj (.text:xdc_runtime_Gate_enterSystem__E)
                  00009eb0    0000000c                   : BIOS.obj (.text:xdc_runtime_Memory_calloc__E)
                  00009ebc    0000000c                   : BIOS.obj (.text:xdc_runtime_Memory_getMaxDefaultTypeAlign__E)
                  00009ec8    0000000c                   : BIOS.obj (.text:xdc_runtime_Startup_rtsDone__E)
                  00009ed4    0000000a     dpl_cc26x2.a : ClockP_tirtos.oem4f (.text:ClockP_Params_init)
                  00009ede    0000000a     drivers_cc26x2.a : PWM.oem4f (.text:PWM_close)
                  00009ee8    0000000a                      : PWM.oem4f (.text:PWM_setDuty)
                  00009ef2    0000000a                      : PWM.oem4f (.text:PWM_start)
                  00009efc    0000000a                      : TimerCC26XX.oem4f (.text:TimerSupport_timerDisable)
                  00009f06    0000000a                      : TimerCC26XX.oem4f (.text:TimerSupport_timerEnable)
                  00009f10    0000000a                      : UART.oem4f (.text:UART_read)
                  00009f1a    0000000a                      : UARTCC26XX.oem4f (.text:readSemCallback)
                  00009f24    0000000a     hello_pem4f.oem4f (.text:xdc_runtime_IHeap_alloc)
                  00009f2e    0000000a     hello_pem4f.oem4f (.text:xdc_runtime_IHeap_free)
                  00009f38    00000008     drivers_cc26x2.a : GPTimerCC26XX.oem4f (.text:GPTimerCC26XX_setLoadValue)
                  00009f40    00000008                      : GPTimerCC26XX.oem4f (.text:GPTimerCC26XX_setMatchValue)
                  00009f48    00000008                      : UARTCC26XX.oem4f (.text:UARTCC26XX_init)
                  00009f50    00000008     rtsv7M4_T_le_v4SPD16_eabi.lib : errno.c.obj (.text:__aeabi_errno_addr)
                  00009f58    00000008     sysbios.aem4f : BIOS.obj (.text:ti_sysbios_family_arm_m3_Hwi_doSwiRestore__I)
                  00009f60    00000008                   : BIOS.obj (.text:ti_sysbios_family_arm_m3_Hwi_startup__E)
                  00009f68    00000008                   : BIOS.obj (.text:ti_sysbios_knl_Idle_loop__E)
                  00009f70    00000008     drivers_cc26x2.a : UARTCC26XX.oem4f (.text:writeSemCallback)
                  00009f78    00000006                      : GPTimerCC26XX.oem4f (.text:GPTimerCC26XX_getArg)
                  00009f7e    00000006                      : GPTimerCC26XX.oem4f (.text:GPTimerCC26XX_getValue)
                  00009f84    00000006                      : GPTimerCC26XX.oem4f (.text:GPTimerCC26XX_setArg)
                  00009f8a    00000006     driverlib.lib : cpu.obj (.text:NOROM_CPUdelay)
                  00009f90    00000006     drivers_cc26x2.a : UARTCC26XX.oem4f (.text:UARTCC26XX_readPolling)
                  00009f96    00000006                      : UARTCC26XX.oem4f (.text:UARTCC26XX_writePolling)
                  00009f9c    00000006                      : PowerCC26X2.oem4f (.text:delayUs)
                  00009fa2    00000006     sysbios.aem4f : BIOS.obj (.text:ti_sysbios_family_arm_m3_Hwi_doTaskRestore__I)
                  00009fa8    00000006                   : BIOS.obj (.text:ti_sysbios_family_arm_m3_Hwi_restoreFxn__E)
                  00009fae    00000006                   : BIOS.obj (.text:ti_sysbios_gates_GateHwi_leave__E)
                  00009fb4    00000006                   : BIOS.obj (.text:ti_sysbios_heaps_HeapMem_isBlocking__E)
                  00009fba    00000006                   : BIOS.obj (.text:ti_sysbios_knl_Queue_Instance_init__E)
                  00009fc0    00000006                   : BIOS.obj (.text:ti_sysbios_knl_Queue_elemClear__E)
                  00009fc6    00000006                   : BIOS.obj (.text:ti_sysbios_knl_Swi_startup__E)
                  00009fcc    00000006                   : BIOS.obj (.text:xdc_runtime_System_Module_startup__E)
                  00009fd2    00000004     dpl_cc26x2.a : PowerCC26X2_tirtos.oem4f (.text:CPUwfi)
                  00009fd6    00000004                  : ClockP_tirtos.oem4f (.text:ClockP_destruct)
                  00009fda    00000004                  : ClockP_tirtos.oem4f (.text:ClockP_getCpuFreq)
                  00009fde    00000004                  : ClockP_tirtos.oem4f (.text:ClockP_setTimeout)
                  00009fe2    00000004                  : ClockP_tirtos.oem4f (.text:ClockP_start)
                  00009fe6    00000004                  : ClockP_tirtos.oem4f (.text:ClockP_stop)
                  00009fea    00000004                  : HwiP_tirtos.oem4f (.text:HwiP_destruct)
                  00009fee    00000004                  : HwiP_tirtos.oem4f (.text:HwiP_disable)
                  00009ff2    00000004                  : SemaphoreP_tirtos.oem4f (.text:SemaphoreP_destruct)
                  00009ff6    00000004                  : SemaphoreP_tirtos.oem4f (.text:SemaphoreP_post)
                  00009ffa    00000004                  : SwiP_tirtos.oem4f (.text:SwiP_destruct)
                  00009ffe    00000004                  : SwiP_tirtos.oem4f (.text:SwiP_getTrigger)
                  0000a002    00000004                  : SwiP_tirtos.oem4f (.text:SwiP_or)
                  0000a006    00000004     rtsv7M4_T_le_v4SPD16_eabi.lib : printf.c.obj (.text:_outc)
                  0000a00a    00000004                                   : printf.c.obj (.text:_outs)
                  0000a00e    00000004     drivers_cc26x2.a : PowerCC26X2.oem4f (.text:configureRFCoreClocks)
                  0000a012    00000004                      : PowerCC26X2.oem4f (.text:nopResourceHandler)
                  0000a016    00000004     hello_pem4f.oem4f (.text:ti_sysbios_BIOS_RtsGateProxy_enter__E)
                  0000a01a    00000004     hello_pem4f.oem4f (.text:ti_sysbios_BIOS_RtsGateProxy_leave__E)
                  0000a01e    00000004     sysbios.aem4f : BIOS.obj (.text:ti_sysbios_family_arm_cc26xx_Timer_setPeriod__E)
                  0000a022    00000004     hello_pem4f.oem4f (.text:ti_sysbios_family_arm_m3_TaskSupport_Module__startupDone__S)
                  0000a026    00000004     sysbios.aem4f : BIOS.obj (.text:ti_sysbios_gates_GateHwi_query__E)
                  0000a02a    00000004                   : BIOS.obj (.text:ti_sysbios_gates_GateMutex_query__E)
                  0000a02e    00000004     hello_pem4f.oem4f (.text:ti_sysbios_heaps_HeapMem_Module_GateProxy_enter__E)
                  0000a032    00000004     hello_pem4f.oem4f (.text:ti_sysbios_heaps_HeapMem_Module_GateProxy_leave__E)
                  0000a036    00000004     hello_pem4f.oem4f (.text:ti_sysbios_knl_Clock_TimerProxy_getCurrentTick__E)
                  0000a03a    00000004     hello_pem4f.oem4f (.text:ti_sysbios_knl_Clock_TimerProxy_getMaxTicks__E)
                  0000a03e    00000004     hello_pem4f.oem4f (.text:ti_sysbios_knl_Clock_TimerProxy_setNextTick__E)
                  0000a042    00000004     sysbios.aem4f : BIOS.obj (.text:ti_sysbios_knl_Clock_removeI__E)
                  0000a046    00000004                   : BIOS.obj (.text:ti_sysbios_knl_Clock_setTimeout__E)
                  0000a04a    00000004                   : BIOS.obj (.text:ti_sysbios_knl_Queue_head__E)
                  0000a04e    00000004                   : BIOS.obj (.text:ti_sysbios_knl_Queue_next__E)
                  0000a052    00000004                   : BIOS.obj (.text:ti_sysbios_knl_Queue_prev__E)
                  0000a056    00000004     hello_pem4f.oem4f (.text:ti_sysbios_knl_Semaphore_delete)
                  0000a05a    00000004     sysbios.aem4f : BIOS.obj (.text:ti_sysbios_knl_Swi_postInit__I)
                  0000a05e    00000004                   : BIOS.obj (.text:ti_sysbios_knl_Task_startup__E)
                  0000a062    00000004     ti.uia.loggers.aem4f : LoggerStopMode.oem4f (.text:ti_uia_loggers_LoggerStopMode_getContents__E)
                  0000a066    00000004     hello_pem4f.oem4f (.text:ti_uia_loggers_LoggerStopMode_getFilterLevel__E)
                  0000a06a    00000004     ti.uia.loggers.aem4f : LoggerStopMode.oem4f (.text:ti_uia_loggers_LoggerStopMode_getInstanceId__E)
                  0000a06e    00000004                          : LoggerStopMode.oem4f (.text:ti_uia_loggers_LoggerStopMode_getMaxLength__E)
                  0000a072    00000004                          : LoggerStopMode.oem4f (.text:ti_uia_loggers_LoggerStopMode_getPriority__E)
                  0000a076    00000004                          : LoggerStopMode.oem4f (.text:ti_uia_loggers_LoggerStopMode_getTransferType__E)
                  0000a07a    00000004     hello_pem4f.oem4f (.text:xdc_runtime_System_Module_GateProxy_enter__E)
                  0000a07e    00000004     hello_pem4f.oem4f (.text:xdc_runtime_System_Module_GateProxy_leave__E)

.const     0    0000a084    000009c0     
                  0000a084    00000101     rtsv7M4_T_le_v4SPD16_eabi.lib : ctype.c.obj (.const:.string:_ctypes_)
                  0000a185    00000002     ti_drivers_config.obj (.const:LEDHWAttrs)
                  0000a187    00000001     ti_drivers_config.obj (.const:ButtonHWAttrs)
                  0000a188    00000060     hello_pem4f.oem4f (.const:ti_uia_loggers_LoggerStopMode_Module__FXNS__C)
                  0000a1e8    00000054     drivers_cc26x2.a : PowerCC26X2.oem4f (.const:resourceDB)
                  0000a23c    0000003c     hello_pem4f.oem4f (.const:ti_sysbios_knl_Task_Object__PARAMS__C)
                  0000a278    00000030     hello_pem4f.oem4f (.const:ti_sysbios_family_arm_m3_Hwi_Object__PARAMS__C)
                  0000a2a8    00000028     drivers_cc26x2.a : UARTCC26XX.oem4f (.const:UARTCC26XX_fxnTable)
                  0000a2d0    00000028     hello_pem4f.oem4f (.const:ti_sysbios_heaps_HeapMem_Module__FXNS__C)
                  0000a2f8    00000028     hello_pem4f.oem4f (.const:ti_sysbios_knl_Swi_Object__PARAMS__C)
                  0000a320    00000028     hello_pem4f.oem4f (.const:ti_uia_loggers_LoggerStopMode_Object__PARAMS__C)
                  0000a348    00000028     ti_drivers_config.obj (.const:uartCC26XXHWAttrs)
                  0000a370    00000028     hello_pem4f.oem4f (.const:xdc_runtime_Startup_sfxnTab__A)
                  0000a398    00000024     drivers_cc26x2.a : PWMTimerCC26XX.oem4f (.const:PWMTimerCC26XX_fxnTable)
                  0000a3bc    00000024                      : UART.oem4f (.const:UART_defaultParams)
                  0000a3e0    00000024     hello_pem4f.oem4f (.const:ti_sysbios_gates_GateHwi_Module__FXNS__C)
                  0000a404    00000024     hello_pem4f.oem4f (.const:ti_sysbios_gates_GateMutex_Module__FXNS__C)
                  0000a428    00000024     hello_pem4f.oem4f (.const:ti_sysbios_heaps_HeapMem_Object__PARAMS__C)
                  0000a44c    00000024     hello_pem4f.oem4f (.const:ti_sysbios_knl_Clock_Object__PARAMS__C)
                  0000a470    00000024     hello_pem4f.oem4f (.const:ti_sysbios_knl_Semaphore_Object__PARAMS__C)
                  0000a494    00000020     hello_pem4f.oem4f (.const:ti_sysbios_family_arm_m3_Hwi_Object__DESC__C)
                  0000a4b4    00000020     hello_pem4f.oem4f (.const:ti_sysbios_gates_GateHwi_Object__DESC__C)
                  0000a4d4    00000020     hello_pem4f.oem4f (.const:ti_sysbios_gates_GateMutex_Object__DESC__C)
                  0000a4f4    00000020     hello_pem4f.oem4f (.const:ti_sysbios_heaps_HeapMem_Object__DESC__C)
                  0000a514    00000020     hello_pem4f.oem4f (.const:ti_sysbios_knl_Clock_Object__DESC__C)
                  0000a534    00000020     hello_pem4f.oem4f (.const:ti_sysbios_knl_Event_Object__DESC__C)
                  0000a554    00000020     hello_pem4f.oem4f (.const:ti_sysbios_knl_Queue_Object__DESC__C)
                  0000a574    00000020     hello_pem4f.oem4f (.const:ti_sysbios_knl_Semaphore_Object__DESC__C)
                  0000a594    00000020     hello_pem4f.oem4f (.const:ti_sysbios_knl_Swi_Object__DESC__C)
                  0000a5b4    00000020     hello_pem4f.oem4f (.const:ti_sysbios_knl_Task_Object__DESC__C)
                  0000a5d4    00000020     hello_pem4f.oem4f (.const:ti_uia_loggers_LoggerStopMode_Object__DESC__C)
                  0000a5f4    0000001c     drivers_cc26x2.a : GPTimerCC26XX.oem4f (.const:GPT_LUT)
                  0000a610    00000018     ti_drivers_config.obj (.const:GPTimerCC26XX_config)
                  0000a628    00000018     drivers_cc26x2.a : PWM.oem4f (.const:PWM_defaultParams)
                  0000a640    00000018     ti_drivers_config.obj (.const:gptimerCC26XXHWAttrs)
                  0000a658    00000018     drivers_cc26x2.a : GPIOCC26XX.oem4f (.const:interruptType)
                  0000a670    00000018     hello_pem4f.oem4f (.const:ti_sysbios_gates_GateHwi_Object__PARAMS__C)
                  0000a688    00000018     hello_pem4f.oem4f (.const:ti_sysbios_gates_GateMutex_Object__PARAMS__C)
                  0000a6a0    00000018     hello_pem4f.oem4f (.const:ti_sysbios_knl_Event_Object__PARAMS__C)
                  0000a6b8    00000018     hello_pem4f.oem4f (.const:ti_sysbios_knl_Queue_Object__PARAMS__C)
                  0000a6d0    00000014     ti_drivers_config.obj (.const:$P$T1$2)
                  0000a6e4    00000014     ti_drivers_config.obj (.const:BoardGpioInitTable)
                  0000a6f8    00000014     ti_drivers_config.obj (.const:GPIOCC26XX_config)
                  0000a70c    00000014     ti_drivers_config.obj (.const:PowerCC26X2_config)
                  0000a720    00000014     drivers_cc26x2.a : UARTCC26XX.oem4f (.const:parityType)
[...]
0000a864  ti_sysbios_family_arm_cc26xx_Timer_funcHookCH1__C                  
0000a868  ti_sysbios_family_arm_cc26xx_Timer_funcHookCH2__C                  
0000a86c  ti_sysbios_family_arm_cc26xx_Timer_startupNeeded__C                
0000a870  ti_sysbios_family_arm_m3_Hwi_E_alreadyDefined__C                   
0000a874  ti_sysbios_family_arm_m3_Hwi_E_badIntNum__C                        
0000a878  ti_sysbios_family_arm_m3_Hwi_LD_end__C                             
0000a87c  ti_sysbios_family_arm_m3_Hwi_LM_begin__C                           
0000a880  ti_sysbios_family_arm_m3_Hwi_Module__diagsEnabled__C               
0000a884  ti_sysbios_family_arm_m3_Hwi_Module__diagsIncluded__C              
0000a888  ti_sysbios_family_arm_m3_Hwi_Module__diagsMask__C                  
0000a88c  ti_sysbios_family_arm_m3_Hwi_Module__loggerFxn1__C                 
0000a890  ti_sysbios_family_arm_m3_Hwi_Module__loggerFxn8__C                 
0000a894  ti_sysbios_family_arm_m3_Hwi_Module__loggerObj__C                  
0000a898  ti_sysbios_family_arm_m3_Hwi_NUM_INTERRUPTS__C                     
0000a89c  ti_sysbios_family_arm_m3_Hwi_Object__count__C                      
0000a8a0  ti_sysbios_family_arm_m3_Hwi_ccr__C                                
0000a8a4  ti_sysbios_family_arm_m3_Hwi_excHandlerFunc__C                     
0000a8a8  ti_sysbios_family_arm_m3_Hwi_nullIsrFunc__C                        
0000a8ac  ti_sysbios_family_arm_m3_Hwi_priGroup__C                           
0000a8b0  ti_sysbios_family_arm_m3_TaskSupport_stackAlignment__C             
0000a8b4  ti_sysbios_gates_GateMutex_Instance_State_sem__O                   
0000a8b8  ti_sysbios_heaps_HeapMem_E_memory__C                               
0000a8bc  ti_sysbios_heaps_HeapMem_Module__gateObj__C                        
0000a8c0  ti_sysbios_heaps_HeapMem_Object__count__C                          
0000a8c4  ti_sysbios_heaps_HeapMem_primaryHeapBaseAddr__C                    
0000a8c8  ti_sysbios_heaps_HeapMem_primaryHeapEndAddr__C                     
0000a8cc  ti_sysbios_heaps_HeapMem_reqAlign__C                               
0000a8d0  ti_sysbios_knl_Clock_LM_begin__C                                   
0000a8d4  ti_sysbios_knl_Clock_LM_tick__C                                    
0000a8d8  ti_sysbios_knl_Clock_Module_State_clockQ__O                        
0000a8dc  ti_sysbios_knl_Clock_Module__diagsEnabled__C                       
0000a8e0  ti_sysbios_knl_Clock_Module__diagsIncluded__C                      
0000a8e4  ti_sysbios_knl_Clock_Module__diagsMask__C                          
0000a8e8  ti_sysbios_knl_Clock_Module__loggerFxn1__C                         
0000a8ec  ti_sysbios_knl_Clock_Module__loggerFxn2__C                         
0000a8f0  ti_sysbios_knl_Clock_Module__loggerObj__C                          
0000a8f4  ti_sysbios_knl_Clock_tickPeriod__C                                 
0000a8f8  ti_sysbios_knl_Clock_triggerClock__C                               
0000a8fc  ti_sysbios_knl_Event_Instance_State_pendQ__O                       
0000a900  ti_sysbios_knl_Event_LM_pend__C                                    
0000a904  ti_sysbios_knl_Event_LM_post__C                                    
0000a908  ti_sysbios_knl_Event_Module__diagsEnabled__C                       
0000a90c  ti_sysbios_knl_Event_Module__diagsIncluded__C                      
0000a910  ti_sysbios_knl_Event_Module__diagsMask__C                          
0000a914  ti_sysbios_knl_Event_Module__loggerFxn4__C                         
0000a918  ti_sysbios_knl_Event_Module__loggerFxn8__C                         
0000a91c  ti_sysbios_knl_Event_Module__loggerObj__C                          
0000a920  ti_sysbios_knl_Idle_funcList__A                                    
0000a924  ti_sysbios_knl_Semaphore_Instance_State_pendQ__O                   
0000a928  ti_sysbios_knl_Semaphore_LM_pend__C                                
0000a92c  ti_sysbios_knl_Semaphore_LM_post__C                                
0000a930  ti_sysbios_knl_Semaphore_Module__diagsEnabled__C                   
0000a934  ti_sysbios_knl_Semaphore_Module__diagsIncluded__C                  
0000a938  ti_sysbios_knl_Semaphore_Module__diagsMask__C                      
0000a93c  ti_sysbios_knl_Semaphore_Module__loggerFxn2__C                     
0000a940  ti_sysbios_knl_Semaphore_Module__loggerFxn4__C                     
0000a944  ti_sysbios_knl_Semaphore_Module__loggerObj__C                      
0000a948  ti_sysbios_knl_Swi_LD_end__C                                       
0000a94c  ti_sysbios_knl_Swi_LM_begin__C                                     
0000a950  ti_sysbios_knl_Swi_LM_post__C                                      
0000a954  ti_sysbios_knl_Swi_Module__diagsEnabled__C                         
0000a958  ti_sysbios_knl_Swi_Module__diagsIncluded__C                        
0000a95c  ti_sysbios_knl_Swi_Module__diagsMask__C                            
0000a960  ti_sysbios_knl_Swi_Module__loggerFxn1__C                           
0000a964  ti_sysbios_knl_Swi_Module__loggerFxn4__C                           
0000a968  ti_sysbios_knl_Swi_Module__loggerObj__C                            
0000a96c  ti_sysbios_knl_Swi_Object__count__C                                
0000a970  ti_sysbios_knl_Swi_numPriorities__C                                
0000a974  ti_sysbios_knl_Task_LD_block__C                                    
0000a978  ti_sysbios_knl_Task_LD_exit__C                                     
0000a97c  ti_sysbios_knl_Task_LD_ready__C                                    
0000a980  ti_sysbios_knl_Task_LM_switch__C                                   
0000a984  ti_sysbios_knl_Task_Module_State_inactiveQ__O                      
0000a988  ti_sysbios_knl_Task_Module__diagsEnabled__C                        
0000a98c  ti_sysbios_knl_Task_Module__diagsIncluded__C                       
0000a990  ti_sysbios_knl_Task_Module__diagsMask__C                           
0000a994  ti_sysbios_knl_Task_Module__loggerFxn2__C                          
0000a998  ti_sysbios_knl_Task_Module__loggerFxn4__C                          
0000a99c  ti_sysbios_knl_Task_Module__loggerObj__C                           
0000a9a0  ti_sysbios_knl_Task_Object__count__C                               
0000a9a4  ti_sysbios_knl_Task_allBlockedFunc__C                              
0000a9a8  ti_sysbios_knl_Task_defaultStackHeap__C                            
0000a9ac  ti_sysbios_knl_Task_defaultStackSize__C                            
0000a9b0  ti_sysbios_knl_Task_numConstructedTasks__C                         
0000a9b4  ti_uia_loggers_LoggerStopMode_Module__diagsEnabled__C              
0000a9b8  ti_uia_loggers_LoggerStopMode_Module__diagsIncluded__C             
0000a9bc  ti_uia_loggers_LoggerStopMode_Module__diagsMask__C                 
0000a9c0  ti_uia_loggers_LoggerStopMode_Object__count__C                     
0000a9c4  ti_uia_runtime_ILoggerSnapshot_Interface__BASE__C                  
0000a9c8  ti_uia_runtime_IUIATransfer_Interface__BASE__C                     
0000a9cc  xdc_runtime_Assert_E_assertFailed__C                               
0000a9d0  xdc_runtime_Error_E_memory__C                                      
0000a9d4  xdc_runtime_Error_policyFxn__C                                     
0000a9d8  xdc_runtime_IFilterLogger_Interface__BASE__C                       
0000a9dc  xdc_runtime_IGateProvider_Interface__BASE__C                       
0000a9e0  xdc_runtime_IHeap_Interface__BASE__C                               
0000a9e4  xdc_runtime_ILogger_Interface__BASE__C                             
0000a9e8  xdc_runtime_IModule_Interface__BASE__C                             
0000a9ec  xdc_runtime_Memory_defaultHeapInstance__C                          
0000a9f0  xdc_runtime_Startup_execImpl__C                                    
0000a9f4  xdc_runtime_Startup_maxPasses__C                                   
0000a9f8  xdc_runtime_Startup_sfxnRts__C                                     
0000a9fc  xdc_runtime_Startup_sfxnTab__C                                     
0000aa00  xdc_runtime_SysMin_bufSize__C                                      
0000aa04  xdc_runtime_SysMin_outputFunc__C                                   
0000aa08  xdc_runtime_System_Module__gateObj__C                              
0000aa0c  xdc_runtime_System_abortFxn__C                                     
0000aa10  xdc_runtime_System_exitFxn__C                                      
0000aa14  xdc_runtime_System_maxAtexitHandlers__C                            
0000aa18  xdc_runtime_Text_charTab__C                                        
0000aa1c  ti_sysbios_family_arm_cc26xx_TimestampProvider_useClockTimer__C    
0000aa1e  ti_sysbios_family_arm_m3_Hwi_Module__id__C                         
0000aa20  ti_sysbios_family_arm_m3_Hwi_Module__loggerDefined__C              
0000aa22  ti_sysbios_heaps_HeapMem_Module__id__C                             
0000aa24  ti_sysbios_knl_Clock_Module__id__C                                 
0000aa26  ti_sysbios_knl_Clock_Module__loggerDefined__C                      
0000aa28  ti_sysbios_knl_Event_Module__id__C                                 
0000aa2a  ti_sysbios_knl_Event_Module__loggerDefined__C                      
0000aa2c  ti_sysbios_knl_Semaphore_Module__id__C                             
0000aa2e  ti_sysbios_knl_Semaphore_Module__loggerDefined__C                  
0000aa30  ti_sysbios_knl_Swi_Module__id__C                                   
0000aa32  ti_sysbios_knl_Swi_Module__loggerDefined__C                        
0000aa34  ti_sysbios_knl_Task_Module__id__C                                  
0000aa36  ti_sysbios_knl_Task_Module__loggerDefined__C                       
0000aa38  ti_uia_loggers_LoggerStopMode_Module__id__C                        
0000aa3a  ti_uia_loggers_LoggerStopMode_isTimestampEnabled__C                
0000aa3c  xdc_runtime_Memory_Module__id__C                                   
0000aa3e  xdc_runtime_SysMin_flushAtExit__C                                  
0000aa40  xdc_runtime_Text_isLoaded__C                                       
0000aa42  xdc_runtime_Error_policy__C                                        
0000aa43  xdc_runtime_Text_charTab__A                                        
0000ac38  __TI_Handler_Table_Base                                            
0000ac44  __TI_Handler_Table_Limit                                           
0000ac50  __TI_CINIT_Base                                                    
0000ac60  __TI_CINIT_Limit                                                   
00057fa8  __ccfg                                                             
20000000  __start___llvm_prf_cnts                                            
20000000  __stop___llvm_prf_cnts                                             
20000000  ti_sysbios_family_arm_m3_Hwi_ramVectors                            
200000d8  __primary_heap_start__                                             
200040d8  __primary_heap_end__                                               
20004100  ti_uia_loggers_LoggerStopMode_Instance_State_0_packetArray__A      
20004500  ti_uia_loggers_LoggerStopMode_Instance_State_1_packetArray__A      
20004900  ti_sysbios_knl_Task_Instance_State_0_stack__A                      
20004b00  taskStack                                                          
20004d00  xdc_runtime_SysMin_Module_State_0_outbuf__A                        
20004f00  uartCC26XXObjects                                                  
200050bc  __CIOBUF_                                                          
200051dc  ti_sysbios_family_arm_m3_Hwi_dispatchTable                         
200052b4  __TI_tmpnams                                                       
20005354  gptimerCC26XXObjects                                               
200053ec  timerCC26XXObjects                                                 
20005478  pinHandleTable                                                     
200054f4  LEDObjects                                                         
200055dc  taskParams                                                         
20005618  ButtonObjects                                                      
20005640  uartParams                                                         
20005680  ti_uia_loggers_LoggerStopMode_Instance_State_0_hdr__A              
200056f0  buttonParams                                                       
20005700  ti_uia_loggers_LoggerStopMode_Instance_State_1_hdr__A              
20005750  pwmTimerCC26XXObjects                                              
20005770  eventParams                                                        
200057a0  timerParams                                                        
200057b4  ledParams                                                          
200057bc  parmbuf                                                            
200057c8  PowerCC26XX_swiKey                                                 
200057cc  PowerCC26XX_taskKey                                                
200057d0  buttonHandle                                                       
200057d4  eventHandle                                                        
200057d8  events                                                             
200057dc  ledHandle                                                          
200057e0  taskHandle                                                         
200057e4  timerHandle                                                        
200057e8  uartHandle                                                         
200057ec  driverlib_release_0_60278                                          
200057f0  PowerCC26X2_module                                                 
20005960  _ftable                                                            
20005a50  _device                                                            
20005ac8  ti_uia_loggers_LoggerStopMode_Object__table__V                     
20005b30  _stream                                                            
20005b80  ti_sysbios_knl_Task_Object__table__V                               
20005bd0  ti_sysbios_family_arm_cc26xx_Timer_Object__table__V                
20005c18  ti_sysbios_knl_Task_Module__state__V                               
20005c5c  ti_sysbios_gates_GateMutex_Object__table__V                        
20005c94  ti_sysbios_family_arm_m3_Hwi_Module__state__V                      
20005cc8  ti_sysbios_knl_Swi_Module_State_0_readyQ__A                        
20005cf8  ti_sysbios_knl_Swi_Object__table__V                                
20005d28  ti_sysbios_knl_Clock_Module__state__V                              
20005d54  _hposcCoeffs                                                       
20005d78  ti_sysbios_BIOS_Module__state__V                                   
20005d9c  ti_sysbios_knl_Clock_Object__table__V                              
20005dbc  ti_sysbios_knl_Task_Module_State_0_readyQ__A                       
20005ddc  xdc_runtime_Error_IgnoreBlock                                      
20005dfc  ti_sysbios_knl_Swi_Module__state__V                                
20005e18  ti_sysbios_family_arm_m3_Hwi_Object__table__V                      
20005e30  ti_sysbios_heaps_HeapMem_Object__table__V                          
20005e48  __TI_ft_end                                                        
20005e4c  __aeabi_stdin                                                      
20005e50  __aeabi_stdout                                                     
20005e54  __aeabi_stderr                                                     
20005e58  __TI_cleanup_ptr                                                   
20005e5c  __TI_dtors_ptr                                                     
20005e60  __TI_enable_exit_profile_output                                    
20005e64  ti_sysbios_knl_Event_Module__root__V                               
20005e70  ti_sysbios_knl_Task_Module__root__V                                
20005e7c  ti_uia_runtime_QueueDescriptor_Module__state__V                    
20005e88  xdc_runtime_SysMin_Module__state__V                                
20005e94  _lock                                                              
20005e98  _unlock                                                            
20005e9c  pinUpperBound                                                      
20005ea0  pinLowerBound                                                      
20005ea4  ti_uia_runtime_QueueDescriptor_gPtrToFirstDescriptor               
20005ea8  ti_uia_runtime_QueueDescriptor_gUpdateCount                        
20005eac  ti_sysbios_family_arm_cc26xx_Timer_Module__state__V                
20005eb4  ti_sysbios_family_arm_m3_Hwi_Module__root__V                       
20005ebc  ti_sysbios_gates_GateHwi_Module__root__V                           
20005ec4  ti_sysbios_gates_GateMutex_Module__root__V                         
20005ecc  ti_sysbios_heaps_HeapMem_Module__root__V                           
20005ed4  ti_sysbios_knl_Clock_Module__root__V                               
20005edc  ti_sysbios_knl_Queue_Module__root__V                               
20005ee4  ti_sysbios_knl_Semaphore_Module__root__V                           
20005eec  ti_sysbios_knl_Swi_Module__root__V                                 
20005ef4  ti_uia_loggers_LoggerStopMode_Module__root__V                      
20005efc  xdc_runtime_Startup_Module__state__V                               
20005f04  xdc_runtime_System_Module_State_0_atexitHandlers__A                
20005f0c  xdc_runtime_System_Module__state__V                                
20005f19  currentBrightness                                                  
20005f1a  finalBrightness                                                    
20005f1c  gpioCallbackFunctions                                              
20005f20  gpioPinConfigs                                                     
20005f28  errno                                                              
20005f2c  main_func_sp                                                       
20005f30  ti_sysbios_family_arm_cc26xx_TimestampProvider_Module__state__V    
20005f34  ti_sysbios_family_arm_m3_Hwi_Module_State_0_excContext__A          
20005f38  ti_sysbios_family_arm_m3_Hwi_Module_State_0_excStack__A            
20005f3c  ti_sysbios_gates_GateHwi_Object__table__V                          
20005f40  ti_sysbios_knl_Task_Module_State_0_idleTask__A                     
20005f44  xdc_runtime_Memory_Module__state__V                                
20005f48  ti_sysbios_family_arm_m3_Hwi_Module_State_0_excActive__A           
20013c00  __stack                                                            
20014000  __STACK_END                                                        
e000e000  ti_sysbios_family_arm_m3_Hwi_nvic                                  
ffffffff  __TI_pprof_out_hndl                                                
ffffffff  __TI_prof_data_size                                                
ffffffff  __TI_prof_data_start                                               
ffffffff  __binit__                                                          
ffffffff  __c_args__                                                         
ffffffff  binit                                                              
UNDEFED   ITM_flush                                                          
UNDEFED   ITM_restore                                                        
UNDEFED   SHT$$INIT_ARRAY$$Base                                              
UNDEFED   SHT$$INIT_ARRAY$$Limit                                             

[900 symbols]
