******************************************************************************
                  TI ARM Linker PC v20.2.5                     
******************************************************************************
>> Linked Tue Jun 22 14:19:38 2021

OUTPUT FILE NAME:   <hello_CC26X2R1_LAUNCHXL_tirtos_ccs.out>
ENTRY POINT SYMBOL: "ResetISR"  address: 000053b9


MEMORY CONFIGURATION

         name            origin    length      used     unused   attr    fill
----------------------  --------  ---------  --------  --------  ----  --------
  FLASH                 00000000   00058000  000088b9  0004f747  R  X
  GPRAM                 11000000   00002000  00000000  00002000  RW X
  SRAM                  20000000   00014000  00005e56  0000e1aa  RW X
  LOG_DATA              90000000   00040000  00000000  00040000  R   


SEGMENT ALLOCATION MAP

run origin  load origin   length   init length attrs members
----------  ----------- ---------- ----------- ----- -------
00000000    00000000    00008868   00008868    r-x
  00000000    00000000    0000003c   0000003c    r-- .resetVecs
  0000003c    0000003c    00007e40   00007e40    r-x .text
  00007e7c    00007e7c    000007d5   000007d5    r-- .const
  00008658    00008658    00000210   00000210    r-- .cinit
00057fa8    00057fa8    00000058   00000058    r--
  00057fa8    00057fa8    00000058   00000058    r-- .ccfg
200000d8    200000d8    00004000   00000000    r--
  200000d8    200000d8    00004000   00000000    r-- .priheap
20004100    20004100    0000197e   00000000    rw-
  20004100    20004100    00001230   00000000    rw- .bss
  20005330    20005330    0000074e   00000000    rw- .data
20013c00    20013c00    00000400   00000000    rw-
  20013c00    20013c00    00000400   00000000    rw- .stack


SECTION ALLOCATION MAP

 output                                  attributes/
section   page    origin      length       input sections
--------  ----  ----------  ----------   ----------------
.binit     0    00000000    00000000     

.cinit     0    00008658    00000210     
                  00008658    000001e6     (.cinit..data.load) [load image, compression = lzss]
                  0000883e    00000002     --HOLE-- [fill = 0]
                  00008840    0000000c     (__TI_handler_table)
                  0000884c    00000004     --HOLE-- [fill = 0]
                  00008850    00000008     (.cinit..bss.load) [load image, compression = zero_init]
                  00008858    00000010     (__TI_cinit_table)

.init_array 
*          0    00000000    00000000     UNINITIALIZED

.ccfg      0    00057fa8    00000058     
                  00057fa8    00000058     ti_devices_config.obj (.ccfg:retain)

.bss       0    20004100    00001230     UNINITIALIZED
                  20004100    00000400     (.common:ti_uia_loggers_LoggerStopMode_Instance_State_0_packetArray__A)
                  20004500    00000400     (.common:ti_uia_loggers_LoggerStopMode_Instance_State_1_packetArray__A)
                  20004900    00000200     hello_pem4f.oem4f (.bss:taskStackSection)
                  20004b00    00000200     (.common:xdc_runtime_SysMin_Module_State_0_outbuf__A)
                  20004d00    00000120     rtsv7M4_T_le_v4SPD16_eabi.lib : trgmsg.c.obj (.bss:_CIOBUF_)
                  20004e20    00000118     (.common:timerCC26XXObjects)
                  20004f38    000000d8     (.common:ti_sysbios_family_arm_m3_Hwi_dispatchTable)
                  20005010    000000a0     (.common:__TI_tmpnams)
                  200050b0    00000098     (.common:gptimerCC26XXObjects)
                  20005148    0000007c     (.common:pinHandleTable)
                  200051c4    00000050     drivers_cc26x2.a : PINCC26XX.oem4f (.bss:pinSemaphore)
                  20005214    0000003c                      : PINCC26XX.oem4f (.bss:pinSwi)
                  20005250    00000020                      : PINCC26XX.oem4f (.bss:pinGpioConfigTable)
                  20005270    00000008     (.common:parmbuf)
                  20005278    00000004                      : PINCC26XX.oem4f (.bss)
                  2000527c    00000004     (.common:PowerCC26XX_swiKey)
                  20005280    00000030     (.common:ti_uia_loggers_LoggerStopMode_Instance_State_0_hdr__A)
                  200052b0    0000001c                      : PINCC26XX.oem4f (.bss:pinHwi)
                  200052cc    00000004     (.common:PowerCC26XX_taskKey)
                  200052d0    00000001     (.common:driverlib_release_0_60278)
                  200052d1    0000002f     --HOLE--
                  20005300    00000030     (.common:ti_uia_loggers_LoggerStopMode_Instance_State_1_hdr__A)

.data      0    20005330    0000074e     UNINITIALIZED
                  20005330    00000170     drivers_cc26x2.a : PowerCC26X2.oem4f (.data:PowerCC26X2_module)
                  200054a0    000000f0     rtsv7M4_T_le_v4SPD16_eabi.lib : defs.c.obj (.data:_ftable)
                  20005590    00000078                                   : host_device.c.obj (.data:_device)
                  20005608    00000068     hello_pem4f.oem4f (.data:ti_uia_loggers_LoggerStopMode_Object__table__V)
                  20005670    00000050     rtsv7M4_T_le_v4SPD16_eabi.lib : host_device.c.obj (.data:_stream)
                  200056c0    0000004c     hello_pem4f.oem4f (.data:ti_sysbios_knl_Task_Object__table__V)
                  2000570c    00000004     rtsv7M4_T_le_v4SPD16_eabi.lib : errno.c.obj (.data)
                  20005710    00000048     hello_pem4f.oem4f (.data:ti_sysbios_family_arm_cc26xx_Timer_Object__table__V)
                  20005758    00000044     hello_pem4f.oem4f (.data:ti_sysbios_knl_Task_Module__state__V)
                  2000579c    00000038     hello_pem4f.oem4f (.data:ti_sysbios_gates_GateMutex_Object__table__V)
                  200057d4    00000034     hello_pem4f.oem4f (.data:ti_sysbios_family_arm_m3_Hwi_Module__state__V)
                  20005808    00000030     hello_pem4f.oem4f (.data:ti_sysbios_knl_Swi_Module_State_0_readyQ__A)
                  20005838    00000030     hello_pem4f.oem4f (.data:ti_sysbios_knl_Swi_Object__table__V)
                  20005868    0000002c     hello_pem4f.oem4f (.data:ti_sysbios_knl_Clock_Module__state__V)
                  20005894    00000024     driverlib.lib : osc.obj (.data:$O1$$)
                  200058b8    00000024     hello_pem4f.oem4f (.data:ti_sysbios_BIOS_Module__state__V)
                  200058dc    00000020     hello_pem4f.oem4f (.data:ti_sysbios_knl_Clock_Object__table__V)
                  200058fc    00000020     hello_pem4f.oem4f (.data:ti_sysbios_knl_Task_Module_State_0_readyQ__A)
                  2000591c    00000020     hello_pem4f.oem4f (.data:xdc_runtime_Error_IgnoreBlock)
                  2000593c    0000001c     hello_pem4f.oem4f (.data:ti_sysbios_knl_Swi_Module__state__V)
                  20005958    00000018     hello_pem4f.oem4f (.data:ti_sysbios_family_arm_m3_Hwi_Object__table__V)
                  20005970    00000018     hello_pem4f.oem4f (.data:ti_sysbios_heaps_HeapMem_Object__table__V)
                  20005988    00000010     rtsv7M4_T_le_v4SPD16_eabi.lib : defs.c.obj (.data)
                  20005998    0000000c                                   : exit.c.obj (.data:$O1$$)
                  200059a4    0000000c     hello_pem4f.oem4f (.data:ti_sysbios_knl_Task_Module__root__V)
                  200059b0    0000000c     hello_pem4f.oem4f (.data:ti_uia_runtime_QueueDescriptor_Module__state__V)
                  200059bc    0000000c     hello_pem4f.oem4f (.data:xdc_runtime_SysMin_Module__state__V)
                  200059c8    00000008     rtsv7M4_T_le_v4SPD16_eabi.lib : _lock.c.obj (.data:$O1$$)
                  200059d0    00000008     drivers_cc26x2.a : PINCC26XX.oem4f (.data)
                  200059d8    00000008     ti_drivers_config.obj (.data:gpioCallbackFunctions)
                  200059e0    00000008     ti_drivers_config.obj (.data:gpioPinConfigs)
                  200059e8    00000008     ti.uia.runtime.aem4f : QueueDescriptor.oem4f (.data)
                  200059f0    00000008     hello_pem4f.oem4f (.data:ti_sysbios_family_arm_cc26xx_Timer_Module__state__V)
                  200059f8    00000008     hello_pem4f.oem4f (.data:ti_sysbios_family_arm_m3_Hwi_Module__root__V)
                  20005a00    00000008     hello_pem4f.oem4f (.data:ti_sysbios_gates_GateHwi_Module__root__V)
                  20005a08    00000008     hello_pem4f.oem4f (.data:ti_sysbios_gates_GateMutex_Module__root__V)
                  20005a10    00000008     hello_pem4f.oem4f (.data:ti_sysbios_hal_Hwi_Module__root__V)
                  20005a18    00000008     hello_pem4f.oem4f (.data:ti_sysbios_heaps_HeapMem_Module__root__V)
                  20005a20    00000008     hello_pem4f.oem4f (.data:ti_sysbios_knl_Clock_Module__root__V)
                  20005a28    00000008     hello_pem4f.oem4f (.data:ti_sysbios_knl_Queue_Module__root__V)
                  20005a30    00000008     hello_pem4f.oem4f (.data:ti_sysbios_knl_Semaphore_Module__root__V)
                  20005a38    00000008     hello_pem4f.oem4f (.data:ti_sysbios_knl_Swi_Module__root__V)
                  20005a40    00000008     hello_pem4f.oem4f (.data:ti_uia_loggers_LoggerStopMode_Module__root__V)
                  20005a48    00000008     hello_pem4f.oem4f (.data:xdc_runtime_Startup_Module__state__V)
                  20005a50    00000008     hello_pem4f.oem4f (.data:xdc_runtime_System_Module_State_0_atexitHandlers__A)
                  20005a58    00000008     hello_pem4f.oem4f (.data:xdc_runtime_System_Module__state__V)
                  20005a60    00000004     rtsv7M4_T_le_v4SPD16_eabi.lib : stkdepth_vars.c.obj (.data)
                  20005a64    00000004     hello_pem4f.oem4f (.data:ti_sysbios_family_arm_cc26xx_TimestampProvider_Module__state__V)
                  20005a68    00000004     hello_pem4f.oem4f (.data:ti_sysbios_family_arm_m3_Hwi_Module_State_0_excContext__A)
                  20005a6c    00000004     hello_pem4f.oem4f (.data:ti_sysbios_family_arm_m3_Hwi_Module_State_0_excStack__A)
                  20005a70    00000004     hello_pem4f.oem4f (.data:ti_sysbios_gates_GateHwi_Object__table__V)
                  20005a74    00000004     hello_pem4f.oem4f (.data:ti_sysbios_knl_Task_Module_State_0_idleTask__A)
                  20005a78    00000004     hello_pem4f.oem4f (.data:xdc_runtime_Memory_Module__state__V)
                  20005a7c    00000002     hello_pem4f.oem4f (.data:ti_sysbios_family_arm_m3_Hwi_Module_State_0_excActive__A)

.stack     0    20013c00    00000400     UNINITIALIZED
                  20013c00    00000400     --HOLE--

.priheap   0    200000d8    00004000     UNINITIALIZED
                  200000d8    00004000     --HOLE--

.log_data 
*          0    90000000    00000000     COPY SECTION

.bootVecs 
*          0    00000000    00000008     DSECT
                  00000000    00000008     boot.aem4f : boot.oem4f (.bootVecs)

.resetVecs 
*          0    00000000    0000003c     
                  00000000    0000003c     hello_pem4f.oem4f (.resetVecs)

.vecs      0    20000000    000000d8     NOLOAD SECTION
                  20000000    000000d8     hello_pem4f.oem4f (.vecs)

xdc.meta   0    00000000    000000ec     COPY SECTION
                  00000000    000000ec     hello_pem4f.oem4f (xdc.meta)

xdc.noload 
*          0    00000000    00000000     COPY SECTION

__llvm_prf_cnts 
*          0    20000000    00000000     UNINITIALIZED

.text      0    0000003c    00007e40     
                  0000003c    00000a4e     rtsv7M4_T_le_v4SPD16_eabi.lib : _printfi.c.obj (.text:__TI_printfi)
                  00000a8a    00000002     ti_drivers_config.obj (.text:Board_initHook)
                  00000a8c    00000270     rtsv7M4_T_le_v4SPD16_eabi.lib : _printfi.c.obj (.text:_pconv_a)
                  00000cfc    000001f4     drivers_cc26x2.a : PINCC26XX.oem4f (.text:PIN_init)
                  00000ef0    000001d0     rtsv7M4_T_le_v4SPD16_eabi.lib : _printfi.c.obj (.text:_pconv_g)
                  000010c0    000001b6                                   : fd_add_t2.asm.obj (.text)
                  00001276    00000002                                   : _lock.c.obj (.text:_nop)
                  00001278    00000198     drivers_cc26x2.a : PowerCC26X2.oem4f (.text:Power_sleep)
                  00001410    00000190                      : PowerCC26X2_calibrateRCOSC.oem4f (.text:calibrateRcoscHf1)
                  000015a0    0000018c                      : PowerCC26X2_calibrateRCOSC.oem4f (.text:runCalibrateFsm)
                  0000172c    00000174                      : PowerCC26X2.oem4f (.text:Power_init)
                  000018a0    0000013e     hello_pem4f.oem4f (.text:ti_uia_loggers_LoggerStopMode_writeMemoryRange__E)
                  000019de    00000002     drivers_cc26x2.a : PowerCC26X2.oem4f (.text:emptyClockFunc)
                  000019e0    0000013c     rtsv7M4_T_le_v4SPD16_eabi.lib : _printfi.c.obj (.text:_pconv_e)
                  00001b1c    00000136                                   : fd_div_t2.asm.obj (.text)
                  00001c52    00000002                                   : div0.asm.obj (.text)
                  00001c54    0000012c     sysbios.aem4f : BIOS.obj (.text:ti_sysbios_knl_Semaphore_pend__E)
                  00001d80    00000124     rtsv7M4_T_le_v4SPD16_eabi.lib : _printfi.c.obj (.text:fcvt)
                  00001ea4    00000120     drivers_cc26x2.a : PowerCC26X2.oem4f (.text:configureXOSCHF)
                  00001fc4    0000011c     sysbios.aem4f : BIOS.obj (.text:ti_sysbios_family_arm_m3_Hwi_dispatchC__I)
                  000020e0    00000114     drivers_cc26x2.a : PINCC26XX.oem4f (.text:PINCC26XX_setIoCfg)
                  000021f4    00000114     rtsv7M4_T_le_v4SPD16_eabi.lib : fputs.c.obj (.text:fputs)
                  00002308    00000114     hello.obj (.text:main)
                  0000241c    00000114     sysbios.aem4f : BIOS.obj (.text:ti_sysbios_knl_Swi_run__I)
                  00002530    00000110     rtsv7M4_T_le_v4SPD16_eabi.lib : s_scalbn.c.obj (.text:scalbn)
                  00002640    0000010c     hello_pem4f.oem4f (.text:ti_uia_loggers_LoggerStopMode_write8__E)
                  0000274c    00000100     drivers_cc26x2.a : TimerCC26XX.oem4f (.text:Timer_open)
                  0000284c    000000fc     rtsv7M4_T_le_v4SPD16_eabi.lib : fd_mul_t2.asm.obj (.text)
                  00002948    000000f8     sysbios.aem4f : BIOS.obj (.text:xdc_runtime_Startup_startMods__I)
                  00002a40    000000f4     hello_pem4f.oem4f (.text:ti_uia_loggers_LoggerStopMode_write4__E)
                  00002b34    000000f0     driverlib.lib : sys_ctrl.obj (.text:NOROM_SysCtrlStandby)
                  00002c24    000000f0     sysbios.aem4f : m3_Hwi_asm.obj (.text:ti_sysbios_family_arm_m3_Hwi_dispatch__I)
                  00002d14    000000e8     hello_pem4f.oem4f (.text:ti_uia_loggers_LoggerStopMode_write2__E)
                  00002dfc    000000e4     hello_pem4f.oem4f (.text:ti_uia_loggers_LoggerStopMode_write1__E)
                  00002ee0    000000e0     sysbios.aem4f : BIOS.obj (.text:ti_sysbios_knl_Clock_walkQueueDynamic__E)
                  00002fc0    000000dc     rtsv7M4_T_le_v4SPD16_eabi.lib : setvbuf.c.obj (.text:setvbuf)
                  0000309c    000000d8     hello_pem4f.oem4f (.text:ti_uia_loggers_LoggerStopMode_write0__E)
                  00003174    000000c8     dpl_cc26x2.a : PowerCC26X2_tirtos.oem4f (.text:PowerCC26XX_standbyPolicy)
                  0000323c    000000c4     sysbios.aem4f : BIOS.obj (.text:ti_sysbios_knl_Task_schedule__I)
                  00003300    000000c0     drivers_cc26x2.a : PowerCC26X2.oem4f (.text:Power_releaseDependency)
                  000033c0    000000b8                      : PowerCC26X2.oem4f (.text:Power_setDependency)
                  00003478    000000b8     sysbios.aem4f : BIOS.obj (.text:ti_sysbios_knl_Semaphore_post__E)
                  00003530    000000b8                   : BIOS.obj (.text:ti_sysbios_knl_Task_startCore__E)
                  000035e8    000000b1     rtsv7M4_T_le_v4SPD16_eabi.lib : _printfi.c.obj (.text:_ltostr)
                  00003699    00000001     --HOLE-- [fill = 0]
                  0000369a    00000002     sysbios.aem4f : BIOS.obj (.text:ti_sysbios_BIOS_linkedWithIncorrectBootLibrary__E)
                  0000369c    000000ac     drivers_cc26x2.a : PINCC26XX.oem4f (.text:PIN_open)
                  00003748    000000ac     driverlib.lib : setup.obj (.text:TrimAfterColdResetWakeupFromShutDown)
                  000037f4    000000a8     sysbios.aem4f : BIOS.obj (.text:ti_sysbios_knl_Swi_post__E)
                  0000389c    000000a4                   : BIOS.obj (.text:ti_sysbios_family_arm_m3_Hwi_Instance_init__E)
                  00003940    000000a0     auto_init.aem4f : auto_init.oem4f (.text)
                  000039e0    0000009c     rtsv7M4_T_le_v4SPD16_eabi.lib : memcpy_t2.asm.obj (.text)
                  00003a7c    0000009c     sysbios.aem4f : BIOS.obj (.text:ti_sysbios_knl_Task_blockI__E)
                  00003b18    00000098     driverlib.lib : setup.obj (.text:NOROM_SetupTrimDevice)
                  00003bb0    00000098     sysbios.aem4f : BIOS.obj (.text:ti_sysbios_knl_Clock_workFuncDynamic__E)
                  00003c48    00000096     rtsv7M4_T_le_v4SPD16_eabi.lib : ull_div_t2.asm.obj (.text)
                  00003cde    00000002     hello_pem4f.oem4f (.text:ti_sysbios_BIOS_nullFunc__I)
                  00003ce0    00000094     sysbios.aem4f : BIOS.obj (.text:ti_sysbios_knl_Task_exit__E)
                  00003d74    00000090                   : BIOS.obj (.text:ti_sysbios_knl_Task_unblockI__E)
                  00003e04    00000090     ti.uia.loggers.aem4f : LoggerStopMode.oem4f (.text:ti_uia_loggers_LoggerStopMode_initQueueDescriptor__E)
                  00003e94    0000008c     rtsv7M4_T_le_v4SPD16_eabi.lib : fputc.c.obj (.text:fputc)
                  00003f20    0000008c     sysbios.aem4f : BIOS.obj (.text:ti_sysbios_family_arm_m3_Hwi_initNVIC__E)
                  00003fac    0000008c                   : m3_TaskSupport_asm.obj (.text:ti_sysbios_family_arm_m3_TaskSupport_buildTaskStack)
                  00004038    00000088     drivers_cc26x2.a : GPTimerCC26XX.oem4f (.text:GPTimerCC26XX_open)
                  000040c0    00000088     driverlib.lib : osc.obj (.text:NOROM_OSCHF_AttemptToSwitchToXosc)
                  00004148    00000088     drivers_cc26x2.a : PowerCC26X2_calibrateRCOSC.oem4f (.text:calibrateRcoscHf2)
                  000041d0    00000088                      : PowerCC26X2.oem4f (.text:disableLFClockQualifiers)
                  00004258    00000088                      : PowerCC26X2_calibrateRCOSC.oem4f (.text:updateSubSecInc)
                  000042e0    00000086     rtsv7M4_T_le_v4SPD16_eabi.lib : fd_cmp_t2.asm.obj (.text:__aeabi_cdcmple)
                  00004366    00000086                                   : fd_cmp_t2.asm.obj (.text:__aeabi_cdrcmple)
                  000043ec    00000084     ti_drivers_config.obj (.text:Board_sendExtFlashByte)
                  00004470    00000084     sysbios.aem4f : BIOS.obj (.text:ti_sysbios_knl_Task_postInit__I)
                  000044f4    00000080     driverlib.lib : chipinfo.obj (.text:NOROM_ChipInfo_GetChipType)
                  00004574    00000080                   : sys_ctrl.obj (.text:NOROM_SysCtrlSetRechargeBeforePowerDown)
                  000045f4    00000080     sysbios.aem4f : BIOS.obj (.text:ti_sysbios_family_arm_cc26xx_Timer_start__E)
                  00004674    0000007a     rtsv7M4_T_le_v4SPD16_eabi.lib : memset_t2.asm.obj (.text)
                  000046ee    00000078     sysbios.aem4f : BIOS.obj (.text:ti_sysbios_heaps_HeapMem_allocUnprotected__E)
                  00004766    00000002                   : BIOS.obj (.text:ti_sysbios_gates_GateHwi_Instance_init__E)
                  00004768    00000074     drivers_cc26x2.a : GPTimerCC26XX.oem4f (.text:GPTimerCC26XX_resetHw)
                  000047dc    00000074                      : PowerCC26X2_calibrateRCOSC.oem4f (.text:PowerCC26X2_auxISR)
                  00004850    00000074     rtsv7M4_T_le_v4SPD16_eabi.lib : fclose.c.obj (.text:__TI_closefile)
                  000048c4    00000074     ti.uia.runtime.aem4f : QueueDescriptor.oem4f (.text:ti_uia_runtime_QueueDescriptor_addToList__E)
                  00004938    00000070     sysbios.aem4f : BIOS.obj (.text:xdc_runtime_Memory_alloc__E)
                  000049a8    0000006e     rtsv7M4_T_le_v4SPD16_eabi.lib : _printfi.c.obj (.text:_mcpy)
                  00004a16    0000006e     sysbios.aem4f : BIOS.obj (.text:xdc_runtime_Core_createObject__I)
                  00004a84    0000006c     rtsv7M4_T_le_v4SPD16_eabi.lib : hostrename.c.obj (.text:HOSTrename)
                  00004af0    00000068                                   : hostlseek.c.obj (.text:HOSTlseek)
                  00004b58    00000068     driverlib.lib : osc.obj (.text:NOROM_OSCHF_SwitchToRcOscTurnOffXosc)
                  00004bc0    00000068     drivers_cc26x2.a : Timer.oem4f (.text:Timer_setPeriod)
                  00004c28    00000068     rtsv7M4_T_le_v4SPD16_eabi.lib : copy_decompress_lzss.c.obj (.text:decompress:lzss:__TI_decompress_lzss)
                  00004c90    00000068                                   : printf.c.obj (.text:printf)
                  00004cf8    00000068     sysbios.aem4f : BIOS.obj (.text:ti_sysbios_knl_Clock_startI__E)
                  00004d60    00000068                   : BIOS.obj (.text:ti_sysbios_knl_Swi_restoreHwi__E)
                  00004dc8    00000066     ti.uia.loggers.aem4f : LoggerStopMode.oem4f (.text:ti_uia_loggers_LoggerStopMode_flush__E)
                  00004e2e    00000066     sysbios.aem4f : BIOS.obj (.text:xdc_runtime_Core_deleteObject__I)
                  00004e94    00000064     rtsv7M4_T_le_v4SPD16_eabi.lib : s_frexp.c.obj (.text:frexp)
                  00004ef8    00000064                                   : fseek.c.obj (.text:fseek)
                  00004f5c    00000064     sysbios.aem4f : BIOS.obj (.text:ti_sysbios_heaps_HeapMem_initPrimary__I)
                  00004fc0    00000062     rtsv7M4_T_le_v4SPD16_eabi.lib : _io_perm.c.obj (.text:__TI_wrt_ok)
                  00005022    00000002     sysbios.aem4f : BIOS.obj (.text:ti_sysbios_knl_Clock_triggerFunc__I)
                  00005024    00000060     rtsv7M4_T_le_v4SPD16_eabi.lib : hostopen.c.obj (.text:HOSTopen)
                  00005084    00000060     sysbios.aem4f : BIOS.obj (.text:ti_sysbios_knl_Clock_logTick__E)
                  000050e4    0000005e                   : BIOS.obj (.text:ti_sysbios_heaps_HeapMem_freeUnprotected__E)
                  00005142    00000002                   : BIOS.obj (.text:ti_sysbios_knl_Swi_Instance_finalize__E)
                  00005144    0000005c     drivers_cc26x2.a : PINCC26XX.oem4f (.text:PIN_remove)
                  000051a0    0000005c     rtsv7M4_T_le_v4SPD16_eabi.lib : close.c.obj (.text:close)
                  000051fc    0000005c     sysbios.aem4f : BIOS.obj (.text:ti_sysbios_knl_Task_Module_startup__E)
                  00005258    00000058     drivers_cc26x2.a : GPTimerCC26XX.oem4f (.text:GPTimerCC26XX_stop)
                  000052b0    00000058     rtsv7M4_T_le_v4SPD16_eabi.lib : hostread.c.obj (.text:HOSTread)
                  00005308    00000058                                   : hostwrite.c.obj (.text:HOSTwrite)
                  00005360    00000058     drivers_cc26x2.a : PowerCC26X2_calibrateRCOSC.oem4f (.text:PowerCC26X2_initiateCalibration)
                  000053b8    00000058     boot.aem4f : boot.oem4f (.text)
                  00005410    00000058     sysbios.aem4f : m3_Hwi_asm_switch.obj (.text:ti_sysbios_family_arm_m3_Hwi_initStacks__E)
                  00005468    00000058                   : BIOS.obj (.text:ti_sysbios_family_arm_m3_Hwi_postInit__I)
                  000054c0    00000058                   : BIOS.obj (.text:ti_sysbios_heaps_HeapMem_alloc__E)
                  00005518    00000056     rtsv7M4_T_le_v4SPD16_eabi.lib : _printfi.c.obj (.text:_pconv_f)
                  0000556e    00000002     hello_pem4f.oem4f (.text:ti_uia_loggers_LoggerStopMode_setFilterLevel__E)
                  00005570    00000054     driverlib.lib : prcm.obj (.text:NOROM_PRCMPowerDomainsAllOff)
                  000055c4    00000054     dpl_cc26x2.a : SwiP_tirtos.oem4f (.text:SwiP_construct)
                  00005618    00000054     rtsv7M4_T_le_v4SPD16_eabi.lib : _ltoa.c.obj (.text:__TI_ltoa)
                  0000566c    00000054     hello_pem4f.oem4f (.text:ti_sysbios_family_arm_m3_Hwi_create)
                  000056c0    00000054     hello_pem4f.oem4f (.text:ti_sysbios_hal_Hwi_create)
                  00005714    00000054     sysbios.aem4f : BIOS.obj (.text:ti_sysbios_knl_Swi_schedule__I)
                  00005768    00000052     rtsv7M4_T_le_v4SPD16_eabi.lib : _printfi.c.obj (.text:_ecpy)
                  000057ba    00000002     ti.uia.loggers.aem4f : LoggerStopMode.oem4f (.text:ti_uia_loggers_LoggerStopMode_setPriority__E)
                  000057bc    00000050     drivers_cc26x2.a : GPTimerCC26XX.oem4f (.text:GPTimerCC26XX_registerInterrupt)
                  0000580c    00000050     hello_pem4f.oem4f (.text:ti_sysbios_family_arm_m3_Hwi_construct)
                  0000585c    00000050     sysbios.aem4f : BIOS.obj (.text:ti_sysbios_knl_Swi_Instance_init__E)
                  000058ac    00000050                   : BIOS.obj (.text:ti_sysbios_knl_Swi_runLoop__I)
                  000058fc    00000050                   : BIOS.obj (.text:xdc_runtime_Startup_exec__E)
                  0000594c    0000004c     ti_drivers_config.obj (.text:Board_wakeUpExtFlash)
                  00005998    0000004c     drivers_cc26x2.a : GPTimerCC26XX.oem4f (.text:GPTimerCC26XX_initHw)
                  000059e4    0000004c                      : GPTimerCC26XX.oem4f (.text:GPTimerCC26XX_start)
                  00005a30    0000004c     driverlib.lib : prcm.obj (.text:NOROM_PRCMPowerDomainsAllOn)
                  00005a7c    0000004c     rtsv7M4_T_le_v4SPD16_eabi.lib : fflush.c.obj (.text:__TI_doflush)
                  00005ac8    0000004c                                   : atoi.c.obj (.text:atoi)
                  00005b14    0000004c                                   : cpy_tbl.c.obj (.text:copy_in)
                  00005b60    0000004c     hello_pem4f.oem4f (.text:ti_sysbios_knl_Swi_construct)
                  00005bac    0000004c     ti.uia.loggers.aem4f : LoggerStopMode.oem4f (.text:ti_uia_loggers_LoggerStopMode_Module_startup__E)
                  00005bf8    0000004c     sysbios.aem4f : BIOS.obj (.text:xdc_runtime_Assert_raise__I)
                  00005c44    0000004c                   : BIOS.obj (.text:xdc_runtime_Core_assignParams__I)
                  00005c90    00000048     drivers_cc26x2.a : GPTimerCC26XX.oem4f (.text:GPTimerCC26XXHwiFxn)
                  00005cd8    00000048                      : PowerCC26X2_calibrateRCOSC.oem4f (.text:PowerCC26X2_RCOSC_clockFunc)
                  00005d20    00000048     rtsv7M4_T_le_v4SPD16_eabi.lib : fd_toi_t2.asm.obj (.text)
                  00005d68    00000048     drivers_cc26x2.a : PowerCC26X2.oem4f (.text:switchXOSCHF)
                  00005db0    00000048     sysbios.aem4f : BIOS.obj (.text:ti_sysbios_family_arm_m3_Hwi_Module_startup__E)
                  00005df8    00000048                   : BIOS.obj (.text:ti_sysbios_heaps_HeapMem_getStats__E)
                  00005e40    00000048                   : BIOS.obj (.text:xdc_runtime_Core_constructObject__I)
                  00005e88    00000044     rtsv7M4_T_le_v4SPD16_eabi.lib : hostclose.c.obj (.text:HOSTclose)
                  00005ecc    00000044                                   : hostunlink.c.obj (.text:HOSTunlink)
                  00005f10    00000044     driverlib.lib : chipinfo.obj (.text:NOROM_ChipInfo_GetHwRevision)
                  00005f54    00000044     drivers_cc26x2.a : PINCC26XX.oem4f (.text:PIN_swi)
                  00005f98    00000044                      : Timer.oem4f (.text:Timer_start)
                  00005fdc    00000044     rtsv7M4_T_le_v4SPD16_eabi.lib : getdevice.c.obj (.text:getdevice)
                  00006020    00000044     sysbios.aem4f : BIOS.obj (.text:ti_sysbios_family_arm_m3_Hwi_disableInterrupt__E)
                  00006064    00000044                   : BIOS.obj (.text:ti_sysbios_family_arm_m3_Hwi_enableInterrupt__E)
                  000060a8    00000044                   : BIOS.obj (.text:ti_sysbios_knl_Task_allBlockedFunction__I)
                  000060ec    00000044     ti.uia.loggers.aem4f : LoggerStopMode.oem4f (.text:ti_uia_loggers_LoggerStopMode_initBuffer__I)
                  00006130    00000044     sysbios.aem4f : BIOS.obj (.text:xdc_runtime_SysMin_flush__E)
                  00006174    00000040     ti_drivers_config.obj (.text:Board_shutDownExtFlash)
                  000061b4    00000040     dpl_cc26x2.a : ClockP_tirtos.oem4f (.text:ClockP_construct)
                  000061f4    00000040     driverlib.lib : osc.obj (.text:NOROM_OSC_HPOSCRelativeFrequencyOffsetGet)
                  00006234    00000040     sysbios.aem4f : BIOS.obj (.text:ti_sysbios_family_arm_cc26xx_Timer_setThreshold__I)
                  00006274    00000040                   : BIOS.obj (.text:ti_sysbios_family_arm_m3_Hwi_getStackInfo__E)
                  000062b4    0000003e     dpl_cc26x2.a : HwiP_tirtos.oem4f (.text:HwiP_construct)
                  000062f2    0000003e     rtsv7M4_T_le_v4SPD16_eabi.lib : _printfi.c.obj (.text:_fcpy)
                  00006330    0000003c     drivers_cc26x2.a : GPTimerCC26XX.oem4f (.text:GPTimerCC26XX_unregisterInterrupt)
                  0000636c    0000003c                      : PINCC26XX.oem4f (.text:PIN_setOutputValue)
                  000063a8    0000003c     sysbios.aem4f : BIOS.obj (.text:ti_sysbios_family_arm_m3_Hwi_construct2__E)
                  000063e4    00000038     drivers_cc26x2.a : PINCC26XX.oem4f (.text:PIN_setConfig)
                  0000641c    00000038     rtsv7M4_T_le_v4SPD16_eabi.lib : trgmsg.c.obj (.text:__TI_writemsg)
                  00006454    00000038     drivers_cc26x2.a : PowerCC26X2.oem4f (.text:notify)
                  0000648c    00000038     sysbios.aem4f : BIOS.obj (.text:ti_sysbios_family_arm_cc26xx_Timer_getCurrentTick__E)
                  000064c4    00000038                   : BIOS.obj (.text:ti_sysbios_family_arm_m3_Hwi_Instance_finalize__E)
                  000064fc    00000038                   : BIOS.obj (.text:ti_sysbios_heaps_HeapMem_Instance_init__E)
                  00006534    00000038                   : BIOS.obj (.text:ti_sysbios_knl_Clock_Instance_init__E)
                  0000656c    00000038                   : BIOS.obj (.text:xdc_runtime_System_atexit__E)
                  000065a4    00000036     drivers_cc26x2.a : Timer.oem4f (.text:Timer_stop)
                  000065da    00000036     rtsv7M4_T_le_v4SPD16_eabi.lib : strncpy.c.obj (.text:strncpy)
                  00006610    00000034     drivers_cc26x2.a : GPIOCC26XX.oem4f (.text:GPIO_toggle)
                  00006644    00000034                      : GPTimerCC26XX.oem4f (.text:GPTimerCC26XXSetLoadMatch)
                  00006678    00000034                      : GPTimerCC26XX.oem4f (.text:GPTimerCC26XX_configureDebugStall)
                  000066ac    00000034     driverlib.lib : aux_sysif.obj (.text:NOROM_AUXSYSIFOpModeChange)
                  000066e0    00000034                   : sys_ctrl.obj (.text:NOROM_SysCtrlIdle)
                  00006714    00000034     rtsv7M4_T_le_v4SPD16_eabi.lib : fopen.c.obj (.text:__TI_cleanup)
                  00006748    00000034                                   : trgmsg.c.obj (.text:__TI_readmsg)
                  0000677c    00000034     sysbios.aem4f : BIOS.obj (.text:ti_sysbios_knl_Swi_restore__E)
                  000067b0    00000034     ti.uia.loggers.aem4f : LoggerStopMode.oem4f (.text:ti_uia_loggers_LoggerStopMode_reset__E)
                  000067e4    00000034     sysbios.aem4f : BIOS.obj (.text:xdc_runtime_SysMin_abort__E)
                  00006818    00000034                   : BIOS.obj (.text:xdc_runtime_SysMin_putch__E)
                  0000684c    00000032                   : BIOS.obj (.text:ti_sysbios_family_arm_cc26xx_Timer_setNextTick__E)
                  0000687e    00000030     drivers_cc26x2.a : GPTimerCC26XX.oem4f (.text:GPTimerCC26XX_close)
                  000068ae    00000002     sysbios.aem4f : BIOS.obj (.text:xdc_runtime_Error_policySpin__E)
                  000068b0    00000030     drivers_cc26x2.a : PowerCC26X2.oem4f (.text:Power_releaseConstraint)
                  000068e0    00000030                      : PowerCC26X2.oem4f (.text:Power_setConstraint)
                  00006910    00000030                      : TimerCC26XX.oem4f (.text:Timer_close)
                  00006940    00000030     rtsv7M4_T_le_v4SPD16_eabi.lib : getdevice.c.obj (.text:finddevice)
                  00006970    00000030     hello_pem4f.oem4f (.text:ti_sysbios_BIOS_atExitFunc__I)
                  000069a0    00000030     hello_pem4f.oem4f (.text:ti_sysbios_BIOS_startFunc__I)
                  000069d0    00000030     sysbios.aem4f : BIOS.obj (.text:ti_sysbios_family_arm_cc26xx_Timer_initDevice__I)
                  00006a00    00000030     hello_pem4f.oem4f (.text:ti_sysbios_gates_GateHwi_Object__create__S)
                  00006a30    00000030     hello_pem4f.oem4f (.text:ti_sysbios_gates_GateMutex_Object__create__S)
                  00006a60    00000030     sysbios.aem4f : BIOS.obj (.text:ti_sysbios_gates_GateMutex_enter__E)
                  00006a90    00000030     hello_pem4f.oem4f (.text:ti_sysbios_heaps_HeapMem_Object__create__S)
                  00006ac0    00000030     sysbios.aem4f : BIOS.obj (.text:ti_sysbios_heaps_HeapMem_free__E)
                  00006af0    00000030     hello_pem4f.oem4f (.text:ti_sysbios_knl_Clock_construct)
                  00006b20    00000030     hello_pem4f.oem4f (.text:ti_sysbios_knl_Semaphore_construct)
                  00006b50    00000030     sysbios.aem4f : BIOS.obj (.text:ti_sysbios_knl_Task_processVitalTaskFlag__I)
                  00006b80    00000030     hello_pem4f.oem4f (.text:ti_sysbios_rts_MemAlloc_alloc)
                  00006bb0    00000030     hello_pem4f.oem4f (.text:ti_uia_loggers_LoggerStopMode_Object__create__S)
                  00006be0    00000030     hello.obj (.text:timerISR)
                  00006c10    00000030     sysbios.aem4f : BIOS.obj (.text:xdc_runtime_System_processAtExit__E)
                  00006c40    0000002e     rtsv7M4_T_le_v4SPD16_eabi.lib : i_tofd_t2.asm.obj (.text)
                  00006c6e    0000002e     sysbios.aem4f : BIOS.obj (.text:ti_sysbios_family_arm_m3_TaskSupport_start__E)
                  00006c9c    0000002e                   : BIOS.obj (.text:ti_sysbios_hal_Hwi_initStack)
                  00006cca    0000002c     dpl_cc26x2.a : SemaphoreP_tirtos.oem4f (.text:SemaphoreP_constructBinary)
                  00006cf6    00000002     sysbios.aem4f : BIOS.obj (.text:xdc_runtime_System_abortSpin__E)
                  00006cf8    0000002c     hello_pem4f.oem4f (.text:ti_sysbios_gates_GateHwi_Handle__label__S)
                  00006d24    0000002c     hello_pem4f.oem4f (.text:ti_sysbios_gates_GateMutex_Handle__label__S)
                  00006d50    0000002c     hello_pem4f.oem4f (.text:ti_sysbios_heaps_HeapMem_Handle__label__S)
                  00006d7c    0000002c     sysbios.aem4f : BIOS.obj (.text:ti_sysbios_knl_Clock_getTicksUntilInterrupt__E)
                  00006da8    0000002c     hello_pem4f.oem4f (.text:ti_sysbios_knl_Queue_construct)
                  00006dd4    0000002c     sysbios.aem4f : BIOS.obj (.text:ti_sysbios_knl_Semaphore_pendTimeout__I)
                  00006e00    0000002c                   : BIOS.obj (.text:ti_sysbios_knl_Task_restore__E)
                  00006e2c    0000002c     hello_pem4f.oem4f (.text:ti_uia_loggers_LoggerStopMode_Handle__label__S)
                  00006e58    0000002c     rtsv7M4_T_le_v4SPD16_eabi.lib : unlink.c.obj (.text:unlink)
                  00006e84    00000028     drivers_cc26x2.a : TimerCC26XX.oem4f (.text:TimerCC26XX_callbackfxn)
                  00006eac    00000028     rtsv7M4_T_le_v4SPD16_eabi.lib : lseek.c.obj (.text:lseek)
                  00006ed4    00000028     drivers_cc26x2.a : PowerCC26X2.oem4f (.text:oscillatorISR)
                  00006efc    00000028     sysbios.aem4f : m3_Hwi_asm.obj (.text:ti_sysbios_family_arm_m3_Hwi_excHandlerAsm__I)
                  00006f24    00000028                   : BIOS.obj (.text:ti_sysbios_knl_Clock_addI__E)
                  00006f4c    00000028     rtsv7M4_T_le_v4SPD16_eabi.lib : write.c.obj (.text:write)
                  00006f74    00000026     drivers_cc26x2.a : GPTimerCC26XX.oem4f (.text:GPTimerCC26XXLookupMask)
                  00006f9a    00000026     sysbios.aem4f : m3_Hwi_asm.obj (.text:ti_sysbios_family_arm_m3_Hwi_pendSV__I)
                  00006fc0    00000024     drivers_cc26x2.a : GPTimerCC26XX.oem4f (.text:GPTimerCC26XX_enableInterrupt)
                  00006fe4    00000024     driverlib.lib : osc.obj (.text:NOROM_OSCHF_TurnOnXosc)
                  00007008    00000024     drivers_cc26x2.a : PowerCC26X2_calibrateRCOSC.oem4f (.text:getTdcSemaphore)
                  0000702c    00000024     hello_pem4f.oem4f (.text:ti_sysbios_BIOS_registerRTSLock__I)
                  00007050    00000024     hello_pem4f.oem4f (.text:ti_sysbios_BIOS_removeRTSLock__I)
                  00007074    00000024     sysbios.aem4f : BIOS.obj (.text:ti_sysbios_family_arm_cc26xx_Timer_Module_startup__E)
                  00007098    00000024                   : BIOS.obj (.text:ti_sysbios_family_arm_cc26xx_Timer_getMaxTicks__E)
                  000070bc    00000024                   : BIOS.obj (.text:ti_sysbios_family_arm_cc26xx_Timer_startup__E)
                  000070e0    00000024     hello_pem4f.oem4f (.text:ti_sysbios_gates_GateMutex_Object__delete__S)
                  00007104    00000024     sysbios.aem4f : BIOS.obj (.text:ti_sysbios_knl_Clock_Module_startup__E)
                  00007128    00000024                   : BIOS.obj (.text:ti_sysbios_knl_Semaphore_Instance_init__E)
                  0000714c    00000024                   : BIOS.obj (.text:ti_sysbios_knl_Swi_Module_startup__E)
                  00007170    00000024                   : BIOS.obj (.text:ti_sysbios_knl_Task_restoreHwi__E)
                  00007194    00000022     drivers_cc26x2.a : GPTimerCC26XX.oem4f (.text:GPTimerCC26XXReverseLookupMask)
                  000071b6    00000022     sysbios.aem4f : BIOS.obj (.text:ti_sysbios_family_arm_cc26xx_Timer_postInit__I)
                  000071d8    00000022     hello_pem4f.oem4f (.text:xdc_runtime_SysMin_output__I)
                  000071fa    00000002     sysbios.aem4f : BIOS.obj (.text:xdc_runtime_System_exitSpin__E)
                  000071fc    00000020     ti_drivers_config.obj (.text:Board_init)
                  0000721c    00000020     drivers_cc26x2.a : PINCC26XX.oem4f (.text:PINCC26XX_setIoCfgMux)
                  0000723c    00000020     rtsv7M4_T_le_v4SPD16_eabi.lib : memchr.c.obj (.text:memchr)
                  0000725c    00000020     hello_pem4f.oem4f (.text:ti_sysbios_BIOS_rtsLock__I)
                  0000727c    00000020     sysbios.aem4f : BIOS.obj (.text:ti_sysbios_family_arm_cc26xx_Timer_dynamicStub__E)
                  0000729c    00000020                   : BIOS.obj (.text:ti_sysbios_family_arm_cc26xx_TimestampProvider_Module_startup__E)
                  000072bc    00000020     hello_pem4f.oem4f (.text:ti_sysbios_family_arm_m3_Hwi_Object__delete__S)
                  000072dc    00000020     hello_pem4f.oem4f (.text:ti_sysbios_gates_GateHwi_Object__delete__S)
                  000072fc    00000020     hello_pem4f.oem4f (.text:ti_sysbios_heaps_HeapMem_Object__delete__S)
                  0000731c    00000020     sysbios.aem4f : BIOS.obj (.text:ti_sysbios_knl_Clock_getTicks__E)
                  0000733c    00000020                   : BIOS.obj (.text:ti_sysbios_knl_Clock_stop__E)
                  0000735c    00000020                   : BIOS.obj (.text:ti_sysbios_knl_Idle_run__E)
                  0000737c    00000020     hello_pem4f.oem4f (.text:ti_sysbios_knl_Semaphore_destruct)
                  0000739c    00000020     hello_pem4f.oem4f (.text:ti_uia_loggers_LoggerStopMode_Object__delete__S)
                  000073bc    00000020     sysbios.aem4f : BIOS.obj (.text:xdc_runtime_SysMin_Module_startup__E)
                  000073dc    0000001e     drivers_cc26x2.a : PINCC26XX.oem4f (.text:PIN_close)
                  000073fa    0000001e                      : PowerCC26X2.oem4f (.text:Power_getTransitionLatency)
                  00007418    0000001e     sysbios.aem4f : m3_Hwi_asm_switch.obj (.text:ti_sysbios_family_xxx_Hwi_switchAndRunFunc)
                  00007436    0000001e                   : BIOS.obj (.text:ti_sysbios_hal_Hwi_Instance_init__E)
                  00007454    0000001c     driverlib.lib : chipinfo.obj (.text:NOROM_ChipInfo_GetChipFamily)
                  00007470    0000001c     drivers_cc26x2.a : PINCC26XX.oem4f (.text:PIN_hwi)
                  0000748c    0000001c     dpl_cc26x2.a : PowerCC26X2_tirtos.oem4f (.text:PowerCC26XX_schedulerDisable)
                  000074a8    0000001c                  : PowerCC26X2_tirtos.oem4f (.text:PowerCC26XX_schedulerRestore)
                  000074c4    0000001c     rtsv7M4_T_le_v4SPD16_eabi.lib : memccpy.c.obj (.text:memccpy)
                  000074e0    0000001c     sysbios.aem4f : BIOS.obj (.text:ti_sysbios_family_arm_m3_Hwi_clearInterrupt__E)
                  000074fc    0000001c     hello_pem4f.oem4f (.text:ti_sysbios_family_arm_m3_Hwi_destruct)
                  00007518    0000001c     sysbios.aem4f : BIOS.obj (.text:ti_sysbios_family_arm_m3_Hwi_excHandler__I)
                  00007534    0000001c                   : BIOS.obj (.text:ti_sysbios_family_arm_m3_Hwi_setPriority__E)
                  00007550    0000001c                   : BIOS.obj (.text:ti_sysbios_gates_GateMutex_Instance_init__E)
                  0000756c    0000001c                   : BIOS.obj (.text:ti_sysbios_knl_Clock_scheduleNextTick__E)
                  00007588    0000001c     hello_pem4f.oem4f (.text:ti_sysbios_knl_Queue_destruct)
                  000075a4    0000001c     sysbios.aem4f : BIOS.obj (.text:ti_sysbios_knl_Queue_put__E)
                  000075c0    0000001c                   : BIOS.obj (.text:ti_sysbios_knl_Swi_construct2__E)
                  000075dc    0000001c                   : BIOS.obj (.text:ti_sysbios_knl_Task_enter__I)
                  000075f8    0000001c     ti.uia.loggers.aem4f : LoggerStopMode.oem4f (.text:ti_uia_loggers_LoggerStopMode_Instance_init__E)
                  00007614    0000001c     sysbios.aem4f : BIOS.obj (.text:xdc_runtime_Error_check__E)
                  00007630    0000001c                   : BIOS.obj (.text:xdc_runtime_Error_raiseX__E)
                  0000764c    0000001c                   : BIOS.obj (.text:xdc_runtime_Memory_valloc__E)
                  00007668    0000001c                   : BIOS.obj (.text:xdc_runtime_SysMin_exit__E)
                  00007684    0000001c                   : BIOS.obj (.text:xdc_runtime_System_abort__E)
                  000076a0    0000001a     drivers_cc26x2.a : PowerCC26X2.oem4f (.text:PowerCC26XX_calibrate)
                  000076ba    0000001a     rtsv7M4_T_le_v4SPD16_eabi.lib : s_copysign.c.obj (.text:copysign)
                  000076d4    0000001a     hello_pem4f.oem4f (.text:free)
                  000076ee    00000002     --HOLE-- [fill = 0]
                  000076f0    00000018     driverlib.lib : chipinfo.obj (.text:NOROM_ChipInfo_GetPackageType)
                  00007708    00000018     drivers_cc26x2.a : PowerCC26X2.oem4f (.text:Power_idleFunc)
                  00007720    00000018     rtsv7M4_T_le_v4SPD16_eabi.lib : args_main.c.obj (.text:_args_main)
                  00007738    00000018                                   : ll_mul_t2.asm.obj (.text)
                  00007750    00000018                                   : strcmp.c.obj (.text:strcmp)
                  00007768    00000018     drivers_cc26x2.a : PowerCC26X2.oem4f (.text:switchToTCXO)
                  00007780    00000018     hello_pem4f.oem4f (.text:ti_sysbios_BIOS_rtsUnlock__I)
                  00007798    00000018     hello_pem4f.oem4f (.text:ti_sysbios_family_arm_cc26xx_Timer_Module__startupDone__F)
                  000077b0    00000018     hello_pem4f.oem4f (.text:ti_sysbios_family_arm_m3_Hwi_Module__startupDone__F)
                  000077c8    00000018     sysbios.aem4f : BIOS.obj (.text:ti_sysbios_family_arm_m3_Hwi_plug__E)
                  000077e0    00000018                   : m3_TaskSupport_asm.obj (.text:ti_sysbios_family_arm_m3_TaskSupport_swap__E)
                  000077f8    00000018                   : BIOS.obj (.text:ti_sysbios_gates_GateMutex_leave__E)
                  00007810    00000018                   : BIOS.obj (.text:ti_sysbios_knl_Swi_or__E)
                  00007828    00000018                   : BIOS.obj (.text:ti_sysbios_knl_Task_unblock__E)
                  00007840    00000018                   : BIOS.obj (.text:xdc_runtime_Error_init__E)
                  00007858    00000018                   : BIOS.obj (.text:xdc_runtime_System_exit__E)
                  00007870    00000018                   : BIOS.obj (.text:xdc_runtime_Text_ropeText__E)
                  00007888    00000016     driverlib.lib : chipinfo.obj (.text:NOROM_ThisLibraryIsFor_CC13x2_CC26x2_HwRev20AndLater_HaltIfViolated)
                  0000789e    00000016     rtsv7M4_T_le_v4SPD16_eabi.lib : strchr.c.obj (.text:strchr)
                  000078b4    00000016     hello_pem4f.oem4f (.text:ti_sysbios_BIOS_exitFunc__I)
                  000078ca    00000016     sysbios.aem4f : BIOS.obj (.text:ti_sysbios_family_arm_cc26xx_TimestampProvider_get64__E)
                  000078e0    00000016     hello.obj (.text:ti_sysbios_hal_Hwi_Params_init)
                  000078f6    00000016     sysbios.aem4f : BIOS.obj (.text:ti_sysbios_knl_Clock_start__E)
                  0000790c    00000016     ti.uia.loggers.aem4f : LoggerStopMode.oem4f (.text:ti_uia_loggers_LoggerStopMode_disable__E)
                  00007922    00000016                          : LoggerStopMode.oem4f (.text:ti_uia_loggers_LoggerStopMode_enable__E)
                  00007938    00000014     drivers_cc26x2.a : PINCC26XX.oem4f (.text:PINCC26XX_getPinCount)
                  0000794c    00000014                      : PowerCC26X2_calibrateRCOSC.oem4f (.text:PowerCC26X2_calibrate)
                  00007960    00000014     rtsv7M4_T_le_v4SPD16_eabi.lib : strcpy.c.obj (.text:strcpy)
                  00007974    00000014                                   : strlen.c.obj (.text:strlen)
                  00007988    00000014     sysbios.aem4f : BIOS.obj (.text:ti_sysbios_family_arm_cc26xx_Timer_getCount64__E)
                  0000799c    00000014     hello_pem4f.oem4f (.text:ti_sysbios_family_arm_m3_Hwi_Object__get__S)
                  000079b0    00000014     sysbios.aem4f : BIOS.obj (.text:ti_sysbios_family_arm_m3_Hwi_switchFromBootStack__E)
                  000079c4    00000014     hello_pem4f.oem4f (.text:ti_sysbios_heaps_HeapMem_Object__get__S)
                  000079d8    00000014     hello_pem4f.oem4f (.text:ti_sysbios_knl_Clock_doTick__I)
                  000079ec    00000014     hello_pem4f.oem4f (.text:ti_sysbios_knl_Swi_Object__get__S)
                  00007a00    00000012     drivers_cc26x2.a : GPTimerCC26XX.oem4f (.text:GPTimerCC26XX_Params_init)
                  00007a12    00000012     dpl_cc26x2.a : SemaphoreP_tirtos.oem4f (.text:SemaphoreP_pend)
                  00007a24    00000012     hello.obj (.text:TimerIntClear)
                  00007a36    00000012     sysbios.aem4f : BIOS.obj (.text:ti_sysbios_hal_Hwi_Module_startup__E)
                  00007a48    00000012     rtsv7M4_T_le_v4SPD16_eabi.lib : wcslen.c.obj (.text:wcslen)
                  00007a5a    00000012     hello_pem4f.oem4f (.text:xdc_runtime_Startup_exec__I)
                  00007a6c    00000010     dpl_cc26x2.a : HwiP_tirtos.oem4f (.text:HwiP_Params_init)
                  00007a7c    00000010                  : SwiP_tirtos.oem4f (.text:SwiP_Params_init)
                  00007a8c    00000010     drivers_cc26x2.a : TimerCC26XX.oem4f (.text:TimerSupport_timerFullWidth)
                  00007a9c    00000010                      : Timer.oem4f (.text:Timer_Params_init)
                  00007aac    00000010     sysbios.aem4f : BIOS.obj (.text:ti_sysbios_BIOS_exit__E)
                  00007abc    00000010                   : BIOS.obj (.text:ti_sysbios_BIOS_getCpuFreq__E)
                  00007acc    00000010                   : BIOS.obj (.text:ti_sysbios_BIOS_setThreadType__E)
                  00007adc    00000010                   : BIOS.obj (.text:ti_sysbios_BIOS_start__E)
                  00007aec    00000010                   : m3_TaskSupport_asm.obj (.text:ti_sysbios_family_arm_m3_TaskSupport_glue)
                  00007afc    00000010                   : BIOS.obj (.text:ti_sysbios_gates_GateMutex_Instance_finalize__E)
                  00007b0c    00000010                   : BIOS.obj (.text:ti_sysbios_knl_Semaphore_Instance_finalize__E)
                  00007b1c    00000010                   : BIOS.obj (.text:ti_sysbios_knl_Swi_disable__E)
                  00007b2c    00000010                   : BIOS.obj (.text:ti_sysbios_knl_Swi_enabled__E)
                  00007b3c    00000010     hello_pem4f.oem4f (.text:ti_sysbios_knl_Task_Object__get__S)
                  00007b4c    00000010     sysbios.aem4f : BIOS.obj (.text:ti_sysbios_knl_Task_disable__E)
                  00007b5c    00000010     hello_pem4f.oem4f (.text:ti_uia_loggers_LoggerStopMode_Object__get__S)
                  00007b6c    00000010     ti.uia.loggers.aem4f : LoggerStopMode.oem4f (.text:ti_uia_loggers_LoggerStopMode_isEmpty__E)
                  00007b7c    00000010     sysbios.aem4f : BIOS.obj (.text:xdc_runtime_Gate_leaveSystem__E)
                  00007b8c    00000010                   : BIOS.obj (.text:xdc_runtime_Memory_free__E)
                  00007b9c    0000000e     rtsv7M4_T_le_v4SPD16_eabi.lib : copy_decompress_none.c.obj (.text:decompress:none:__TI_decompress_none)
                  00007baa    0000000e     sysbios.aem4f : BIOS.obj (.text:ti_sysbios_heaps_HeapMem_restore__E)
                  00007bb8    0000000e                   : BIOS.obj (.text:ti_sysbios_knl_Queue_empty__E)
                  00007bc6    0000000e                   : BIOS.obj (.text:ti_sysbios_knl_Queue_remove__E)
                  00007bd4    0000000e     hello.obj (.text:timerISR2)
                  00007be2    00000002     --HOLE-- [fill = 0]
                  00007be4    0000000c     dpl_cc26x2.a : ClockP_tirtos.oem4f (.text:ClockP_getSystemTickPeriod)
                  00007bf0    0000000c     driverlib.lib : cpu.obj (.text:NOROM_CPUcpsid)
                  00007bfc    0000000c                   : cpu.obj (.text:NOROM_CPUcpsie)
                  00007c08    0000000c     drivers_cc26x2.a : PowerCC26X2.oem4f (.text:Power_getConstraintMask)
                  00007c14    0000000c                      : PowerCC26X2.oem4f (.text:Power_getDependencyCount)
                  00007c20    0000000c                      : TimerCC26XX.oem4f (.text:TimerSupport_timerLoad)
                  00007c2c    0000000c     rtsv7M4_T_le_v4SPD16_eabi.lib : _lock.c.obj (.text:_register_lock)
                  00007c38    0000000c                                   : _lock.c.obj (.text:_register_unlock)
                  00007c44    0000000c                                   : copy_zero_init.c.obj (.text:decompress:ZI:__TI_zero_init)
                  00007c50    0000000c     hello_pem4f.oem4f (.text:ti_sysbios_family_arm_m3_Hwi_Params__init__S)
                  00007c5c    0000000c     sysbios.aem4f : BIOS.obj (.text:ti_sysbios_family_arm_m3_Hwi_disableFxn__E)
                  00007c68    0000000c                   : BIOS.obj (.text:ti_sysbios_family_arm_m3_Hwi_enableFxn__E)
                  00007c74    0000000c                   : BIOS.obj (.text:ti_sysbios_gates_GateHwi_enter__E)
                  00007c80    0000000c     hello_pem4f.oem4f (.text:ti_sysbios_hal_Hwi_Params__init__S)
                  00007c8c    0000000c     hello_pem4f.oem4f (.text:ti_sysbios_knl_Clock_Params__init__S)
                  00007c98    0000000c     sysbios.aem4f : BIOS.obj (.text:ti_sysbios_knl_Clock_getTimerHandle__E)
                  00007ca4    0000000c     hello_pem4f.oem4f (.text:ti_sysbios_knl_Queue_Object__get__S)
                  00007cb0    0000000c     sysbios.aem4f : BIOS.obj (.text:ti_sysbios_knl_Queue_dequeue__E)
                  00007cbc    0000000c                   : BIOS.obj (.text:ti_sysbios_knl_Queue_enqueue__E)
                  00007cc8    0000000c     hello_pem4f.oem4f (.text:ti_sysbios_knl_Semaphore_Params__init__S)
                  00007cd4    0000000c     hello_pem4f.oem4f (.text:ti_sysbios_knl_Swi_Params__init__S)
                  00007ce0    0000000c     sysbios.aem4f : BIOS.obj (.text:ti_sysbios_knl_Swi_getTrigger__E)
                  00007cec    0000000c                   : BIOS.obj (.text:ti_sysbios_knl_Task_self__E)
                  00007cf8    0000000c                   : BIOS.obj (.text:xdc_runtime_Gate_enterSystem__E)
                  00007d04    0000000c                   : BIOS.obj (.text:xdc_runtime_Memory_calloc__E)
                  00007d10    0000000c                   : BIOS.obj (.text:xdc_runtime_Memory_getMaxDefaultTypeAlign__E)
                  00007d1c    0000000c                   : BIOS.obj (.text:xdc_runtime_Startup_rtsDone__E)
                  00007d28    0000000a     dpl_cc26x2.a : ClockP_tirtos.oem4f (.text:ClockP_Params_init)
                  00007d32    0000000a     drivers_cc26x2.a : TimerCC26XX.oem4f (.text:TimerSupport_timerDisable)
                  00007d3c    0000000a                      : TimerCC26XX.oem4f (.text:TimerSupport_timerEnable)
                  00007d46    0000000a     sysbios.aem4f : BIOS.obj (.text:ti_sysbios_hal_Hwi_Instance_finalize__E)
                  00007d50    0000000a     hello_pem4f.oem4f (.text:xdc_runtime_IHeap_alloc)
                  00007d5a    0000000a     hello_pem4f.oem4f (.text:xdc_runtime_IHeap_free)
                  00007d64    00000008     drivers_cc26x2.a : GPTimerCC26XX.oem4f (.text:GPTimerCC26XX_setLoadValue)
                  00007d6c    00000008     rtsv7M4_T_le_v4SPD16_eabi.lib : errno.c.obj (.text:__aeabi_errno_addr)
                  00007d74    00000008     sysbios.aem4f : BIOS.obj (.text:ti_sysbios_family_arm_m3_Hwi_doSwiRestore__I)
                  00007d7c    00000008                   : BIOS.obj (.text:ti_sysbios_family_arm_m3_Hwi_startup__E)
                  00007d84    00000008                   : BIOS.obj (.text:ti_sysbios_knl_Idle_loop__E)
                  00007d8c    00000006     drivers_cc26x2.a : GPTimerCC26XX.oem4f (.text:GPTimerCC26XX_getArg)
                  00007d92    00000006                      : GPTimerCC26XX.oem4f (.text:GPTimerCC26XX_setArg)
                  00007d98    00000006     driverlib.lib : cpu.obj (.text:NOROM_CPUdelay)
                  00007d9e    00000006     drivers_cc26x2.a : PowerCC26X2.oem4f (.text:delayUs)
                  00007da4    00000006     sysbios.aem4f : BIOS.obj (.text:ti_sysbios_family_arm_m3_Hwi_doTaskRestore__I)
                  00007daa    00000006                   : BIOS.obj (.text:ti_sysbios_family_arm_m3_Hwi_restoreFxn__E)
                  00007db0    00000006                   : BIOS.obj (.text:ti_sysbios_gates_GateHwi_leave__E)
                  00007db6    00000006                   : BIOS.obj (.text:ti_sysbios_heaps_HeapMem_isBlocking__E)
                  00007dbc    00000006                   : BIOS.obj (.text:ti_sysbios_knl_Queue_Instance_init__E)
                  00007dc2    00000006                   : BIOS.obj (.text:ti_sysbios_knl_Queue_elemClear__E)
                  00007dc8    00000006                   : BIOS.obj (.text:ti_sysbios_knl_Swi_startup__E)
                  00007dce    00000006                   : BIOS.obj (.text:xdc_runtime_System_Module_startup__E)
                  00007dd4    00000004     dpl_cc26x2.a : PowerCC26X2_tirtos.oem4f (.text:CPUwfi)
                  00007dd8    00000004                  : ClockP_tirtos.oem4f (.text:ClockP_getCpuFreq)
                  00007ddc    00000004                  : ClockP_tirtos.oem4f (.text:ClockP_start)
                  00007de0    00000004                  : ClockP_tirtos.oem4f (.text:ClockP_stop)
                  00007de4    00000004                  : HwiP_tirtos.oem4f (.text:HwiP_destruct)
                  00007de8    00000004                  : HwiP_tirtos.oem4f (.text:HwiP_disable)
                  00007dec    00000004                  : SemaphoreP_tirtos.oem4f (.text:SemaphoreP_destruct)
                  00007df0    00000004                  : SemaphoreP_tirtos.oem4f (.text:SemaphoreP_post)
                  00007df4    00000004                  : SwiP_tirtos.oem4f (.text:SwiP_getTrigger)
                  00007df8    00000004                  : SwiP_tirtos.oem4f (.text:SwiP_or)
                  00007dfc    00000004     rtsv7M4_T_le_v4SPD16_eabi.lib : printf.c.obj (.text:_outc)
                  00007e00    00000004                                   : printf.c.obj (.text:_outs)
                  00007e04    00000004     drivers_cc26x2.a : PowerCC26X2.oem4f (.text:configureRFCoreClocks)
                  00007e08    00000004                      : PowerCC26X2.oem4f (.text:nopResourceHandler)
                  00007e0c    00000004     hello_pem4f.oem4f (.text:ti_sysbios_BIOS_RtsGateProxy_enter__E)
                  00007e10    00000004     hello_pem4f.oem4f (.text:ti_sysbios_BIOS_RtsGateProxy_leave__E)
                  00007e14    00000004     sysbios.aem4f : BIOS.obj (.text:ti_sysbios_family_arm_cc26xx_Timer_setPeriod__E)
                  00007e18    00000004     hello_pem4f.oem4f (.text:ti_sysbios_family_arm_m3_TaskSupport_Module__startupDone__S)
                  00007e1c    00000004     sysbios.aem4f : BIOS.obj (.text:ti_sysbios_gates_GateHwi_query__E)
                  00007e20    00000004                   : BIOS.obj (.text:ti_sysbios_gates_GateMutex_query__E)
                  00007e24    00000004     hello_pem4f.oem4f (.text:ti_sysbios_hal_Hwi_HwiProxy_create)
                  00007e28    00000004     hello_pem4f.oem4f (.text:ti_sysbios_hal_Hwi_HwiProxy_delete)
                  00007e2c    00000004     hello_pem4f.oem4f (.text:ti_sysbios_heaps_HeapMem_Module_GateProxy_enter__E)
                  00007e30    00000004     hello_pem4f.oem4f (.text:ti_sysbios_heaps_HeapMem_Module_GateProxy_leave__E)
                  00007e34    00000004     hello_pem4f.oem4f (.text:ti_sysbios_knl_Clock_TimerProxy_getCurrentTick__E)
                  00007e38    00000004     hello_pem4f.oem4f (.text:ti_sysbios_knl_Clock_TimerProxy_getMaxTicks__E)
                  00007e3c    00000004     hello_pem4f.oem4f (.text:ti_sysbios_knl_Clock_TimerProxy_setNextTick__E)
                  00007e40    00000004     sysbios.aem4f : BIOS.obj (.text:ti_sysbios_knl_Clock_removeI__E)
                  00007e44    00000004                   : BIOS.obj (.text:ti_sysbios_knl_Clock_setTimeout__E)
                  00007e48    00000004                   : BIOS.obj (.text:ti_sysbios_knl_Queue_head__E)
                  00007e4c    00000004                   : BIOS.obj (.text:ti_sysbios_knl_Queue_next__E)
                  00007e50    00000004                   : BIOS.obj (.text:ti_sysbios_knl_Queue_prev__E)
                  00007e54    00000004                   : BIOS.obj (.text:ti_sysbios_knl_Swi_postInit__I)
                  00007e58    00000004                   : BIOS.obj (.text:ti_sysbios_knl_Task_startup__E)
                  00007e5c    00000004     ti.uia.loggers.aem4f : LoggerStopMode.oem4f (.text:ti_uia_loggers_LoggerStopMode_getContents__E)
                  00007e60    00000004     hello_pem4f.oem4f (.text:ti_uia_loggers_LoggerStopMode_getFilterLevel__E)
                  00007e64    00000004     ti.uia.loggers.aem4f : LoggerStopMode.oem4f (.text:ti_uia_loggers_LoggerStopMode_getInstanceId__E)
                  00007e68    00000004                          : LoggerStopMode.oem4f (.text:ti_uia_loggers_LoggerStopMode_getMaxLength__E)
                  00007e6c    00000004                          : LoggerStopMode.oem4f (.text:ti_uia_loggers_LoggerStopMode_getPriority__E)
                  00007e70    00000004                          : LoggerStopMode.oem4f (.text:ti_uia_loggers_LoggerStopMode_getTransferType__E)
                  00007e74    00000004     hello_pem4f.oem4f (.text:xdc_runtime_System_Module_GateProxy_enter__E)
                  00007e78    00000004     hello_pem4f.oem4f (.text:xdc_runtime_System_Module_GateProxy_leave__E)

.const     0    00007e7c    000007d5     
                  00007e7c    00000101     rtsv7M4_T_le_v4SPD16_eabi.lib : ctype.c.obj (.const:.string:_ctypes_)
                  00007f7d    00000001     hello_pem4f.oem4f (.const:xdc_runtime_Error_policy__C)
                  00007f7e    00000002     hello_pem4f.oem4f (.const:ti_sysbios_family_arm_cc26xx_TimestampProvider_useClockTimer__C)
                  00007f80    00000060     hello_pem4f.oem4f (.const:ti_uia_loggers_LoggerStopMode_Module__FXNS__C)
                  00007fe0    00000054     drivers_cc26x2.a : PowerCC26X2.oem4f (.const:resourceDB)
                  00008034    00000030     hello_pem4f.oem4f (.const:ti_sysbios_family_arm_m3_Hwi_Object__PARAMS__C)
                  00008064    0000002c     hello_pem4f.oem4f (.const:ti_sysbios_hal_Hwi_Object__PARAMS__C)
                  00008090    00000028     hello_pem4f.oem4f (.const:ti_sysbios_heaps_HeapMem_Module__FXNS__C)
                  000080b8    00000028     hello_pem4f.oem4f (.const:ti_sysbios_knl_Swi_Object__PARAMS__C)
                  000080e0    00000028     hello_pem4f.oem4f (.const:ti_uia_loggers_LoggerStopMode_Object__PARAMS__C)
                  00008108    00000028     hello_pem4f.oem4f (.const:xdc_runtime_Startup_sfxnTab__A)
                  00008130    00000024     hello_pem4f.oem4f (.const:ti_sysbios_gates_GateHwi_Module__FXNS__C)
                  00008154    00000024     hello_pem4f.oem4f (.const:ti_sysbios_gates_GateMutex_Module__FXNS__C)
                  00008178    00000024     hello_pem4f.oem4f (.const:ti_sysbios_heaps_HeapMem_Object__PARAMS__C)
                  0000819c    00000024     hello_pem4f.oem4f (.const:ti_sysbios_knl_Clock_Object__PARAMS__C)
                  000081c0    00000024     hello_pem4f.oem4f (.const:ti_sysbios_knl_Semaphore_Object__PARAMS__C)
                  000081e4    00000020     hello_pem4f.oem4f (.const:ti_sysbios_family_arm_m3_Hwi_Object__DESC__C)
                  00008204    00000020     hello_pem4f.oem4f (.const:ti_sysbios_gates_GateHwi_Object__DESC__C)
                  00008224    00000020     hello_pem4f.oem4f (.const:ti_sysbios_gates_GateMutex_Object__DESC__C)
                  00008244    00000020     hello_pem4f.oem4f (.const:ti_sysbios_hal_Hwi_Object__DESC__C)
                  00008264    00000020     hello_pem4f.oem4f (.const:ti_sysbios_heaps_HeapMem_Object__DESC__C)
                  00008284    00000020     hello_pem4f.oem4f (.const:ti_sysbios_knl_Clock_Object__DESC__C)
                  000082a4    00000020     hello_pem4f.oem4f (.const:ti_sysbios_knl_Queue_Object__DESC__C)
                  000082c4    00000020     hello_pem4f.oem4f (.const:ti_sysbios_knl_Semaphore_Object__DESC__C)
                  000082e4    00000020     hello_pem4f.oem4f (.const:ti_sysbios_knl_Swi_Object__DESC__C)
                  00008304    00000020     hello_pem4f.oem4f (.const:ti_uia_loggers_LoggerStopMode_Object__DESC__C)
                  00008324    00000020     ti_drivers_config.obj (.const:timerCC26XXHWAttrs)
                  00008344    0000001c     drivers_cc26x2.a : GPTimerCC26XX.oem4f (.const:GPT_LUT)
                  00008360    00000018     ti_drivers_config.obj (.const:GPTimerCC26XX_config)
                  00008378    00000018     ti_drivers_config.obj (.const:gptimerCC26XXHWAttrs)
                  00008390    00000018     hello_pem4f.oem4f (.const:ti_sysbios_gates_GateHwi_Object__PARAMS__C)
                  000083a8    00000018     hello_pem4f.oem4f (.const:ti_sysbios_gates_GateMutex_Object__PARAMS__C)
                  000083c0    00000018     hello_pem4f.oem4f (.const:ti_sysbios_knl_Queue_Object__PARAMS__C)
                  000083d8    00000014     ti_drivers_config.obj (.const:$P$T1$2)
                  000083ec    00000014     ti_drivers_config.obj (.const:GPIOCC26XX_config)
                  00008400    00000014     ti_drivers_config.obj (.const:PowerCC26X2_config)
                  00008414    00000014     hello_pem4f.oem4f (.const:xdc_runtime_Startup_sfxnRts__A)
                  00008428    00000010     ti_drivers_config.obj (.const:Timer_config)
                  00008438    0000000c     ti_drivers_config.obj (.const:BoardGpioInitTable)
                  00008444    0000000c     drivers_cc26x2.a : Timer.oem4f (.const:defaultParams)
                  00008450    0000000c                      : TimerCC26XX.oem4f (.const:defaultParams)
                  0000845c    0000000c     hello_pem4f.oem4f (.const:xdc_runtime_Startup_firstFxns__A)
                  00008468    00000008     driverlib.lib : aux_sysif.obj (.const:$O1$$)
                  00008470    00000008     ti_drivers_config.obj (.const:$P$T0$1)
                  00008478    00000008     drivers_cc26x2.a : GPTimerCC26XX.oem4f (.const:GPT_DefaultParams)
                  00008480    00000008     ti_drivers_config.obj (.const:PINCC26XX_hwAttrs)
                  00008488    00000008     ti_drivers_config.obj (.const)
                  00008490    00000008     hello_pem4f.oem4f (.const:ti_sysbios_knl_Idle_funcList__C)
                  00008498    00000008     hello_pem4f.oem4f (.const:xdc_runtime_Startup_firstFxns__C)
                  000084a0    00000008     hello_pem4f.oem4f (.const:xdc_runtime_Startup_lastFxns__C)
                  000084a8    00000004     hello_pem4f.oem4f (.const:ti_sysbios_family_arm_cc26xx_Timer_funcHookCH1__C)
                  000084ac    00000004     hello_pem4f.oem4f (.const:ti_sysbios_family_arm_cc26xx_Timer_funcHookCH2__C)
                  000084b0    00000004     hello_pem4f.oem4f (.const:ti_sysbios_family_arm_cc26xx_Timer_startupNeeded__C)
                  000084b4    00000004     hello_pem4f.oem4f (.const:ti_sysbios_family_arm_m3_Hwi_E_alreadyDefined__C)
                  000084b8    00000004     hello_pem4f.oem4f (.const:ti_sysbios_family_arm_m3_Hwi_E_badIntNum__C)
                  000084bc    00000004     hello_pem4f.oem4f (.const:ti_sysbios_family_arm_m3_Hwi_LD_end__C)
                  000084c0    00000004     hello_pem4f.oem4f (.const:ti_sysbios_family_arm_m3_Hwi_LM_begin__C)
                  000084c4    00000004     hello_pem4f.oem4f (.const:ti_sysbios_family_arm_m3_Hwi_Module__diagsEnabled__C)
                  000084c8    00000004     hello_pem4f.oem4f (.const:ti_sysbios_family_arm_m3_Hwi_Module__diagsIncluded__C)
                  000084cc    00000004     hello_pem4f.oem4f (.const:ti_sysbios_family_arm_m3_Hwi_Module__diagsMask__C)
                  000084d0    00000004     hello_pem4f.oem4f (.const:ti_sysbios_family_arm_m3_Hwi_Module__loggerFxn1__C)
                  000084d4    00000004     hello_pem4f.oem4f (.const:ti_sysbios_family_arm_m3_Hwi_Module__loggerFxn8__C)
                  000084d8    00000004     hello_pem4f.oem4f (.const:ti_sysbios_family_arm_m3_Hwi_Module__loggerObj__C)
                  000084dc    00000004     hello_pem4f.oem4f (.const:ti_sysbios_family_arm_m3_Hwi_NUM_INTERRUPTS__C)
                  000084e0    00000004     hello_pem4f.oem4f (.const:ti_sysbios_family_arm_m3_Hwi_Object__count__C)
                  000084e4    00000004     hello_pem4f.oem4f (.const:ti_sysbios_family_arm_m3_Hwi_ccr__C)
                  000084e8    00000004     hello_pem4f.oem4f (.const:ti_sysbios_family_arm_m3_Hwi_excHandlerFunc__C)
                  000084ec    00000004     hello_pem4f.oem4f (.const:ti_sysbios_family_arm_m3_Hwi_nullIsrFunc__C)
                  000084f0    00000004     hello_pem4f.oem4f (.const:ti_sysbios_family_arm_m3_Hwi_priGroup__C)
                  000084f4    00000004     hello_pem4f.oem4f (.const:ti_sysbios_gates_GateMutex_Instance_State_sem__O)
                  000084f8    00000004     hello_pem4f.oem4f (.const:ti_sysbios_heaps_HeapMem_E_memory__C)
                  000084fc    00000004     hello_pem4f.oem4f (.const:ti_sysbios_heaps_HeapMem_Module__gateObj__C)
                  00008500    00000004     hello_pem4f.oem4f (.const:ti_sysbios_heaps_HeapMem_Object__count__C)
                  00008504    00000004     hello_pem4f.oem4f (.const:ti_sysbios_heaps_HeapMem_primaryHeapBaseAddr__C)
                  00008508    00000004     hello_pem4f.oem4f (.const:ti_sysbios_heaps_HeapMem_primaryHeapEndAddr__C)
                  0000850c    00000004     hello_pem4f.oem4f (.const:ti_sysbios_heaps_HeapMem_reqAlign__C)
                  00008510    00000004     hello_pem4f.oem4f (.const:ti_sysbios_knl_Clock_LM_begin__C)
                  00008514    00000004     hello_pem4f.oem4f (.const:ti_sysbios_knl_Clock_LM_tick__C)
                  00008518    00000004     hello_pem4f.oem4f (.const:ti_sysbios_knl_Clock_Module_State_clockQ__O)
                  0000851c    00000004     hello_pem4f.oem4f (.const:ti_sysbios_knl_Clock_Module__diagsEnabled__C)
                  00008520    00000004     hello_pem4f.oem4f (.const:ti_sysbios_knl_Clock_Module__diagsIncluded__C)
                  00008524    00000004     hello_pem4f.oem4f (.const:ti_sysbios_knl_Clock_Module__diagsMask__C)
                  00008528    00000004     hello_pem4f.oem4f (.const:ti_sysbios_knl_Clock_Module__loggerFxn1__C)
                  0000852c    00000004     hello_pem4f.oem4f (.const:ti_sysbios_knl_Clock_Module__loggerFxn2__C)
                  00008530    00000004     hello_pem4f.oem4f (.const:ti_sysbios_knl_Clock_Module__loggerObj__C)
                  00008534    00000004     hello_pem4f.oem4f (.const:ti_sysbios_knl_Clock_tickPeriod__C)
                  00008538    00000004     hello_pem4f.oem4f (.const:ti_sysbios_knl_Clock_triggerClock__C)
                  0000853c    00000004     hello_pem4f.oem4f (.const:ti_sysbios_knl_Idle_funcList__A)
                  00008540    00000004     hello_pem4f.oem4f (.const:ti_sysbios_knl_Semaphore_Instance_State_pendQ__O)
                  00008544    00000004     hello_pem4f.oem4f (.const:ti_sysbios_knl_Semaphore_LM_pend__C)
                  00008548    00000004     hello_pem4f.oem4f (.const:ti_sysbios_knl_Semaphore_LM_post__C)
                  0000854c    00000004     hello_pem4f.oem4f (.const:ti_sysbios_knl_Semaphore_Module__diagsEnabled__C)
                  00008550    00000004     hello_pem4f.oem4f (.const:ti_sysbios_knl_Semaphore_Module__diagsIncluded__C)
                  00008554    00000004     hello_pem4f.oem4f (.const:ti_sysbios_knl_Semaphore_Module__diagsMask__C)
                  00008558    00000004     hello_pem4f.oem4f (.const:ti_sysbios_knl_Semaphore_Module__loggerFxn2__C)
                  0000855c    00000004     hello_pem4f.oem4f (.const:ti_sysbios_knl_Semaphore_Module__loggerFxn4__C)
                  00008560    00000004     hello_pem4f.oem4f (.const:ti_sysbios_knl_Semaphore_Module__loggerObj__C)
                  00008564    00000004     hello_pem4f.oem4f (.const:ti_sysbios_knl_Swi_LD_end__C)
                  00008568    00000004     hello_pem4f.oem4f (.const:ti_sysbios_knl_Swi_LM_begin__C)
                  0000856c    00000004     hello_pem4f.oem4f (.const:ti_sysbios_knl_Swi_LM_post__C)
                  00008570    00000004     hello_pem4f.oem4f (.const:ti_sysbios_knl_Swi_Module__diagsEnabled__C)
                  00008574    00000004     hello_pem4f.oem4f (.const:ti_sysbios_knl_Swi_Module__diagsIncluded__C)
                  00008578    00000004     hello_pem4f.oem4f (.const:ti_sysbios_knl_Swi_Module__diagsMask__C)
                  0000857c    00000004     hello_pem4f.oem4f (.const:ti_sysbios_knl_Swi_Module__loggerFxn1__C)
                  00008580    00000004     hello_pem4f.oem4f (.const:ti_sysbios_knl_Swi_Module__loggerFxn4__C)
                  00008584    00000004     hello_pem4f.oem4f (.const:ti_sysbios_knl_Swi_Module__loggerObj__C)
                  00008588    00000004     hello_pem4f.oem4f (.const:ti_sysbios_knl_Swi_Object__count__C)
                  0000858c    00000004     hello_pem4f.oem4f (.const:ti_sysbios_knl_Swi_numPriorities__C)
                  00008590    00000004     hello_pem4f.oem4f (.const:ti_sysbios_knl_Task_LD_block__C)
                  00008594    00000004     hello_pem4f.oem4f (.const:ti_sysbios_knl_Task_LD_exit__C)
                  00008598    00000004     hello_pem4f.oem4f (.const:ti_sysbios_knl_Task_LD_ready__C)
                  0000859c    00000004     hello_pem4f.oem4f (.const:ti_sysbios_knl_Task_LM_switch__C)
                  000085a0    00000004     hello_pem4f.oem4f (.const:ti_sysbios_knl_Task_Module_State_inactiveQ__O)
                  000085a4    00000004     hello_pem4f.oem4f (.const:ti_sysbios_knl_Task_Module__diagsEnabled__C)
                  000085a8    00000004     hello_pem4f.oem4f (.const:ti_sysbios_knl_Task_Module__diagsIncluded__C)
                  000085ac    00000004     hello_pem4f.oem4f (.const:ti_sysbios_knl_Task_Module__diagsMask__C)
                  000085b0    00000004     hello_pem4f.oem4f (.const:ti_sysbios_knl_Task_Module__loggerFxn2__C)
                  000085b4    00000004     hello_pem4f.oem4f (.const:ti_sysbios_knl_Task_Module__loggerFxn4__C)
                  000085b8    00000004     hello_pem4f.oem4f (.const:ti_sysbios_knl_Task_Module__loggerObj__C)
                  000085bc    00000004     hello_pem4f.oem4f (.const:ti_sysbios_knl_Task_Object__count__C)
                  000085c0    00000004     hello_pem4f.oem4f (.const:ti_sysbios_knl_Task_allBlockedFunc__C)
                  000085c4    00000004     hello_pem4f.oem4f (.const:ti_sysbios_knl_Task_numConstructedTasks__C)
                  000085c8    00000004     hello_pem4f.oem4f (.const:ti_uia_loggers_LoggerStopMode_Module__diagsEnabled__C)
                  000085cc    00000004     hello_pem4f.oem4f (.const:ti_uia_loggers_LoggerStopMode_Module__diagsIncluded__C)
                  000085d0    00000004     hello_pem4f.oem4f (.const:ti_uia_loggers_LoggerStopMode_Module__diagsMask__C)
                  000085d4    00000004     hello_pem4f.oem4f (.const:ti_uia_loggers_LoggerStopMode_Object__count__C)
                  000085d8    00000004     hello_pem4f.oem4f (.const:ti_uia_runtime_ILoggerSnapshot_Interface__BASE__C)
                  000085dc    00000004     hello_pem4f.oem4f (.const:ti_uia_runtime_IUIATransfer_Interface__BASE__C)
                  000085e0    00000004     hello_pem4f.oem4f (.const:xdc_runtime_Assert_E_assertFailed__C)
                  000085e4    00000004     hello_pem4f.oem4f (.const:xdc_runtime_Error_E_memory__C)
                  000085e8    00000004     hello_pem4f.oem4f (.const:xdc_runtime_Error_policyFxn__C)
                  000085ec    00000004     hello_pem4f.oem4f (.const:xdc_runtime_IFilterLogger_Interface__BASE__C)
                  000085f0    00000004     hello_pem4f.oem4f (.const:xdc_runtime_IGateProvider_Interface__BASE__C)
                  000085f4    00000004     hello_pem4f.oem4f (.const:xdc_runtime_IHeap_Interface__BASE__C)
                  000085f8    00000004     hello_pem4f.oem4f (.const:xdc_runtime_ILogger_Interface__BASE__C)
                  000085fc    00000004     hello_pem4f.oem4f (.const:xdc_runtime_IModule_Interface__BASE__C)
                  00008600    00000004     hello_pem4f.oem4f (.const:xdc_runtime_Memory_defaultHeapInstance__C)
                  00008604    00000004     hello_pem4f.oem4f (.const:xdc_runtime_Startup_execImpl__C)
                  00008608    00000004     hello_pem4f.oem4f (.const:xdc_runtime_Startup_maxPasses__C)
                  0000860c    00000004     hello_pem4f.oem4f (.const:xdc_runtime_Startup_sfxnRts__C)
                  00008610    00000004     hello_pem4f.oem4f (.const:xdc_runtime_Startup_sfxnTab__C)
                  00008614    00000004     hello_pem4f.oem4f (.const:xdc_runtime_SysMin_bufSize__C)
                  00008618    00000004     hello_pem4f.oem4f (.const:xdc_runtime_SysMin_outputFunc__C)
                  0000861c    00000004     hello_pem4f.oem4f (.const:xdc_runtime_System_Module__gateObj__C)
                  00008620    00000004     hello_pem4f.oem4f (.const:xdc_runtime_System_abortFxn__C)
                  00008624    00000004     hello_pem4f.oem4f (.const:xdc_runtime_System_exitFxn__C)
                  00008628    00000004     hello_pem4f.oem4f (.const:xdc_runtime_System_maxAtexitHandlers__C)
                  0000862c    00000004     hello_pem4f.oem4f (.const:xdc_runtime_Text_charTab__C)
                  00008630    00000002     hello_pem4f.oem4f (.const:ti_sysbios_family_arm_m3_Hwi_Module__id__C)
                  00008632    00000002     hello_pem4f.oem4f (.const:ti_sysbios_family_arm_m3_Hwi_Module__loggerDefined__C)
                  00008634    00000002     hello_pem4f.oem4f (.const:ti_sysbios_heaps_HeapMem_Module__id__C)
                  00008636    00000002     hello_pem4f.oem4f (.const:ti_sysbios_knl_Clock_Module__id__C)
                  00008638    00000002     hello_pem4f.oem4f (.const:ti_sysbios_knl_Clock_Module__loggerDefined__C)
                  0000863a    00000002     hello_pem4f.oem4f (.const:ti_sysbios_knl_Semaphore_Module__id__C)
                  0000863c    00000002     hello_pem4f.oem4f (.const:ti_sysbios_knl_Semaphore_Module__loggerDefined__C)
                  0000863e    00000002     hello_pem4f.oem4f (.const:ti_sysbios_knl_Swi_Module__id__C)
                  00008640    00000002     hello_pem4f.oem4f (.const:ti_sysbios_knl_Swi_Module__loggerDefined__C)
                  00008642    00000002     hello_pem4f.oem4f (.const:ti_sysbios_knl_Task_Module__id__C)
                  00008644    00000002     hello_pem4f.oem4f (.const:ti_sysbios_knl_Task_Module__loggerDefined__C)
                  00008646    00000002     hello_pem4f.oem4f (.const:ti_uia_loggers_LoggerStopMode_Module__id__C)
                  00008648    00000002     hello_pem4f.oem4f (.const:ti_uia_loggers_LoggerStopMode_isTimestampEnabled__C)
                  0000864a    00000002     hello_pem4f.oem4f (.const:xdc_runtime_Memory_Module__id__C)
                  0000864c    00000002     hello_pem4f.oem4f (.const:xdc_runtime_SysMin_flushAtExit__C)
[...]
0000819c  ti_sysbios_knl_Clock_Object__PARAMS__C                             
000081c0  ti_sysbios_knl_Semaphore_Object__PARAMS__C                         
000081e4  ti_sysbios_family_arm_m3_Hwi_Object__DESC__C                       
00008204  ti_sysbios_gates_GateHwi_Object__DESC__C                           
00008224  ti_sysbios_gates_GateMutex_Object__DESC__C                         
00008244  ti_sysbios_hal_Hwi_Object__DESC__C                                 
00008264  ti_sysbios_heaps_HeapMem_Object__DESC__C                           
00008284  ti_sysbios_knl_Clock_Object__DESC__C                               
000082a4  ti_sysbios_knl_Queue_Object__DESC__C                               
000082c4  ti_sysbios_knl_Semaphore_Object__DESC__C                           
000082e4  ti_sysbios_knl_Swi_Object__DESC__C                                 
00008304  ti_uia_loggers_LoggerStopMode_Object__DESC__C                      
00008324  timerCC26XXHWAttrs                                                 
00008360  GPTimerCC26XX_config                                               
00008378  gptimerCC26XXHWAttrs                                               
00008390  ti_sysbios_gates_GateHwi_Object__PARAMS__C                         
000083a8  ti_sysbios_gates_GateMutex_Object__PARAMS__C                       
000083c0  ti_sysbios_knl_Queue_Object__PARAMS__C                             
000083ec  GPIOCC26XX_config                                                  
00008400  PowerCC26X2_config                                                 
00008414  xdc_runtime_Startup_sfxnRts__A                                     
00008428  Timer_config                                                       
00008438  BoardGpioInitTable                                                 
0000845c  xdc_runtime_Startup_firstFxns__A                                   
00008480  PINCC26XX_hwAttrs                                                  
00008488  CONFIG_GPIO_LED1_CONST                                             
00008489  CONFIG_GPIO_1_CONST                                                
0000848a  timer0_CONST                                                       
0000848b  timer1_CONST                                                       
0000848c  Timer_count                                                        
0000848d  CONFIG_GPTIMER_0_CONST                                             
0000848e  CONFIG_GPTIMER_1_CONST                                             
0000848f  GPTimer_count                                                      
00008490  ti_sysbios_knl_Idle_funcList__C                                    
00008498  xdc_runtime_Startup_firstFxns__C                                   
000084a0  xdc_runtime_Startup_lastFxns__C                                    
000084a8  ti_sysbios_family_arm_cc26xx_Timer_funcHookCH1__C                  
000084ac  ti_sysbios_family_arm_cc26xx_Timer_funcHookCH2__C                  
000084b0  ti_sysbios_family_arm_cc26xx_Timer_startupNeeded__C                
000084b4  ti_sysbios_family_arm_m3_Hwi_E_alreadyDefined__C                   
000084b8  ti_sysbios_family_arm_m3_Hwi_E_badIntNum__C                        
000084bc  ti_sysbios_family_arm_m3_Hwi_LD_end__C                             
000084c0  ti_sysbios_family_arm_m3_Hwi_LM_begin__C                           
000084c4  ti_sysbios_family_arm_m3_Hwi_Module__diagsEnabled__C               
000084c8  ti_sysbios_family_arm_m3_Hwi_Module__diagsIncluded__C              
000084cc  ti_sysbios_family_arm_m3_Hwi_Module__diagsMask__C                  
000084d0  ti_sysbios_family_arm_m3_Hwi_Module__loggerFxn1__C                 
000084d4  ti_sysbios_family_arm_m3_Hwi_Module__loggerFxn8__C                 
000084d8  ti_sysbios_family_arm_m3_Hwi_Module__loggerObj__C                  
000084dc  ti_sysbios_family_arm_m3_Hwi_NUM_INTERRUPTS__C                     
000084e0  ti_sysbios_family_arm_m3_Hwi_Object__count__C                      
000084e4  ti_sysbios_family_arm_m3_Hwi_ccr__C                                
000084e8  ti_sysbios_family_arm_m3_Hwi_excHandlerFunc__C                     
000084ec  ti_sysbios_family_arm_m3_Hwi_nullIsrFunc__C                        
000084f0  ti_sysbios_family_arm_m3_Hwi_priGroup__C                           
000084f4  ti_sysbios_gates_GateMutex_Instance_State_sem__O                   
000084f8  ti_sysbios_heaps_HeapMem_E_memory__C                               
000084fc  ti_sysbios_heaps_HeapMem_Module__gateObj__C                        
00008500  ti_sysbios_heaps_HeapMem_Object__count__C                          
00008504  ti_sysbios_heaps_HeapMem_primaryHeapBaseAddr__C                    
00008508  ti_sysbios_heaps_HeapMem_primaryHeapEndAddr__C                     
0000850c  ti_sysbios_heaps_HeapMem_reqAlign__C                               
00008510  ti_sysbios_knl_Clock_LM_begin__C                                   
00008514  ti_sysbios_knl_Clock_LM_tick__C                                    
00008518  ti_sysbios_knl_Clock_Module_State_clockQ__O                        
0000851c  ti_sysbios_knl_Clock_Module__diagsEnabled__C                       
00008520  ti_sysbios_knl_Clock_Module__diagsIncluded__C                      
00008524  ti_sysbios_knl_Clock_Module__diagsMask__C                          
00008528  ti_sysbios_knl_Clock_Module__loggerFxn1__C                         
0000852c  ti_sysbios_knl_Clock_Module__loggerFxn2__C                         
00008530  ti_sysbios_knl_Clock_Module__loggerObj__C                          
00008534  ti_sysbios_knl_Clock_tickPeriod__C                                 
00008538  ti_sysbios_knl_Clock_triggerClock__C                               
0000853c  ti_sysbios_knl_Idle_funcList__A                                    
00008540  ti_sysbios_knl_Semaphore_Instance_State_pendQ__O                   
00008544  ti_sysbios_knl_Semaphore_LM_pend__C                                
00008548  ti_sysbios_knl_Semaphore_LM_post__C                                
0000854c  ti_sysbios_knl_Semaphore_Module__diagsEnabled__C                   
00008550  ti_sysbios_knl_Semaphore_Module__diagsIncluded__C                  
00008554  ti_sysbios_knl_Semaphore_Module__diagsMask__C                      
00008558  ti_sysbios_knl_Semaphore_Module__loggerFxn2__C                     
0000855c  ti_sysbios_knl_Semaphore_Module__loggerFxn4__C                     
00008560  ti_sysbios_knl_Semaphore_Module__loggerObj__C                      
00008564  ti_sysbios_knl_Swi_LD_end__C                                       
00008568  ti_sysbios_knl_Swi_LM_begin__C                                     
0000856c  ti_sysbios_knl_Swi_LM_post__C                                      
00008570  ti_sysbios_knl_Swi_Module__diagsEnabled__C                         
00008574  ti_sysbios_knl_Swi_Module__diagsIncluded__C                        
00008578  ti_sysbios_knl_Swi_Module__diagsMask__C                            
0000857c  ti_sysbios_knl_Swi_Module__loggerFxn1__C                           
00008580  ti_sysbios_knl_Swi_Module__loggerFxn4__C                           
00008584  ti_sysbios_knl_Swi_Module__loggerObj__C                            
00008588  ti_sysbios_knl_Swi_Object__count__C                                
0000858c  ti_sysbios_knl_Swi_numPriorities__C                                
00008590  ti_sysbios_knl_Task_LD_block__C                                    
00008594  ti_sysbios_knl_Task_LD_exit__C                                     
00008598  ti_sysbios_knl_Task_LD_ready__C                                    
0000859c  ti_sysbios_knl_Task_LM_switch__C                                   
000085a0  ti_sysbios_knl_Task_Module_State_inactiveQ__O                      
000085a4  ti_sysbios_knl_Task_Module__diagsEnabled__C                        
000085a8  ti_sysbios_knl_Task_Module__diagsIncluded__C                       
000085ac  ti_sysbios_knl_Task_Module__diagsMask__C                           
000085b0  ti_sysbios_knl_Task_Module__loggerFxn2__C                          
000085b4  ti_sysbios_knl_Task_Module__loggerFxn4__C                          
000085b8  ti_sysbios_knl_Task_Module__loggerObj__C                           
000085bc  ti_sysbios_knl_Task_Object__count__C                               
000085c0  ti_sysbios_knl_Task_allBlockedFunc__C                              
000085c4  ti_sysbios_knl_Task_numConstructedTasks__C                         
000085c8  ti_uia_loggers_LoggerStopMode_Module__diagsEnabled__C              
000085cc  ti_uia_loggers_LoggerStopMode_Module__diagsIncluded__C             
000085d0  ti_uia_loggers_LoggerStopMode_Module__diagsMask__C                 
000085d4  ti_uia_loggers_LoggerStopMode_Object__count__C                     
000085d8  ti_uia_runtime_ILoggerSnapshot_Interface__BASE__C                  
000085dc  ti_uia_runtime_IUIATransfer_Interface__BASE__C                     
000085e0  xdc_runtime_Assert_E_assertFailed__C                               
000085e4  xdc_runtime_Error_E_memory__C                                      
000085e8  xdc_runtime_Error_policyFxn__C                                     
000085ec  xdc_runtime_IFilterLogger_Interface__BASE__C                       
000085f0  xdc_runtime_IGateProvider_Interface__BASE__C                       
000085f4  xdc_runtime_IHeap_Interface__BASE__C                               
000085f8  xdc_runtime_ILogger_Interface__BASE__C                             
000085fc  xdc_runtime_IModule_Interface__BASE__C                             
00008600  xdc_runtime_Memory_defaultHeapInstance__C                          
00008604  xdc_runtime_Startup_execImpl__C                                    
00008608  xdc_runtime_Startup_maxPasses__C                                   
0000860c  xdc_runtime_Startup_sfxnRts__C                                     
00008610  xdc_runtime_Startup_sfxnTab__C                                     
00008614  xdc_runtime_SysMin_bufSize__C                                      
00008618  xdc_runtime_SysMin_outputFunc__C                                   
0000861c  xdc_runtime_System_Module__gateObj__C                              
00008620  xdc_runtime_System_abortFxn__C                                     
00008624  xdc_runtime_System_exitFxn__C                                      
00008628  xdc_runtime_System_maxAtexitHandlers__C                            
0000862c  xdc_runtime_Text_charTab__C                                        
00008630  ti_sysbios_family_arm_m3_Hwi_Module__id__C                         
00008632  ti_sysbios_family_arm_m3_Hwi_Module__loggerDefined__C              
00008634  ti_sysbios_heaps_HeapMem_Module__id__C                             
00008636  ti_sysbios_knl_Clock_Module__id__C                                 
00008638  ti_sysbios_knl_Clock_Module__loggerDefined__C                      
0000863a  ti_sysbios_knl_Semaphore_Module__id__C                             
0000863c  ti_sysbios_knl_Semaphore_Module__loggerDefined__C                  
0000863e  ti_sysbios_knl_Swi_Module__id__C                                   
00008640  ti_sysbios_knl_Swi_Module__loggerDefined__C                        
00008642  ti_sysbios_knl_Task_Module__id__C                                  
00008644  ti_sysbios_knl_Task_Module__loggerDefined__C                       
00008646  ti_uia_loggers_LoggerStopMode_Module__id__C                        
00008648  ti_uia_loggers_LoggerStopMode_isTimestampEnabled__C                
0000864a  xdc_runtime_Memory_Module__id__C                                   
0000864c  xdc_runtime_SysMin_flushAtExit__C                                  
0000864e  xdc_runtime_Text_isLoaded__C                                       
00008650  xdc_runtime_Text_charTab__A                                        
00008840  __TI_Handler_Table_Base                                            
0000884c  __TI_Handler_Table_Limit                                           
00008858  __TI_CINIT_Base                                                    
00008868  __TI_CINIT_Limit                                                   
00057fa8  __ccfg                                                             
20000000  __start___llvm_prf_cnts                                            
20000000  __stop___llvm_prf_cnts                                             
20000000  ti_sysbios_family_arm_m3_Hwi_ramVectors                            
200000d8  __primary_heap_start__                                             
200040d8  __primary_heap_end__                                               
20004100  ti_uia_loggers_LoggerStopMode_Instance_State_0_packetArray__A      
20004500  ti_uia_loggers_LoggerStopMode_Instance_State_1_packetArray__A      
20004900  ti_sysbios_knl_Task_Instance_State_0_stack__A                      
20004b00  xdc_runtime_SysMin_Module_State_0_outbuf__A                        
20004d00  __CIOBUF_                                                          
20004e20  timerCC26XXObjects                                                 
20004f38  ti_sysbios_family_arm_m3_Hwi_dispatchTable                         
20005010  __TI_tmpnams                                                       
200050b0  gptimerCC26XXObjects                                               
20005148  pinHandleTable                                                     
20005270  parmbuf                                                            
2000527c  PowerCC26XX_swiKey                                                 
20005280  ti_uia_loggers_LoggerStopMode_Instance_State_0_hdr__A              
200052cc  PowerCC26XX_taskKey                                                
200052d0  driverlib_release_0_60278                                          
20005300  ti_uia_loggers_LoggerStopMode_Instance_State_1_hdr__A              
20005330  PowerCC26X2_module                                                 
200054a0  _ftable                                                            
20005590  _device                                                            
20005608  ti_uia_loggers_LoggerStopMode_Object__table__V                     
20005670  _stream                                                            
200056c0  ti_sysbios_knl_Task_Object__table__V                               
2000570c  errno                                                              
20005710  ti_sysbios_family_arm_cc26xx_Timer_Object__table__V                
20005758  ti_sysbios_knl_Task_Module__state__V                               
2000579c  ti_sysbios_gates_GateMutex_Object__table__V                        
200057d4  ti_sysbios_family_arm_m3_Hwi_Module__state__V                      
20005808  ti_sysbios_knl_Swi_Module_State_0_readyQ__A                        
20005838  ti_sysbios_knl_Swi_Object__table__V                                
20005868  ti_sysbios_knl_Clock_Module__state__V                              
20005894  _hposcCoeffs                                                       
200058b8  ti_sysbios_BIOS_Module__state__V                                   
200058dc  ti_sysbios_knl_Clock_Object__table__V                              
200058fc  ti_sysbios_knl_Task_Module_State_0_readyQ__A                       
2000591c  xdc_runtime_Error_IgnoreBlock                                      
2000593c  ti_sysbios_knl_Swi_Module__state__V                                
20005958  ti_sysbios_family_arm_m3_Hwi_Object__table__V                      
20005970  ti_sysbios_heaps_HeapMem_Object__table__V                          
20005988  __TI_ft_end                                                        
2000598c  __aeabi_stdin                                                      
20005990  __aeabi_stdout                                                     
20005994  __aeabi_stderr                                                     
20005998  __TI_cleanup_ptr                                                   
2000599c  __TI_dtors_ptr                                                     
200059a0  __TI_enable_exit_profile_output                                    
200059a4  ti_sysbios_knl_Task_Module__root__V                                
200059b0  ti_uia_runtime_QueueDescriptor_Module__state__V                    
200059bc  xdc_runtime_SysMin_Module__state__V                                
200059c8  _lock                                                              
200059cc  _unlock                                                            
200059d0  pinUpperBound                                                      
200059d4  pinLowerBound                                                      
200059d8  gpioCallbackFunctions                                              
200059e0  gpioPinConfigs                                                     
200059e8  ti_uia_runtime_QueueDescriptor_gPtrToFirstDescriptor               
200059ec  ti_uia_runtime_QueueDescriptor_gUpdateCount                        
200059f0  ti_sysbios_family_arm_cc26xx_Timer_Module__state__V                
200059f8  ti_sysbios_family_arm_m3_Hwi_Module__root__V                       
20005a00  ti_sysbios_gates_GateHwi_Module__root__V                           
20005a08  ti_sysbios_gates_GateMutex_Module__root__V                         
20005a10  ti_sysbios_hal_Hwi_Module__root__V                                 
20005a18  ti_sysbios_heaps_HeapMem_Module__root__V                           
20005a20  ti_sysbios_knl_Clock_Module__root__V                               
20005a28  ti_sysbios_knl_Queue_Module__root__V                               
20005a30  ti_sysbios_knl_Semaphore_Module__root__V                           
20005a38  ti_sysbios_knl_Swi_Module__root__V                                 
20005a40  ti_uia_loggers_LoggerStopMode_Module__root__V                      
20005a48  xdc_runtime_Startup_Module__state__V                               
20005a50  xdc_runtime_System_Module_State_0_atexitHandlers__A                
20005a58  xdc_runtime_System_Module__state__V                                
20005a60  main_func_sp                                                       
20005a64  ti_sysbios_family_arm_cc26xx_TimestampProvider_Module__state__V    
20005a68  ti_sysbios_family_arm_m3_Hwi_Module_State_0_excContext__A          
20005a6c  ti_sysbios_family_arm_m3_Hwi_Module_State_0_excStack__A            
20005a70  ti_sysbios_gates_GateHwi_Object__table__V                          
20005a74  ti_sysbios_knl_Task_Module_State_0_idleTask__A                     
20005a78  xdc_runtime_Memory_Module__state__V                                
20005a7c  ti_sysbios_family_arm_m3_Hwi_Module_State_0_excActive__A           
20013c00  __stack                                                            
20014000  __STACK_END                                                        
e000e000  ti_sysbios_family_arm_m3_Hwi_nvic                                  
ffffffff  __TI_pprof_out_hndl                                                
ffffffff  __TI_prof_data_size                                                
ffffffff  __TI_prof_data_start                                               
ffffffff  __binit__                                                          
ffffffff  __c_args__                                                         
ffffffff  binit                                                              
UNDEFED   ITM_flush                                                          
UNDEFED   ITM_restore                                                        
UNDEFED   SHT$$INIT_ARRAY$$Base                                              
UNDEFED   SHT$$INIT_ARRAY$$Limit                                             

[757 symbols]
