******************************************************************************
                  TI ARM Linker PC v20.2.5                     
******************************************************************************
>> Linked Fri Jun 25 13:44:23 2021

OUTPUT FILE NAME:   <hello_CC26X2R1_LAUNCHXL_tirtos_ccs.out>
ENTRY POINT SYMBOL: "ResetISR"  address: 00006865


MEMORY CONFIGURATION

         name            origin    length      used     unused   attr    fill
----------------------  --------  ---------  --------  --------  ----  --------
  FLASH                 00000000   00058000  0000a7f3  0004d80d  R  X
  GPRAM                 11000000   00002000  00000000  00002000  RW X
  SRAM                  20000000   00014000  00006238  0000ddc8  RW X
  LOG_DATA              90000000   00040000  00000000  00040000  R   


SEGMENT ALLOCATION MAP

run origin  load origin   length   init length attrs members
----------  ----------- ---------- ----------- ----- -------
00000000    00000000    0000a7a0   0000a7a0    r-x
  00000000    00000000    0000003c   0000003c    r-- .resetVecs
  0000003c    0000003c    00009bda   00009bda    r-x .text
  00009c18    00009c18    00000975   00000975    r-- .const
  0000a590    0000a590    00000210   00000210    r-- .cinit
00057fa8    00057fa8    00000058   00000058    r--
  00057fa8    00057fa8    00000058   00000058    r-- .ccfg
200000d8    200000d8    00004000   00000000    r--
  200000d8    200000d8    00004000   00000000    r-- .priheap
20004100    20004100    00001d63   00000000    rw-
  20004100    20004100    00001605   00000000    rw- .bss
  20005708    20005708    0000075b   00000000    rw- .data
20013c00    20013c00    00000400   00000000    rw-
  20013c00    20013c00    00000400   00000000    rw- .stack


SECTION ALLOCATION MAP

 output                                  attributes/
section   page    origin      length       input sections
--------  ----  ----------  ----------   ----------------
.binit     0    00000000    00000000     

.cinit     0    0000a590    00000210     
                  0000a590    000001eb     (.cinit..data.load) [load image, compression = lzss]
                  0000a77b    00000001     --HOLE-- [fill = 0]
                  0000a77c    0000000c     (__TI_handler_table)
                  0000a788    00000008     (.cinit..bss.load) [load image, compression = zero_init]
                  0000a790    00000010     (__TI_cinit_table)

.init_array 
*          0    00000000    00000000     UNINITIALIZED

.ccfg      0    00057fa8    00000058     
                  00057fa8    00000058     ti_devices_config.obj (.ccfg:retain)

.bss       0    20004100    00001605     UNINITIALIZED
                  20004100    00000400     (.common:ti_uia_loggers_LoggerStopMode_Instance_State_0_packetArray__A)
                  20004500    00000400     (.common:ti_uia_loggers_LoggerStopMode_Instance_State_1_packetArray__A)
                  20004900    00000200     hello_pem4f.oem4f (.bss:taskStackSection)
                  20004b00    00000200     (.common:taskStack)
                  20004d00    00000200     (.common:xdc_runtime_SysMin_Module_State_0_outbuf__A)
                  20004f00    000001bc     (.common:uartCC26XXObjects)
                  200050bc    00000120     rtsv7M4_T_le_v4SPD16_eabi.lib : trgmsg.c.obj (.bss:_CIOBUF_)
                  200051dc    000000d8     (.common:ti_sysbios_family_arm_m3_Hwi_dispatchTable)
                  200052b4    000000a0     (.common:__TI_tmpnams)
                  20005354    0000007c     (.common:pinHandleTable)
                  200053d0    0000005c     (.common:LEDObjects)
                  2000542c    00000050     drivers_cc26x2.a : PINCC26XX.oem4f (.bss:pinSemaphore)
                  2000547c    0000004c     (.common:gptimerCC26XXObjects)
                  200054c8    0000003c                      : PINCC26XX.oem4f (.bss:pinSwi)
                  20005504    0000003c     (.common:taskParams)
                  20005540    00000028     (.common:ButtonObjects)
                  20005568    00000018     (.common:eventParams)
                  20005580    00000030     (.common:ti_uia_loggers_LoggerStopMode_Instance_State_0_hdr__A)
                  200055b0    00000024     (.common:uartParams)
                  200055d4    00000020                      : GPIOCC26XX.oem4f (.bss:gpioCallbackInfo)
                  200055f4    0000000c                      : GPIOCC26XX.oem4f (.bss:gpioPinState)
                  20005600    00000030     (.common:ti_uia_loggers_LoggerStopMode_Instance_State_1_hdr__A)
                  20005630    00000020                      : PINCC26XX.oem4f (.bss:pinGpioConfigTable)
                  20005650    00000020     ti_drivers_config.obj (.bss:uartCC26XXRingBuffer0)
                  20005670    00000020     (.common:pwmTimerCC26XXObjects)
                  20005690    0000001c     drivers_cc26x2.a : PINCC26XX.oem4f (.bss:pinHwi)
                  200056ac    00000010     (.common:buttonParams)
                  200056bc    0000000c                      : PWMTimerCC26XX.oem4f (.bss:pinState)
                  200056c8    00000008                      : GPIOCC26XX.oem4f (.bss)
                  200056d0    00000008     (.common:ledParams)
                  200056d8    00000008     (.common:parmbuf)
                  200056e0    00000004                      : PINCC26XX.oem4f (.bss)
                  200056e4    00000004     (.common:PowerCC26XX_swiKey)
                  200056e8    00000004     (.common:PowerCC26XX_taskKey)
                  200056ec    00000004     (.common:buttonHandle)
                  200056f0    00000004     (.common:eventHandle)
                  200056f4    00000004     (.common:events)
                  200056f8    00000004     (.common:ledHandle)
                  200056fc    00000004     (.common:taskHandle)
                  20005700    00000004     (.common:uartHandle)
                  20005704    00000001     (.common:driverlib_release_0_60278)

.data      0    20005708    0000075b     UNINITIALIZED
                  20005708    00000170     drivers_cc26x2.a : PowerCC26X2.oem4f (.data:PowerCC26X2_module)
                  20005878    000000f0     rtsv7M4_T_le_v4SPD16_eabi.lib : defs.c.obj (.data:_ftable)
                  20005968    00000078                                   : host_device.c.obj (.data:_device)
                  200059e0    00000068     hello_pem4f.oem4f (.data:ti_uia_loggers_LoggerStopMode_Object__table__V)
                  20005a48    00000050     rtsv7M4_T_le_v4SPD16_eabi.lib : host_device.c.obj (.data:_stream)
                  20005a98    0000004c     hello_pem4f.oem4f (.data:ti_sysbios_knl_Task_Object__table__V)
                  20005ae4    00000004     drivers_cc26x2.a : PWMTimerCC26XX.oem4f (.data)
                  20005ae8    00000048     hello_pem4f.oem4f (.data:ti_sysbios_family_arm_cc26xx_Timer_Object__table__V)
                  20005b30    00000044     hello_pem4f.oem4f (.data:ti_sysbios_knl_Task_Module__state__V)
                  20005b74    00000038     hello_pem4f.oem4f (.data:ti_sysbios_gates_GateMutex_Object__table__V)
                  20005bac    00000034     hello_pem4f.oem4f (.data:ti_sysbios_family_arm_m3_Hwi_Module__state__V)
                  20005be0    00000030     hello_pem4f.oem4f (.data:ti_sysbios_knl_Swi_Module_State_0_readyQ__A)
                  20005c10    00000030     hello_pem4f.oem4f (.data:ti_sysbios_knl_Swi_Object__table__V)
                  20005c40    0000002c     hello_pem4f.oem4f (.data:ti_sysbios_knl_Clock_Module__state__V)
                  20005c6c    00000024     driverlib.lib : osc.obj (.data:$O1$$)
                  20005c90    00000024     hello_pem4f.oem4f (.data:ti_sysbios_BIOS_Module__state__V)
                  20005cb4    00000020     hello_pem4f.oem4f (.data:ti_sysbios_knl_Clock_Object__table__V)
                  20005cd4    00000020     hello_pem4f.oem4f (.data:ti_sysbios_knl_Task_Module_State_0_readyQ__A)
                  20005cf4    00000020     hello_pem4f.oem4f (.data:xdc_runtime_Error_IgnoreBlock)
                  20005d14    0000001c     hello_pem4f.oem4f (.data:ti_sysbios_knl_Swi_Module__state__V)
                  20005d30    00000018     hello_pem4f.oem4f (.data:ti_sysbios_family_arm_m3_Hwi_Object__table__V)
                  20005d48    00000018     hello_pem4f.oem4f (.data:ti_sysbios_heaps_HeapMem_Object__table__V)
                  20005d60    00000010     rtsv7M4_T_le_v4SPD16_eabi.lib : defs.c.obj (.data)
                  20005d70    0000000c                                   : exit.c.obj (.data:$O1$$)
                  20005d7c    0000000c     hello_pem4f.oem4f (.data:ti_sysbios_knl_Event_Module__root__V)
                  20005d88    0000000c     hello_pem4f.oem4f (.data:ti_sysbios_knl_Task_Module__root__V)
                  20005d94    0000000c     hello_pem4f.oem4f (.data:ti_uia_runtime_QueueDescriptor_Module__state__V)
                  20005da0    0000000c     hello_pem4f.oem4f (.data:xdc_runtime_SysMin_Module__state__V)
                  20005dac    00000008     rtsv7M4_T_le_v4SPD16_eabi.lib : _lock.c.obj (.data:$O1$$)
                  20005db4    00000008     drivers_cc26x2.a : PINCC26XX.oem4f (.data)
                  20005dbc    00000008     ti.uia.runtime.aem4f : QueueDescriptor.oem4f (.data)
                  20005dc4    00000008     hello_pem4f.oem4f (.data:ti_sysbios_family_arm_cc26xx_Timer_Module__state__V)
                  20005dcc    00000008     hello_pem4f.oem4f (.data:ti_sysbios_family_arm_m3_Hwi_Module__root__V)
                  20005dd4    00000008     hello_pem4f.oem4f (.data:ti_sysbios_gates_GateHwi_Module__root__V)
                  20005ddc    00000008     hello_pem4f.oem4f (.data:ti_sysbios_gates_GateMutex_Module__root__V)
                  20005de4    00000008     hello_pem4f.oem4f (.data:ti_sysbios_heaps_HeapMem_Module__root__V)
                  20005dec    00000008     hello_pem4f.oem4f (.data:ti_sysbios_knl_Clock_Module__root__V)
                  20005df4    00000008     hello_pem4f.oem4f (.data:ti_sysbios_knl_Queue_Module__root__V)
                  20005dfc    00000008     hello_pem4f.oem4f (.data:ti_sysbios_knl_Semaphore_Module__root__V)
                  20005e04    00000008     hello_pem4f.oem4f (.data:ti_sysbios_knl_Swi_Module__root__V)
                  20005e0c    00000008     hello_pem4f.oem4f (.data:ti_uia_loggers_LoggerStopMode_Module__root__V)
                  20005e14    00000008     hello_pem4f.oem4f (.data:xdc_runtime_Startup_Module__state__V)
                  20005e1c    00000008     hello_pem4f.oem4f (.data:xdc_runtime_System_Module_State_0_atexitHandlers__A)
                  20005e24    00000008     hello_pem4f.oem4f (.data:xdc_runtime_System_Module__state__V)
                  20005e2c    00000005     drivers_cc26x2.a : GPIOCC26XX.oem4f (.data)
                  20005e31    00000002     hello.obj (.data)
                  20005e33    00000001     drivers_cc26x2.a : PWM.oem4f (.data)
                  20005e34    00000004     ti_drivers_config.obj (.data:gpioCallbackFunctions)
                  20005e38    00000004     ti_drivers_config.obj (.data:gpioPinConfigs)
                  20005e3c    00000004     drivers_cc26x2.a : GPIOCC26XX.oem4f (.data:gpioPinTable)
                  20005e40    00000004     rtsv7M4_T_le_v4SPD16_eabi.lib : errno.c.obj (.data)
                  20005e44    00000004                                   : stkdepth_vars.c.obj (.data)
                  20005e48    00000004     hello_pem4f.oem4f (.data:ti_sysbios_family_arm_cc26xx_TimestampProvider_Module__state__V)
                  20005e4c    00000004     hello_pem4f.oem4f (.data:ti_sysbios_family_arm_m3_Hwi_Module_State_0_excContext__A)
                  20005e50    00000004     hello_pem4f.oem4f (.data:ti_sysbios_family_arm_m3_Hwi_Module_State_0_excStack__A)
                  20005e54    00000004     hello_pem4f.oem4f (.data:ti_sysbios_gates_GateHwi_Object__table__V)
                  20005e58    00000004     hello_pem4f.oem4f (.data:ti_sysbios_knl_Task_Module_State_0_idleTask__A)
                  20005e5c    00000004     hello_pem4f.oem4f (.data:xdc_runtime_Memory_Module__state__V)
                  20005e60    00000002     hello_pem4f.oem4f (.data:ti_sysbios_family_arm_m3_Hwi_Module_State_0_excActive__A)
                  20005e62    00000001     drivers_cc26x2.a : UART.oem4f (.data)

.stack     0    20013c00    00000400     UNINITIALIZED
                  20013c00    00000400     --HOLE--

.priheap   0    200000d8    00004000     UNINITIALIZED
                  200000d8    00004000     --HOLE--

.log_data 
*          0    90000000    00000000     COPY SECTION

.bootVecs 
*          0    00000000    00000008     DSECT
                  00000000    00000008     boot.aem4f : boot.oem4f (.bootVecs)

.resetVecs 
*          0    00000000    0000003c     
                  00000000    0000003c     hello_pem4f.oem4f (.resetVecs)

.vecs      0    20000000    000000d8     NOLOAD SECTION
                  20000000    000000d8     hello_pem4f.oem4f (.vecs)

xdc.meta   0    00000000    000000ec     COPY SECTION
                  00000000    000000ec     hello_pem4f.oem4f (xdc.meta)

xdc.noload 
*          0    00000000    00000000     COPY SECTION

__llvm_prf_cnts 
*          0    20000000    00000000     UNINITIALIZED

.text      0    0000003c    00009bda     
                  0000003c    00000a4e     rtsv7M4_T_le_v4SPD16_eabi.lib : _printfi.c.obj (.text:__TI_printfi)
                  00000a8a    00000002     ti_drivers_config.obj (.text:Board_initHook)
                  00000a8c    00000270     rtsv7M4_T_le_v4SPD16_eabi.lib : _printfi.c.obj (.text:_pconv_a)
                  00000cfc    000001f4     drivers_cc26x2.a : PINCC26XX.oem4f (.text:PIN_init)
                  00000ef0    000001d0     rtsv7M4_T_le_v4SPD16_eabi.lib : _printfi.c.obj (.text:_pconv_g)
                  000010c0    000001b6                                   : fd_add_t2.asm.obj (.text)
                  00001276    00000002     drivers_cc26x2.a : LED.oem4f (.text:LED_init)
                  00001278    00000198                      : PowerCC26X2.oem4f (.text:Power_sleep)
                  00001410    00000190                      : PowerCC26X2_calibrateRCOSC.oem4f (.text:calibrateRcoscHf1)
                  000015a0    0000018c                      : PowerCC26X2_calibrateRCOSC.oem4f (.text:runCalibrateFsm)
                  0000172c    00000186                      : Button.oem4f (.text:Button_clockTimeoutHandler)
                  000018b2    00000002                      : PWMTimerCC26XX.oem4f (.text:PWMTimerCC26XX_init)
                  000018b4    00000174                      : PowerCC26X2.oem4f (.text:Power_init)
                  00001a28    00000164                      : UARTCC26XX.oem4f (.text:UARTCC26XX_open)
                  00001b8c    0000015c     sysbios.aem4f : BIOS.obj (.text:ti_sysbios_knl_Event_pend__E)
                  00001ce8    00000154     drivers_cc26x2.a : UARTCC26XX.oem4f (.text:UARTCC26XX_hwiIntFxn)
                  00001e3c    0000013e     hello_pem4f.oem4f (.text:ti_uia_loggers_LoggerStopMode_writeMemoryRange__E)
                  00001f7a    00000002     rtsv7M4_T_le_v4SPD16_eabi.lib : _lock.c.obj (.text:_nop)
                  00001f7c    0000013c                                   : _printfi.c.obj (.text:_pconv_e)
                  000020b8    0000013a     drivers_cc26x2.a : UARTCC26XX.oem4f (.text:UARTCC26XX_read)
                  000021f2    00000136     rtsv7M4_T_le_v4SPD16_eabi.lib : fd_div_t2.asm.obj (.text)
                  00002328    0000012c     sysbios.aem4f : BIOS.obj (.text:ti_sysbios_knl_Semaphore_pend__E)
                  00002454    00000124     rtsv7M4_T_le_v4SPD16_eabi.lib : _printfi.c.obj (.text:fcvt)
                  00002578    00000120     drivers_cc26x2.a : PowerCC26X2.oem4f (.text:configureXOSCHF)
                  00002698    0000011c     sysbios.aem4f : BIOS.obj (.text:ti_sysbios_family_arm_m3_Hwi_dispatchC__I)
                  000027b4    00000114     drivers_cc26x2.a : PINCC26XX.oem4f (.text:PINCC26XX_setIoCfg)
                  000028c8    00000114     rtsv7M4_T_le_v4SPD16_eabi.lib : fputs.c.obj (.text:fputs)
                  000029dc    00000114     sysbios.aem4f : BIOS.obj (.text:ti_sysbios_knl_Swi_run__I)
                  00002af0    00000110     drivers_cc26x2.a : GPIOCC26XX.oem4f (.text:GPIO_setConfig)
                  00002c00    00000110                      : LED.oem4f (.text:LED_open)
                  00002d10    00000110     rtsv7M4_T_le_v4SPD16_eabi.lib : s_scalbn.c.obj (.text:scalbn)
                  00002e20    0000010c     hello_pem4f.oem4f (.text:ti_uia_loggers_LoggerStopMode_write8__E)
                  00002f2c    000000fc     rtsv7M4_T_le_v4SPD16_eabi.lib : fd_mul_t2.asm.obj (.text)
                  00003028    000000f8     sysbios.aem4f : BIOS.obj (.text:xdc_runtime_Startup_startMods__I)
                  00003120    000000f4     hello_pem4f.oem4f (.text:ti_uia_loggers_LoggerStopMode_write4__E)
                  00003214    000000f0     driverlib.lib : sys_ctrl.obj (.text:NOROM_SysCtrlStandby)
                  00003304    000000f0     hello.obj (.text:myTaskFxn)
                  000033f4    000000f0     sysbios.aem4f : m3_Hwi_asm.obj (.text:ti_sysbios_family_arm_m3_Hwi_dispatch__I)
                  000034e4    000000e8     drivers_cc26x2.a : Button.oem4f (.text:Button_open)
                  000035cc    000000e8     hello_pem4f.oem4f (.text:ti_uia_loggers_LoggerStopMode_write2__E)
                  000036b4    000000e4     hello_pem4f.oem4f (.text:ti_uia_loggers_LoggerStopMode_write1__E)
                  00003798    000000e0     drivers_cc26x2.a : UARTCC26XX.oem4f (.text:UARTCC26XX_write)
                  00003878    000000e0     sysbios.aem4f : BIOS.obj (.text:ti_sysbios_knl_Clock_walkQueueDynamic__E)
                  00003958    000000dc     drivers_cc26x2.a : PWMTimerCC26XX.oem4f (.text:PWMTimerCC26XX_open)
                  00003a34    000000dc     rtsv7M4_T_le_v4SPD16_eabi.lib : setvbuf.c.obj (.text:setvbuf)
                  00003b10    000000d8     hello_pem4f.oem4f (.text:ti_uia_loggers_LoggerStopMode_write0__E)
                  00003be8    000000d4     sysbios.aem4f : BIOS.obj (.text:ti_sysbios_knl_Event_post__E)
                  00003cbc    000000c8     dpl_cc26x2.a : PowerCC26X2_tirtos.oem4f (.text:PowerCC26XX_standbyPolicy)
                  00003d84    000000c4     drivers_cc26x2.a : GPIOCC26XX.oem4f (.text:GPIO_init)
                  00003e48    000000c4     sysbios.aem4f : BIOS.obj (.text:ti_sysbios_knl_Task_schedule__I)
                  00003f0c    000000c0     drivers_cc26x2.a : PowerCC26X2.oem4f (.text:Power_releaseDependency)
                  00003fcc    000000c0                      : UARTCC26XX.oem4f (.text:UARTCC26XX_initIO)
                  0000408c    000000b8                      : PowerCC26X2.oem4f (.text:Power_setDependency)
                  00004144    000000b8                      : UARTCC26XX.oem4f (.text:UARTCC26XX_initHw)
                  000041fc    000000b8     sysbios.aem4f : BIOS.obj (.text:ti_sysbios_knl_Semaphore_post__E)
                  000042b4    000000b8                   : BIOS.obj (.text:ti_sysbios_knl_Task_Instance_init__E)
                  0000436c    000000b8                   : BIOS.obj (.text:ti_sysbios_knl_Task_startCore__E)
                  00004424    000000b1     rtsv7M4_T_le_v4SPD16_eabi.lib : _printfi.c.obj (.text:_ltostr)
                  000044d5    00000001     --HOLE-- [fill = 0]
                  000044d6    00000002     drivers_cc26x2.a : PowerCC26X2.oem4f (.text:emptyClockFunc)
                  000044d8    000000ac                      : PINCC26XX.oem4f (.text:PIN_open)
                  00004584    000000ac     driverlib.lib : setup.obj (.text:TrimAfterColdResetWakeupFromShutDown)
                  00004630    000000a8     sysbios.aem4f : BIOS.obj (.text:ti_sysbios_knl_Swi_post__E)
                  000046d8    000000a4                   : BIOS.obj (.text:ti_sysbios_family_arm_m3_Hwi_Instance_init__E)
                  0000477c    000000a0     auto_init.aem4f : auto_init.oem4f (.text)
                  0000481c    0000009c     drivers_cc26x2.a : PWMTimerCC26XX.oem4f (.text:PWMTimerCC26XX_setDutyAndPeriod)
                  000048b8    0000009c     rtsv7M4_T_le_v4SPD16_eabi.lib : memcpy_t2.asm.obj (.text)
                  00004954    0000009c     sysbios.aem4f : BIOS.obj (.text:ti_sysbios_knl_Task_blockI__E)
                  000049f0    00000098     driverlib.lib : setup.obj (.text:NOROM_SetupTrimDevice)
                  00004a88    00000098     sysbios.aem4f : BIOS.obj (.text:ti_sysbios_knl_Clock_workFuncDynamic__E)
                  00004b20    00000098     drivers_cc26x2.a : UARTCC26XX.oem4f (.text:writeTxFifoFlush)
                  00004bb8    00000096     rtsv7M4_T_le_v4SPD16_eabi.lib : ull_div_t2.asm.obj (.text)
                  00004c4e    00000002                                   : div0.asm.obj (.text)
                  00004c50    00000094     sysbios.aem4f : BIOS.obj (.text:ti_sysbios_knl_Task_Instance_finalize__E)
                  00004ce4    00000094                   : BIOS.obj (.text:ti_sysbios_knl_Task_exit__E)
                  00004d78    00000092     drivers_cc26x2.a : UARTCC26XX.oem4f (.text:UARTCC26XX_writeCancel)
                  00004e0a    00000002     sysbios.aem4f : BIOS.obj (.text:ti_sysbios_BIOS_linkedWithIncorrectBootLibrary__E)
                  00004e0c    00000090                   : BIOS.obj (.text:ti_sysbios_knl_Task_unblockI__E)
                  00004e9c    00000090     ti.uia.loggers.aem4f : LoggerStopMode.oem4f (.text:ti_uia_loggers_LoggerStopMode_initQueueDescriptor__E)
                  00004f2c    0000008c     rtsv7M4_T_le_v4SPD16_eabi.lib : fputc.c.obj (.text:fputc)
                  00004fb8    0000008c     sysbios.aem4f : BIOS.obj (.text:ti_sysbios_family_arm_m3_Hwi_initNVIC__E)
                  00005044    0000008c                   : m3_TaskSupport_asm.obj (.text:ti_sysbios_family_arm_m3_TaskSupport_buildTaskStack)
                  000050d0    00000088     drivers_cc26x2.a : GPTimerCC26XX.oem4f (.text:GPTimerCC26XX_open)
                  00005158    00000088     driverlib.lib : osc.obj (.text:NOROM_OSCHF_AttemptToSwitchToXosc)
                  000051e0    00000088     drivers_cc26x2.a : PowerCC26X2_calibrateRCOSC.oem4f (.text:calibrateRcoscHf2)
                  00005268    00000088                      : PowerCC26X2.oem4f (.text:disableLFClockQualifiers)
                  000052f0    00000088                      : PowerCC26X2_calibrateRCOSC.oem4f (.text:updateSubSecInc)
                  00005378    00000086     rtsv7M4_T_le_v4SPD16_eabi.lib : fd_cmp_t2.asm.obj (.text:__aeabi_cdcmple)
                  000053fe    00000086                                   : fd_cmp_t2.asm.obj (.text:__aeabi_cdrcmple)
                  00005484    00000084     ti_drivers_config.obj (.text:Board_sendExtFlashByte)
                  00005508    00000084     drivers_cc26x2.a : UARTCC26XX.oem4f (.text:UARTCC26XX_close)
                  0000558c    00000084     hello.obj (.text:UARTinit)
                  00005610    00000084     sysbios.aem4f : BIOS.obj (.text:ti_sysbios_knl_Task_postInit__I)
                  00005694    00000080     driverlib.lib : chipinfo.obj (.text:NOROM_ChipInfo_GetChipType)
                  00005714    00000080                   : sys_ctrl.obj (.text:NOROM_SysCtrlSetRechargeBeforePowerDown)
                  00005794    00000080     sysbios.aem4f : BIOS.obj (.text:ti_sysbios_family_arm_cc26xx_Timer_start__E)
                  00005814    0000007a     rtsv7M4_T_le_v4SPD16_eabi.lib : memset_t2.asm.obj (.text)
                  0000588e    00000078     sysbios.aem4f : BIOS.obj (.text:ti_sysbios_heaps_HeapMem_allocUnprotected__E)
                  00005906    00000002     hello_pem4f.oem4f (.text:ti_sysbios_BIOS_nullFunc__I)
                  00005908    00000074     drivers_cc26x2.a : GPTimerCC26XX.oem4f (.text:GPTimerCC26XX_resetHw)
                  0000597c    00000074                      : PowerCC26X2_calibrateRCOSC.oem4f (.text:PowerCC26X2_auxISR)
                  000059f0    00000074     rtsv7M4_T_le_v4SPD16_eabi.lib : fclose.c.obj (.text:__TI_closefile)
                  00005a64    00000074     ti.uia.runtime.aem4f : QueueDescriptor.oem4f (.text:ti_uia_runtime_QueueDescriptor_addToList__E)
                  00005ad8    00000070     drivers_cc26x2.a : PINCC26XX.oem4f (.text:PIN_add)
                  00005b48    00000070     sysbios.aem4f : BIOS.obj (.text:xdc_runtime_Memory_alloc__E)
                  00005bb8    0000006e     rtsv7M4_T_le_v4SPD16_eabi.lib : _printfi.c.obj (.text:_mcpy)
                  00005c26    0000006e     sysbios.aem4f : BIOS.obj (.text:xdc_runtime_Core_createObject__I)
                  00005c94    0000006c     rtsv7M4_T_le_v4SPD16_eabi.lib : hostrename.c.obj (.text:HOSTrename)
                  00005d00    0000006c     hello.obj (.text:LEDInit)
                  00005d6c    00000068     rtsv7M4_T_le_v4SPD16_eabi.lib : hostlseek.c.obj (.text:HOSTlseek)
                  00005dd4    00000068     driverlib.lib : osc.obj (.text:NOROM_OSCHF_SwitchToRcOscTurnOffXosc)
                  00005e3c    00000068     rtsv7M4_T_le_v4SPD16_eabi.lib : copy_decompress_lzss.c.obj (.text:decompress:lzss:__TI_decompress_lzss)
                  00005ea4    00000068                                   : printf.c.obj (.text:printf)
                  00005f0c    00000068     sysbios.aem4f : BIOS.obj (.text:ti_sysbios_knl_Clock_startI__E)
                  00005f74    00000068                   : BIOS.obj (.text:ti_sysbios_knl_Swi_restoreHwi__E)
                  00005fdc    00000066     ti.uia.loggers.aem4f : LoggerStopMode.oem4f (.text:ti_uia_loggers_LoggerStopMode_flush__E)
                  00006042    00000066     sysbios.aem4f : BIOS.obj (.text:xdc_runtime_Core_deleteObject__I)
                  000060a8    00000064     drivers_cc26x2.a : Button.oem4f (.text:Button_gpioCallbackFxn)
                  0000610c    00000064                      : UARTCC26XX.oem4f (.text:UARTCC26XX_control)
                  00006170    00000064     rtsv7M4_T_le_v4SPD16_eabi.lib : s_frexp.c.obj (.text:frexp)
                  000061d4    00000064                                   : fseek.c.obj (.text:fseek)
                  00006238    00000064     sysbios.aem4f : BIOS.obj (.text:ti_sysbios_heaps_HeapMem_initPrimary__I)
                  0000629c    00000062     drivers_cc26x2.a : UARTCC26XX.oem4f (.text:UARTCC26XX_swiIntFxn)
                  000062fe    00000062     rtsv7M4_T_le_v4SPD16_eabi.lib : _io_perm.c.obj (.text:__TI_wrt_ok)
                  00006360    00000060     drivers_cc26x2.a : GPIOCC26XX.oem4f (.text:GPIO_write)
                  000063c0    00000060     rtsv7M4_T_le_v4SPD16_eabi.lib : hostopen.c.obj (.text:HOSTopen)
                  00006420    00000060     sysbios.aem4f : BIOS.obj (.text:ti_sysbios_knl_Clock_logTick__E)
                  00006480    0000005e                   : BIOS.obj (.text:ti_sysbios_heaps_HeapMem_freeUnprotected__E)
                  000064de    00000002                   : BIOS.obj (.text:ti_sysbios_gates_GateHwi_Instance_init__E)
                  000064e0    0000005c     drivers_cc26x2.a : PINCC26XX.oem4f (.text:PIN_remove)
                  0000653c    0000005c                      : PWMTimerCC26XX.oem4f (.text:PWMTimerCC26XX_setPeriod)
                  00006598    0000005c     rtsv7M4_T_le_v4SPD16_eabi.lib : close.c.obj (.text:close)
                  000065f4    0000005c     drivers_cc26x2.a : UARTCC26XX.oem4f (.text:startTxFifoEmptyClk)
                  00006650    0000005c     sysbios.aem4f : BIOS.obj (.text:ti_sysbios_knl_Task_Module_startup__E)
                  000066ac    00000058     hello.obj (.text:ButtonInit)
                  00006704    00000058     drivers_cc26x2.a : GPTimerCC26XX.oem4f (.text:GPTimerCC26XX_stop)
                  0000675c    00000058     rtsv7M4_T_le_v4SPD16_eabi.lib : hostread.c.obj (.text:HOSTread)
                  000067b4    00000058                                   : hostwrite.c.obj (.text:HOSTwrite)
                  0000680c    00000058     drivers_cc26x2.a : PowerCC26X2_calibrateRCOSC.oem4f (.text:PowerCC26X2_initiateCalibration)
                  00006864    00000058     boot.aem4f : boot.oem4f (.text)
                  000068bc    00000058     sysbios.aem4f : m3_Hwi_asm_switch.obj (.text:ti_sysbios_family_arm_m3_Hwi_initStacks__E)
                  00006914    00000058                   : BIOS.obj (.text:ti_sysbios_family_arm_m3_Hwi_postInit__I)
                  0000696c    00000058                   : BIOS.obj (.text:ti_sysbios_heaps_HeapMem_alloc__E)
                  000069c4    00000056     drivers_cc26x2.a : LED.oem4f (.text:LED_startBlinking)
                  00006a1a    00000056     rtsv7M4_T_le_v4SPD16_eabi.lib : _printfi.c.obj (.text:_pconv_f)
                  00006a70    00000054     driverlib.lib : prcm.obj (.text:NOROM_PRCMPowerDomainsAllOff)
                  00006ac4    00000054     dpl_cc26x2.a : SwiP_tirtos.oem4f (.text:SwiP_construct)
                  00006b18    00000054     rtsv7M4_T_le_v4SPD16_eabi.lib : _ltoa.c.obj (.text:__TI_ltoa)
                  00006b6c    00000054     sysbios.aem4f : BIOS.obj (.text:ti_sysbios_knl_Swi_schedule__I)
                  00006bc0    00000052     rtsv7M4_T_le_v4SPD16_eabi.lib : _printfi.c.obj (.text:_ecpy)
                  00006c12    00000002     sysbios.aem4f : BIOS.obj (.text:ti_sysbios_knl_Clock_triggerFunc__I)
                  00006c14    00000050     drivers_cc26x2.a : GPIOCC26XX.oem4f (.text:GPIO_enableInt)
                  00006c64    00000050                      : PWMTimerCC26XX.oem4f (.text:PWMTimerCC26XX_getdutyCounts)
                  00006cb4    00000050     hello_pem4f.oem4f (.text:ti_sysbios_family_arm_m3_Hwi_construct)
                  00006d04    00000050     sysbios.aem4f : BIOS.obj (.text:ti_sysbios_knl_Swi_Instance_init__E)
                  00006d54    00000050                   : BIOS.obj (.text:ti_sysbios_knl_Swi_runLoop__I)
                  00006da4    00000050     hello_pem4f.oem4f (.text:ti_sysbios_knl_Task_create)
                  00006df4    00000050     sysbios.aem4f : BIOS.obj (.text:xdc_runtime_Startup_exec__E)
                  00006e44    0000004c     ti_drivers_config.obj (.text:Board_wakeUpExtFlash)
                  00006e90    0000004c     drivers_cc26x2.a : GPTimerCC26XX.oem4f (.text:GPTimerCC26XX_initHw)
                  00006edc    0000004c                      : GPTimerCC26XX.oem4f (.text:GPTimerCC26XX_start)
                  00006f28    0000004c     driverlib.lib : prcm.obj (.text:NOROM_PRCMPowerDomainsAllOn)
                  00006f74    0000004c     drivers_cc26x2.a : UARTCC26XX.oem4f (.text:UARTCC26XX_readCancel)
                  00006fc0    0000004c     rtsv7M4_T_le_v4SPD16_eabi.lib : fflush.c.obj (.text:__TI_doflush)
                  0000700c    0000004c                                   : atoi.c.obj (.text:atoi)
                  00007058    0000004c                                   : cpy_tbl.c.obj (.text:copy_in)
                  000070a4    0000004c     hello_pem4f.oem4f (.text:ti_sysbios_knl_Swi_construct)
                  000070f0    0000004c     ti.uia.loggers.aem4f : LoggerStopMode.oem4f (.text:ti_uia_loggers_LoggerStopMode_Module_startup__E)
                  0000713c    0000004c     sysbios.aem4f : BIOS.obj (.text:xdc_runtime_Assert_raise__I)
                  00007188    0000004c                   : BIOS.obj (.text:xdc_runtime_Core_assignParams__I)
                  000071d4    00000048     drivers_cc26x2.a : PINCC26XX.oem4f (.text:PIN_setOutputEnable)
                  0000721c    00000048                      : PWMTimerCC26XX.oem4f (.text:PWMTimerCC26XX_setDuty)
                  00007264    00000048                      : PowerCC26X2_calibrateRCOSC.oem4f (.text:PowerCC26X2_RCOSC_clockFunc)
                  000072ac    00000048     hello.obj (.text:main)
                  000072f4    00000048     rtsv7M4_T_le_v4SPD16_eabi.lib : fd_toi_t2.asm.obj (.text)
                  0000733c    00000048     drivers_cc26x2.a : PowerCC26X2.oem4f (.text:switchXOSCHF)
                  00007384    00000048     sysbios.aem4f : BIOS.obj (.text:ti_sysbios_family_arm_m3_Hwi_Module_startup__E)
                  000073cc    00000048                   : BIOS.obj (.text:ti_sysbios_heaps_HeapMem_getStats__E)
                  00007414    00000048     drivers_cc26x2.a : UARTCC26XX.oem4f (.text:writeFinishedDoCallback)
                  0000745c    00000048     sysbios.aem4f : BIOS.obj (.text:xdc_runtime_Core_constructObject__I)
                  000074a4    00000046     drivers_cc26x2.a : RingBuf.oem4f (.text:RingBuf_put)
                  000074ea    00000002     sysbios.aem4f : BIOS.obj (.text:ti_sysbios_knl_Swi_Instance_finalize__E)
                  000074ec    00000044     drivers_cc26x2.a : GPIOCC26XX.oem4f (.text:GPIO_disableInt)
                  00007530    00000044     rtsv7M4_T_le_v4SPD16_eabi.lib : hostclose.c.obj (.text:HOSTclose)
                  00007574    00000044                                   : hostunlink.c.obj (.text:HOSTunlink)
                  000075b8    00000044     driverlib.lib : chipinfo.obj (.text:NOROM_ChipInfo_GetHwRevision)
                  000075fc    00000044     drivers_cc26x2.a : PINCC26XX.oem4f (.text:PIN_swi)
                  00007640    00000044                      : PWM.oem4f (.text:PWM_init)
                  00007684    00000044                      : UART.oem4f (.text:UART_init)
                  000076c8    00000044     rtsv7M4_T_le_v4SPD16_eabi.lib : getdevice.c.obj (.text:getdevice)
                  0000770c    00000044     sysbios.aem4f : BIOS.obj (.text:ti_sysbios_family_arm_m3_Hwi_disableInterrupt__E)
                  00007750    00000044                   : BIOS.obj (.text:ti_sysbios_family_arm_m3_Hwi_enableInterrupt__E)
                  00007794    00000044                   : BIOS.obj (.text:ti_sysbios_knl_Task_allBlockedFunction__I)
                  000077d8    00000044     ti.uia.loggers.aem4f : LoggerStopMode.oem4f (.text:ti_uia_loggers_LoggerStopMode_initBuffer__I)
                  0000781c    00000044     sysbios.aem4f : BIOS.obj (.text:xdc_runtime_SysMin_flush__E)
                  00007860    00000040     ti_drivers_config.obj (.text:Board_shutDownExtFlash)
                  000078a0    00000040     dpl_cc26x2.a : ClockP_tirtos.oem4f (.text:ClockP_construct)
                  000078e0    00000040                  : ClockP_tirtos.oem4f (.text:ClockP_create)
                  00007920    00000040     driverlib.lib : osc.obj (.text:NOROM_OSC_HPOSCRelativeFrequencyOffsetGet)
                  00007960    00000040     drivers_cc26x2.a : PWM.oem4f (.text:PWM_open)
                  000079a0    00000040                      : RingBuf.oem4f (.text:RingBuf_get)
                  000079e0    00000040                      : UART.oem4f (.text:UART_open)
                  00007a20    00000040     sysbios.aem4f : BIOS.obj (.text:ti_sysbios_family_arm_cc26xx_Timer_setThreshold__I)
                  00007a60    00000040                   : BIOS.obj (.text:ti_sysbios_family_arm_m3_Hwi_getStackInfo__E)
                  00007aa0    0000003e     dpl_cc26x2.a : HwiP_tirtos.oem4f (.text:HwiP_construct)
                  00007ade    0000003e     drivers_cc26x2.a : LED.oem4f (.text:LED_setBrightnessLevel)
                  00007b1c    0000003e     rtsv7M4_T_le_v4SPD16_eabi.lib : _printfi.c.obj (.text:_fcpy)
                  00007b5a    0000003e     drivers_cc26x2.a : LED.oem4f (.text:clockTimeoutHandler)
                  00007b98    0000003c                      : LED.oem4f (.text:LED_setOff)
                  00007bd4    0000003c                      : PINCC26XX.oem4f (.text:PIN_setInterrupt)
                  00007c10    0000003c                      : PINCC26XX.oem4f (.text:PIN_setOutputValue)
                  00007c4c    0000003c     sysbios.aem4f : BIOS.obj (.text:ti_sysbios_family_arm_m3_Hwi_construct2__E)
                  00007c88    0000003c     hello_pem4f.oem4f (.text:ti_sysbios_knl_Clock_create)
                  00007cc4    0000003c     hello.obj (.text:uartCallBack)
                  00007d00    00000038     drivers_cc26x2.a : PINCC26XX.oem4f (.text:PIN_setConfig)
                  00007d38    00000038     rtsv7M4_T_le_v4SPD16_eabi.lib : trgmsg.c.obj (.text:__TI_writemsg)
                  00007d70    00000038     drivers_cc26x2.a : PowerCC26X2.oem4f (.text:notify)
                  00007da8    00000038                      : UARTCC26XX.oem4f (.text:readData)
                  00007de0    00000038     sysbios.aem4f : BIOS.obj (.text:ti_sysbios_family_arm_cc26xx_Timer_getCurrentTick__E)
                  00007e18    00000038                   : BIOS.obj (.text:ti_sysbios_family_arm_m3_Hwi_Instance_finalize__E)
                  00007e50    00000038                   : BIOS.obj (.text:ti_sysbios_heaps_HeapMem_Instance_init__E)
                  00007e88    00000038                   : BIOS.obj (.text:ti_sysbios_knl_Clock_Instance_init__E)
                  00007ec0    00000038     drivers_cc26x2.a : UARTCC26XX.oem4f (.text:writeData)
                  00007ef8    00000038     sysbios.aem4f : BIOS.obj (.text:xdc_runtime_System_atexit__E)
                  00007f30    00000036     drivers_cc26x2.a : LED.oem4f (.text:LED_setOn)
                  00007f66    00000036     rtsv7M4_T_le_v4SPD16_eabi.lib : strncpy.c.obj (.text:strncpy)
                  00007f9c    00000034     drivers_cc26x2.a : GPTimerCC26XX.oem4f (.text:GPTimerCC26XXSetLoadMatch)
                  00007fd0    00000034                      : GPTimerCC26XX.oem4f (.text:GPTimerCC26XX_configureDebugStall)
                  00008004    00000034     driverlib.lib : aux_sysif.obj (.text:NOROM_AUXSYSIFOpModeChange)
                  00008038    00000034                   : sys_ctrl.obj (.text:NOROM_SysCtrlIdle)
                  0000806c    00000034     drivers_cc26x2.a : PWMTimerCC26XX.oem4f (.text:PWMTimerCC26XX_getperiodCounts)
                  000080a0    00000034     rtsv7M4_T_le_v4SPD16_eabi.lib : fopen.c.obj (.text:__TI_cleanup)
                  000080d4    00000034                                   : trgmsg.c.obj (.text:__TI_readmsg)
                  00008108    00000034     drivers_cc26x2.a : UARTCC26XX.oem4f (.text:readData2RingBuf)
                  0000813c    00000034     hello_pem4f.oem4f (.text:ti_sysbios_knl_Semaphore_create)
                  00008170    00000034     sysbios.aem4f : BIOS.obj (.text:ti_sysbios_knl_Swi_restore__E)
                  000081a4    00000034     ti.uia.loggers.aem4f : LoggerStopMode.oem4f (.text:ti_uia_loggers_LoggerStopMode_reset__E)
                  000081d8    00000034     sysbios.aem4f : BIOS.obj (.text:xdc_runtime_SysMin_abort__E)
                  0000820c    00000034                   : BIOS.obj (.text:xdc_runtime_SysMin_putch__E)
                  00008240    00000032                   : BIOS.obj (.text:ti_sysbios_family_arm_cc26xx_Timer_setNextTick__E)
                  00008272    00000002     hello_pem4f.oem4f (.text:ti_uia_loggers_LoggerStopMode_setFilterLevel__E)
                  00008274    00000030     drivers_cc26x2.a : GPIOCC26XX.oem4f (.text:GPIO_hwiIntFxn)
                  000082a4    00000030                      : GPIOCC26XX.oem4f (.text:GPIO_setCallback)
                  000082d4    00000030                      : GPTimerCC26XX.oem4f (.text:GPTimerCC26XX_close)
                  00008304    00000030                      : PINCC26XX.oem4f (.text:PINCC26XX_setMux)
                  00008334    00000030                      : PWMTimerCC26XX.oem4f (.text:PWMTimerCC26XX_start)
                  00008364    00000030                      : PowerCC26X2.oem4f (.text:Power_releaseConstraint)
                  00008394    00000030                      : PowerCC26X2.oem4f (.text:Power_setConstraint)
                  000083c4    00000030     hello.obj (.text:buttonCallback)
                  000083f4    00000030     rtsv7M4_T_le_v4SPD16_eabi.lib : getdevice.c.obj (.text:finddevice)
                  00008424    00000030     hello_pem4f.oem4f (.text:ti_sysbios_BIOS_atExitFunc__I)
                  00008454    00000030     hello_pem4f.oem4f (.text:ti_sysbios_BIOS_startFunc__I)
                  00008484    00000030     sysbios.aem4f : BIOS.obj (.text:ti_sysbios_family_arm_cc26xx_Timer_initDevice__I)
                  000084b4    00000030     hello_pem4f.oem4f (.text:ti_sysbios_gates_GateHwi_Object__create__S)
                  000084e4    00000030     hello_pem4f.oem4f (.text:ti_sysbios_gates_GateMutex_Object__create__S)
                  00008514    00000030     sysbios.aem4f : BIOS.obj (.text:ti_sysbios_gates_GateMutex_enter__E)
                  00008544    00000030     hello_pem4f.oem4f (.text:ti_sysbios_heaps_HeapMem_Object__create__S)
                  00008574    00000030     sysbios.aem4f : BIOS.obj (.text:ti_sysbios_heaps_HeapMem_free__E)
                  000085a4    00000030     hello_pem4f.oem4f (.text:ti_sysbios_knl_Clock_construct)
                  000085d4    00000030     hello_pem4f.oem4f (.text:ti_sysbios_knl_Event_create)
                  00008604    00000030     hello_pem4f.oem4f (.text:ti_sysbios_knl_Semaphore_construct)
                  00008634    00000030     sysbios.aem4f : BIOS.obj (.text:ti_sysbios_knl_Task_processVitalTaskFlag__I)
                  00008664    00000030     hello_pem4f.oem4f (.text:ti_sysbios_rts_MemAlloc_alloc)
                  00008694    00000030     hello_pem4f.oem4f (.text:ti_uia_loggers_LoggerStopMode_Object__create__S)
                  000086c4    00000030     sysbios.aem4f : BIOS.obj (.text:xdc_runtime_System_processAtExit__E)
                  000086f4    0000002e     rtsv7M4_T_le_v4SPD16_eabi.lib : i_tofd_t2.asm.obj (.text)
                  00008722    0000002e     sysbios.aem4f : BIOS.obj (.text:ti_sysbios_family_arm_m3_TaskSupport_start__E)
                  00008750    0000002e                   : BIOS.obj (.text:ti_sysbios_hal_Hwi_initStack)
                  0000877e    00000002     ti.uia.loggers.aem4f : LoggerStopMode.oem4f (.text:ti_uia_loggers_LoggerStopMode_setPriority__E)
                  00008780    0000002c     drivers_cc26x2.a : GPTimerCC26XX.oem4f (.text:GPTimerCC26XX_getTimerValue)
                  000087ac    0000002c                      : PWMTimerCC26XX.oem4f (.text:PWMTimerCC26XX_close)
                  000087d8    0000002c                      : PWMTimerCC26XX.oem4f (.text:PWMTimerCC26XX_stop)
                  00008804    0000002c     dpl_cc26x2.a : SemaphoreP_tirtos.oem4f (.text:SemaphoreP_constructBinary)
                  00008830    0000002c                  : SemaphoreP_tirtos.oem4f (.text:SemaphoreP_createBinary)
                  0000885c    0000002c     hello_pem4f.oem4f (.text:ti_sysbios_gates_GateHwi_Handle__label__S)
                  00008888    0000002c     hello_pem4f.oem4f (.text:ti_sysbios_gates_GateMutex_Handle__label__S)
                  000088b4    0000002c     hello_pem4f.oem4f (.text:ti_sysbios_heaps_HeapMem_Handle__label__S)
                  000088e0    0000002c     sysbios.aem4f : BIOS.obj (.text:ti_sysbios_knl_Clock_getTicksUntilInterrupt__E)
                  0000890c    0000002c                   : BIOS.obj (.text:ti_sysbios_knl_Event_pendTimeout__I)
                  00008938    0000002c     hello_pem4f.oem4f (.text:ti_sysbios_knl_Queue_construct)
                  00008964    0000002c     sysbios.aem4f : BIOS.obj (.text:ti_sysbios_knl_Semaphore_pendTimeout__I)
                  00008990    0000002c                   : BIOS.obj (.text:ti_sysbios_knl_Task_restore__E)
                  000089bc    0000002c     hello_pem4f.oem4f (.text:ti_uia_loggers_LoggerStopMode_Handle__label__S)
                  000089e8    0000002c     rtsv7M4_T_le_v4SPD16_eabi.lib : unlink.c.obj (.text:unlink)
                  00008a14    00000028     drivers_cc26x2.a : GPIOCC26XX.oem4f (.text:GPIO_read)
                  00008a3c    00000028                      : PowerCC26X2.oem4f (.text:Power_registerNotify)
                  00008a64    00000028     rtsv7M4_T_le_v4SPD16_eabi.lib : lseek.c.obj (.text:lseek)
                  00008a8c    00000028     drivers_cc26x2.a : PowerCC26X2.oem4f (.text:oscillatorISR)
                  00008ab4    00000028     sysbios.aem4f : m3_Hwi_asm.obj (.text:ti_sysbios_family_arm_m3_Hwi_excHandlerAsm__I)
                  00008adc    00000028                   : BIOS.obj (.text:ti_sysbios_knl_Clock_addI__E)
                  00008b04    00000028     rtsv7M4_T_le_v4SPD16_eabi.lib : write.c.obj (.text:write)
                  00008b2c    00000026     drivers_cc26x2.a : List.oem4f (.text:List_put)
                  00008b52    00000026                      : List.oem4f (.text:List_remove)
                  00008b78    00000026     sysbios.aem4f : m3_Hwi_asm.obj (.text:ti_sysbios_family_arm_m3_Hwi_pendSV__I)
                  00008b9e    00000002                   : BIOS.obj (.text:xdc_runtime_Error_policySpin__E)
                  00008ba0    00000024     driverlib.lib : osc.obj (.text:NOROM_OSCHF_TurnOnXosc)
                  00008bc4    00000024     drivers_cc26x2.a : PowerCC26X2_calibrateRCOSC.oem4f (.text:getTdcSemaphore)
                  00008be8    00000024     hello_pem4f.oem4f (.text:ti_sysbios_BIOS_registerRTSLock__I)
                  00008c0c    00000024     hello_pem4f.oem4f (.text:ti_sysbios_BIOS_removeRTSLock__I)
                  00008c30    00000024     sysbios.aem4f : BIOS.obj (.text:ti_sysbios_family_arm_cc26xx_Timer_Module_startup__E)
                  00008c54    00000024                   : BIOS.obj (.text:ti_sysbios_family_arm_cc26xx_Timer_getMaxTicks__E)
                  00008c78    00000024                   : BIOS.obj (.text:ti_sysbios_family_arm_cc26xx_Timer_startup__E)
                  00008c9c    00000024     hello_pem4f.oem4f (.text:ti_sysbios_gates_GateMutex_Object__delete__S)
                  00008cc0    00000024     sysbios.aem4f : BIOS.obj (.text:ti_sysbios_knl_Clock_Module_startup__E)
                  00008ce4    00000024                   : BIOS.obj (.text:ti_sysbios_knl_Semaphore_Instance_init__E)
                  00008d08    00000024     hello_pem4f.oem4f (.text:ti_sysbios_knl_Semaphore_Object__delete__S)
                  00008d2c    00000024     sysbios.aem4f : BIOS.obj (.text:ti_sysbios_knl_Swi_Module_startup__E)
                  00008d50    00000024                   : BIOS.obj (.text:ti_sysbios_knl_Task_restoreHwi__E)
                  00008d74    00000022     drivers_cc26x2.a : LED.oem4f (.text:LED_stopBlinking)
                  00008d96    00000022     sysbios.aem4f : BIOS.obj (.text:ti_sysbios_family_arm_cc26xx_Timer_postInit__I)
                  00008db8    00000022     hello_pem4f.oem4f (.text:xdc_runtime_SysMin_output__I)
                  00008dda    00000002     sysbios.aem4f : BIOS.obj (.text:xdc_runtime_System_abortSpin__E)
                  00008ddc    00000020     ti_drivers_config.obj (.text:Board_init)
                  00008dfc    00000020     drivers_cc26x2.a : PINCC26XX.oem4f (.text:PINCC26XX_setIoCfgMux)
                  00008e1c    00000020                      : PowerCC26X2.oem4f (.text:Power_unregisterNotify)
                  00008e3c    00000020     rtsv7M4_T_le_v4SPD16_eabi.lib : memchr.c.obj (.text:memchr)
                  00008e5c    00000020     drivers_cc26x2.a : UARTCC26XX.oem4f (.text:threadSafeStdbyDisRelease)
                  00008e7c    00000020                      : UARTCC26XX.oem4f (.text:threadSafeStdbyDisSet)
                  00008e9c    00000020     hello_pem4f.oem4f (.text:ti_sysbios_BIOS_rtsLock__I)
                  00008ebc    00000020     sysbios.aem4f : BIOS.obj (.text:ti_sysbios_family_arm_cc26xx_Timer_dynamicStub__E)
                  00008edc    00000020                   : BIOS.obj (.text:ti_sysbios_family_arm_cc26xx_TimestampProvider_Module_startup__E)
                  00008efc    00000020     hello_pem4f.oem4f (.text:ti_sysbios_gates_GateHwi_Object__delete__S)
                  00008f1c    00000020     hello_pem4f.oem4f (.text:ti_sysbios_heaps_HeapMem_Object__delete__S)
                  00008f3c    00000020     hello_pem4f.oem4f (.text:ti_sysbios_knl_Clock_destruct)
                  00008f5c    00000020     sysbios.aem4f : BIOS.obj (.text:ti_sysbios_knl_Clock_getTicks__E)
                  00008f7c    00000020                   : BIOS.obj (.text:ti_sysbios_knl_Clock_stop__E)
                  00008f9c    00000020                   : BIOS.obj (.text:ti_sysbios_knl_Event_checkEvents__I)
                  00008fbc    00000020                   : BIOS.obj (.text:ti_sysbios_knl_Idle_run__E)
                  00008fdc    00000020     hello_pem4f.oem4f (.text:ti_sysbios_knl_Semaphore_destruct)
                  00008ffc    00000020     hello_pem4f.oem4f (.text:ti_uia_loggers_LoggerStopMode_Object__delete__S)
                  0000901c    00000020     sysbios.aem4f : BIOS.obj (.text:xdc_runtime_SysMin_Module_startup__E)
                  0000903c    0000001e     drivers_cc26x2.a : PINCC26XX.oem4f (.text:PIN_close)
                  0000905a    0000001e                      : PowerCC26X2.oem4f (.text:Power_getTransitionLatency)
                  00009078    0000001e                      : Button.oem4f (.text:msToTicks)
                  00009096    0000001e                      : LED.oem4f (.text:msToTicks)
                  000090b4    0000001e     sysbios.aem4f : m3_Hwi_asm_switch.obj (.text:ti_sysbios_family_xxx_Hwi_switchAndRunFunc)
                  000090d2    00000002                   : BIOS.obj (.text:xdc_runtime_System_exitSpin__E)
                  000090d4    0000001c     driverlib.lib : chipinfo.obj (.text:NOROM_ChipInfo_GetChipFamily)
                  000090f0    0000001c     drivers_cc26x2.a : PINCC26XX.oem4f (.text:PIN_hwi)
                  0000910c    0000001c     dpl_cc26x2.a : PowerCC26X2_tirtos.oem4f (.text:PowerCC26XX_schedulerDisable)
                  00009128    0000001c                  : PowerCC26X2_tirtos.oem4f (.text:PowerCC26XX_schedulerRestore)
                  00009144    0000001c     rtsv7M4_T_le_v4SPD16_eabi.lib : memccpy.c.obj (.text:memccpy)
                  00009160    0000001c     hello_pem4f.oem4f (.text:ti_sysbios_family_arm_m3_Hwi_destruct)
                  0000917c    0000001c     sysbios.aem4f : BIOS.obj (.text:ti_sysbios_family_arm_m3_Hwi_excHandler__I)
                  00009198    0000001c                   : BIOS.obj (.text:ti_sysbios_family_arm_m3_Hwi_setPriority__E)
                  000091b4    0000001c                   : BIOS.obj (.text:ti_sysbios_gates_GateMutex_Instance_init__E)
                  000091d0    0000001c                   : BIOS.obj (.text:ti_sysbios_knl_Clock_scheduleNextTick__E)
                  000091ec    0000001c     hello_pem4f.oem4f (.text:ti_sysbios_knl_Queue_destruct)
                  00009208    0000001c     sysbios.aem4f : BIOS.obj (.text:ti_sysbios_knl_Queue_put__E)
                  00009224    0000001c                   : BIOS.obj (.text:ti_sysbios_knl_Swi_construct2__E)
                  00009240    0000001c     hello_pem4f.oem4f (.text:ti_sysbios_knl_Swi_destruct)
                  0000925c    0000001c     sysbios.aem4f : BIOS.obj (.text:ti_sysbios_knl_Task_enter__I)
                  00009278    0000001c     ti.uia.loggers.aem4f : LoggerStopMode.oem4f (.text:ti_uia_loggers_LoggerStopMode_Instance_init__E)
                  00009294    0000001c     sysbios.aem4f : BIOS.obj (.text:xdc_runtime_Error_check__E)
                  000092b0    0000001c                   : BIOS.obj (.text:xdc_runtime_Error_raiseX__E)
                  000092cc    0000001c                   : BIOS.obj (.text:xdc_runtime_Memory_valloc__E)
                  000092e8    0000001c                   : BIOS.obj (.text:xdc_runtime_SysMin_exit__E)
                  00009304    0000001c                   : BIOS.obj (.text:xdc_runtime_System_abort__E)
                  00009320    0000001a     drivers_cc26x2.a : LED.oem4f (.text:LED_toggle)
                  0000933a    0000001a                      : PWMTimerCC26XX.oem4f (.text:PWMTimerCC26XX_control)
                  00009354    0000001a                      : PowerCC26X2.oem4f (.text:PowerCC26XX_calibrate)
                  0000936e    0000001a     rtsv7M4_T_le_v4SPD16_eabi.lib : s_copysign.c.obj (.text:copysign)
                  00009388    0000001a     hello_pem4f.oem4f (.text:free)
                  000093a2    00000002     --HOLE-- [fill = 0]
                  000093a4    00000018     driverlib.lib : chipinfo.obj (.text:NOROM_ChipInfo_GetPackageType)
                  000093bc    00000018     drivers_cc26x2.a : PowerCC26X2.oem4f (.text:Power_idleFunc)
                  000093d4    00000018                      : UART.oem4f (.text:UART_Params_init)
                  000093ec    00000018     rtsv7M4_T_le_v4SPD16_eabi.lib : args_main.c.obj (.text:_args_main)
                  00009404    00000018                                   : ll_mul_t2.asm.obj (.text)
                  0000941c    00000018                                   : strcmp.c.obj (.text:strcmp)
                  00009434    00000018     drivers_cc26x2.a : PowerCC26X2.oem4f (.text:switchToTCXO)
                  0000944c    00000018     hello_pem4f.oem4f (.text:ti_sysbios_BIOS_rtsUnlock__I)
                  00009464    00000018     hello_pem4f.oem4f (.text:ti_sysbios_family_arm_cc26xx_Timer_Module__startupDone__F)
                  0000947c    00000018     hello_pem4f.oem4f (.text:ti_sysbios_family_arm_m3_Hwi_Module__startupDone__F)
                  00009494    00000018     sysbios.aem4f : BIOS.obj (.text:ti_sysbios_family_arm_m3_Hwi_plug__E)
                  000094ac    00000018                   : m3_TaskSupport_asm.obj (.text:ti_sysbios_family_arm_m3_TaskSupport_swap__E)
                  000094c4    00000018                   : BIOS.obj (.text:ti_sysbios_gates_GateMutex_leave__E)
                  000094dc    00000018                   : BIOS.obj (.text:ti_sysbios_knl_Swi_or__E)
                  000094f4    00000018                   : BIOS.obj (.text:ti_sysbios_knl_Task_unblock__E)
                  0000950c    00000018                   : BIOS.obj (.text:xdc_runtime_Error_init__E)
                  00009524    00000018                   : BIOS.obj (.text:xdc_runtime_System_exit__E)
                  0000953c    00000018                   : BIOS.obj (.text:xdc_runtime_Text_ropeText__E)
                  00009554    00000016     driverlib.lib : chipinfo.obj (.text:NOROM_ThisLibraryIsFor_CC13x2_CC26x2_HwRev20AndLater_HaltIfViolated)
                  0000956a    00000016     rtsv7M4_T_le_v4SPD16_eabi.lib : strchr.c.obj (.text:strchr)
                  00009580    00000016     hello_pem4f.oem4f (.text:ti_sysbios_BIOS_exitFunc__I)
                  00009596    00000016     sysbios.aem4f : BIOS.obj (.text:ti_sysbios_family_arm_cc26xx_TimestampProvider_get64__E)
                  000095ac    00000016                   : BIOS.obj (.text:ti_sysbios_knl_Clock_Instance_finalize__E)
                  000095c2    00000016                   : BIOS.obj (.text:ti_sysbios_knl_Clock_start__E)
                  000095d8    00000016     hello.obj (.text:ti_sysbios_knl_Event_Params_init)
                  000095ee    00000016     hello.obj (.text:ti_sysbios_knl_Task_Params_init)
                  00009604    00000016     ti.uia.loggers.aem4f : LoggerStopMode.oem4f (.text:ti_uia_loggers_LoggerStopMode_disable__E)
                  0000961a    00000016                          : LoggerStopMode.oem4f (.text:ti_uia_loggers_LoggerStopMode_enable__E)
                  00009630    00000014     drivers_cc26x2.a : PINCC26XX.oem4f (.text:PINCC26XX_getPinCount)
                  00009644    00000014                      : PWM.oem4f (.text:PWM_Params_init)
                  00009658    00000014                      : PowerCC26X2_calibrateRCOSC.oem4f (.text:PowerCC26X2_calibrate)
                  0000966c    00000014     rtsv7M4_T_le_v4SPD16_eabi.lib : strcpy.c.obj (.text:strcpy)
                  00009680    00000014                                   : strlen.c.obj (.text:strlen)
                  00009694    00000014     sysbios.aem4f : BIOS.obj (.text:ti_sysbios_family_arm_cc26xx_Timer_getCount64__E)
                  000096a8    00000014     hello_pem4f.oem4f (.text:ti_sysbios_family_arm_m3_Hwi_Object__get__S)
                  000096bc    00000014     sysbios.aem4f : BIOS.obj (.text:ti_sysbios_family_arm_m3_Hwi_switchFromBootStack__E)
                  000096d0    00000014     hello_pem4f.oem4f (.text:ti_sysbios_heaps_HeapMem_Object__get__S)
                  000096e4    00000014     hello_pem4f.oem4f (.text:ti_sysbios_knl_Clock_doTick__I)
                  000096f8    00000014     sysbios.aem4f : BIOS.obj (.text:ti_sysbios_knl_Event_Instance_init__E)
                  0000970c    00000014     hello_pem4f.oem4f (.text:ti_sysbios_knl_Swi_Object__get__S)
                  00009720    00000014     drivers_cc26x2.a : Button.oem4f (.text:timediff)
                  00009734    00000012                      : GPTimerCC26XX.oem4f (.text:GPTimerCC26XX_Params_init)
                  00009746    00000012                      : LED.oem4f (.text:LED_Params_init)
                  00009758    00000012                      : RingBuf.oem4f (.text:RingBuf_construct)
                  0000976a    00000012     dpl_cc26x2.a : SemaphoreP_tirtos.oem4f (.text:SemaphoreP_pend)
                  0000977c    00000012     sysbios.aem4f : BIOS.obj (.text:ti_sysbios_hal_Hwi_Module_startup__E)
                  0000978e    00000012     rtsv7M4_T_le_v4SPD16_eabi.lib : wcslen.c.obj (.text:wcslen)
                  000097a0    00000012     hello_pem4f.oem4f (.text:xdc_runtime_Startup_exec__I)
                  000097b2    00000002     --HOLE-- [fill = 0]
                  000097b4    00000010     drivers_cc26x2.a : Button.oem4f (.text:Button_Params_init)
                  000097c4    00000010                      : GPIOCC26XX.oem4f (.text:GPIO_getConfig)
                  000097d4    00000010     dpl_cc26x2.a : HwiP_tirtos.oem4f (.text:HwiP_Params_init)
                  000097e4    00000010                  : SwiP_tirtos.oem4f (.text:SwiP_Params_init)
                  000097f4    00000010     sysbios.aem4f : BIOS.obj (.text:ti_sysbios_BIOS_exit__E)
                  00009804    00000010                   : BIOS.obj (.text:ti_sysbios_BIOS_getCpuFreq__E)
                  00009814    00000010                   : BIOS.obj (.text:ti_sysbios_BIOS_setThreadType__E)
                  00009824    00000010                   : BIOS.obj (.text:ti_sysbios_BIOS_start__E)
                  00009834    00000010                   : m3_TaskSupport_asm.obj (.text:ti_sysbios_family_arm_m3_TaskSupport_glue)
                  00009844    00000010                   : BIOS.obj (.text:ti_sysbios_gates_GateMutex_Instance_finalize__E)
                  00009854    00000010                   : BIOS.obj (.text:ti_sysbios_knl_Semaphore_Instance_finalize__E)
                  00009864    00000010                   : BIOS.obj (.text:ti_sysbios_knl_Swi_disable__E)
                  00009874    00000010                   : BIOS.obj (.text:ti_sysbios_knl_Swi_enabled__E)
                  00009884    00000010     hello_pem4f.oem4f (.text:ti_sysbios_knl_Task_Object__get__S)
                  00009894    00000010     sysbios.aem4f : BIOS.obj (.text:ti_sysbios_knl_Task_disable__E)
                  000098a4    00000010     hello_pem4f.oem4f (.text:ti_uia_loggers_LoggerStopMode_Object__get__S)
                  000098b4    00000010     ti.uia.loggers.aem4f : LoggerStopMode.oem4f (.text:ti_uia_loggers_LoggerStopMode_isEmpty__E)
                  000098c4    00000010     drivers_cc26x2.a : UARTCC26XX.oem4f (.text:uartPostNotify)
                  000098d4    00000010     sysbios.aem4f : BIOS.obj (.text:xdc_runtime_Gate_leaveSystem__E)
                  000098e4    00000010                   : BIOS.obj (.text:xdc_runtime_Memory_free__E)
                  000098f4    0000000e     rtsv7M4_T_le_v4SPD16_eabi.lib : copy_decompress_none.c.obj (.text:decompress:none:__TI_decompress_none)
                  00009902    0000000e     sysbios.aem4f : BIOS.obj (.text:ti_sysbios_heaps_HeapMem_restore__E)
                  00009910    0000000e                   : BIOS.obj (.text:ti_sysbios_knl_Queue_empty__E)
                  0000991e    0000000e                   : BIOS.obj (.text:ti_sysbios_knl_Queue_remove__E)
                  0000992c    0000000c     dpl_cc26x2.a : ClockP_tirtos.oem4f (.text:ClockP_getSystemTickPeriod)
                  00009938    0000000c     driverlib.lib : cpu.obj (.text:NOROM_CPUcpsid)
                  00009944    0000000c                   : cpu.obj (.text:NOROM_CPUcpsie)
                  00009950    0000000c     drivers_cc26x2.a : PINCC26XX.oem4f (.text:PIN_registerIntCb)
                  0000995c    0000000c                      : PowerCC26X2.oem4f (.text:Power_getConstraintMask)
                  00009968    0000000c                      : PowerCC26X2.oem4f (.text:Power_getDependencyCount)
                  00009974    0000000c     dpl_cc26x2.a : SemaphoreP_tirtos.oem4f (.text:SemaphoreP_delete)
                  00009980    0000000c     rtsv7M4_T_le_v4SPD16_eabi.lib : _lock.c.obj (.text:_register_lock)
                  0000998c    0000000c                                   : _lock.c.obj (.text:_register_unlock)
                  00009998    0000000c                                   : copy_zero_init.c.obj (.text:decompress:ZI:__TI_zero_init)
                  000099a4    0000000c     hello_pem4f.oem4f (.text:ti_sysbios_family_arm_m3_Hwi_Params__init__S)
                  000099b0    0000000c     sysbios.aem4f : BIOS.obj (.text:ti_sysbios_family_arm_m3_Hwi_disableFxn__E)
                  000099bc    0000000c                   : BIOS.obj (.text:ti_sysbios_family_arm_m3_TaskSupport_getStackAlignment__E)
                  000099c8    0000000c                   : BIOS.obj (.text:ti_sysbios_gates_GateHwi_enter__E)
                  000099d4    0000000c     hello_pem4f.oem4f (.text:ti_sysbios_knl_Clock_Params__init__S)
                  000099e0    0000000c     sysbios.aem4f : BIOS.obj (.text:ti_sysbios_knl_Clock_getTimerHandle__E)
                  000099ec    0000000c     hello_pem4f.oem4f (.text:ti_sysbios_knl_Event_Params__init__S)
                  000099f8    0000000c     hello_pem4f.oem4f (.text:ti_sysbios_knl_Queue_Object__get__S)
                  00009a04    0000000c     sysbios.aem4f : BIOS.obj (.text:ti_sysbios_knl_Queue_dequeue__E)
                  00009a10    0000000c                   : BIOS.obj (.text:ti_sysbios_knl_Queue_enqueue__E)
                  00009a1c    0000000c     hello_pem4f.oem4f (.text:ti_sysbios_knl_Semaphore_Params__init__S)
                  00009a28    0000000c     hello_pem4f.oem4f (.text:ti_sysbios_knl_Swi_Params__init__S)
                  00009a34    0000000c     sysbios.aem4f : BIOS.obj (.text:ti_sysbios_knl_Swi_getTrigger__E)
                  00009a40    0000000c     hello_pem4f.oem4f (.text:ti_sysbios_knl_Task_Params__init__S)
                  00009a4c    0000000c     sysbios.aem4f : BIOS.obj (.text:ti_sysbios_knl_Task_self__E)
                  00009a58    0000000c                   : BIOS.obj (.text:xdc_runtime_Gate_enterSystem__E)
                  00009a64    0000000c                   : BIOS.obj (.text:xdc_runtime_Memory_calloc__E)
                  00009a70    0000000c                   : BIOS.obj (.text:xdc_runtime_Memory_getMaxDefaultTypeAlign__E)
                  00009a7c    0000000c                   : BIOS.obj (.text:xdc_runtime_Startup_rtsDone__E)
                  00009a88    0000000a     dpl_cc26x2.a : ClockP_tirtos.oem4f (.text:ClockP_Params_init)
                  00009a92    0000000a     drivers_cc26x2.a : PWM.oem4f (.text:PWM_close)
                  00009a9c    0000000a                      : PWM.oem4f (.text:PWM_setDuty)
                  00009aa6    0000000a                      : PWM.oem4f (.text:PWM_start)
                  00009ab0    0000000a                      : UART.oem4f (.text:UART_read)
                  00009aba    0000000a                      : UARTCC26XX.oem4f (.text:readSemCallback)
                  00009ac4    0000000a     hello_pem4f.oem4f (.text:xdc_runtime_IHeap_alloc)
                  00009ace    0000000a     hello_pem4f.oem4f (.text:xdc_runtime_IHeap_free)
                  00009ad8    00000008     drivers_cc26x2.a : GPTimerCC26XX.oem4f (.text:GPTimerCC26XX_setLoadValue)
                  00009ae0    00000008                      : GPTimerCC26XX.oem4f (.text:GPTimerCC26XX_setMatchValue)
                  00009ae8    00000008                      : UARTCC26XX.oem4f (.text:UARTCC26XX_init)
                  00009af0    00000008     rtsv7M4_T_le_v4SPD16_eabi.lib : errno.c.obj (.text:__aeabi_errno_addr)
                  00009af8    00000008     sysbios.aem4f : BIOS.obj (.text:ti_sysbios_family_arm_m3_Hwi_doSwiRestore__I)
                  00009b00    00000008                   : BIOS.obj (.text:ti_sysbios_family_arm_m3_Hwi_startup__E)
                  00009b08    00000008                   : BIOS.obj (.text:ti_sysbios_knl_Idle_loop__E)
                  00009b10    00000008     drivers_cc26x2.a : UARTCC26XX.oem4f (.text:writeSemCallback)
                  00009b18    00000006                      : GPTimerCC26XX.oem4f (.text:GPTimerCC26XX_getValue)
                  00009b1e    00000006     driverlib.lib : cpu.obj (.text:NOROM_CPUdelay)
                  00009b24    00000006     drivers_cc26x2.a : UARTCC26XX.oem4f (.text:UARTCC26XX_readPolling)
                  00009b2a    00000006                      : UARTCC26XX.oem4f (.text:UARTCC26XX_writePolling)
                  00009b30    00000006                      : PowerCC26X2.oem4f (.text:delayUs)
                  00009b36    00000006     sysbios.aem4f : BIOS.obj (.text:ti_sysbios_family_arm_m3_Hwi_doTaskRestore__I)
                  00009b3c    00000006                   : BIOS.obj (.text:ti_sysbios_family_arm_m3_Hwi_restoreFxn__E)
                  00009b42    00000006                   : BIOS.obj (.text:ti_sysbios_gates_GateHwi_leave__E)
                  00009b48    00000006                   : BIOS.obj (.text:ti_sysbios_heaps_HeapMem_isBlocking__E)
                  00009b4e    00000006                   : BIOS.obj (.text:ti_sysbios_knl_Queue_Instance_init__E)
                  00009b54    00000006                   : BIOS.obj (.text:ti_sysbios_knl_Queue_elemClear__E)
                  00009b5a    00000006                   : BIOS.obj (.text:ti_sysbios_knl_Swi_startup__E)
                  00009b60    00000006                   : BIOS.obj (.text:xdc_runtime_System_Module_startup__E)
                  00009b66    00000004     dpl_cc26x2.a : PowerCC26X2_tirtos.oem4f (.text:CPUwfi)
                  00009b6a    00000004                  : ClockP_tirtos.oem4f (.text:ClockP_destruct)
                  00009b6e    00000004                  : ClockP_tirtos.oem4f (.text:ClockP_getCpuFreq)
                  00009b72    00000004                  : ClockP_tirtos.oem4f (.text:ClockP_setTimeout)
                  00009b76    00000004                  : ClockP_tirtos.oem4f (.text:ClockP_start)
                  00009b7a    00000004                  : ClockP_tirtos.oem4f (.text:ClockP_stop)
                  00009b7e    00000004                  : HwiP_tirtos.oem4f (.text:HwiP_destruct)
                  00009b82    00000004                  : HwiP_tirtos.oem4f (.text:HwiP_disable)
                  00009b86    00000004                  : SemaphoreP_tirtos.oem4f (.text:SemaphoreP_destruct)
                  00009b8a    00000004                  : SemaphoreP_tirtos.oem4f (.text:SemaphoreP_post)
                  00009b8e    00000004                  : SwiP_tirtos.oem4f (.text:SwiP_destruct)
                  00009b92    00000004                  : SwiP_tirtos.oem4f (.text:SwiP_getTrigger)
                  00009b96    00000004                  : SwiP_tirtos.oem4f (.text:SwiP_or)
                  00009b9a    00000004     rtsv7M4_T_le_v4SPD16_eabi.lib : printf.c.obj (.text:_outc)
                  00009b9e    00000004                                   : printf.c.obj (.text:_outs)
                  00009ba2    00000004     drivers_cc26x2.a : PowerCC26X2.oem4f (.text:configureRFCoreClocks)
                  00009ba6    00000004                      : PowerCC26X2.oem4f (.text:nopResourceHandler)
                  00009baa    00000004     hello_pem4f.oem4f (.text:ti_sysbios_BIOS_RtsGateProxy_enter__E)
                  00009bae    00000004     hello_pem4f.oem4f (.text:ti_sysbios_BIOS_RtsGateProxy_leave__E)
                  00009bb2    00000004     sysbios.aem4f : BIOS.obj (.text:ti_sysbios_family_arm_cc26xx_Timer_setPeriod__E)
                  00009bb6    00000004     hello_pem4f.oem4f (.text:ti_sysbios_family_arm_m3_TaskSupport_Module__startupDone__S)
                  00009bba    00000004     sysbios.aem4f : BIOS.obj (.text:ti_sysbios_gates_GateHwi_query__E)
                  00009bbe    00000004                   : BIOS.obj (.text:ti_sysbios_gates_GateMutex_query__E)
                  00009bc2    00000004     hello_pem4f.oem4f (.text:ti_sysbios_heaps_HeapMem_Module_GateProxy_enter__E)
                  00009bc6    00000004     hello_pem4f.oem4f (.text:ti_sysbios_heaps_HeapMem_Module_GateProxy_leave__E)
                  00009bca    00000004     hello_pem4f.oem4f (.text:ti_sysbios_knl_Clock_TimerProxy_getCurrentTick__E)
                  00009bce    00000004     hello_pem4f.oem4f (.text:ti_sysbios_knl_Clock_TimerProxy_getMaxTicks__E)
                  00009bd2    00000004     hello_pem4f.oem4f (.text:ti_sysbios_knl_Clock_TimerProxy_setNextTick__E)
                  00009bd6    00000004     sysbios.aem4f : BIOS.obj (.text:ti_sysbios_knl_Clock_removeI__E)
                  00009bda    00000004                   : BIOS.obj (.text:ti_sysbios_knl_Clock_setTimeout__E)
                  00009bde    00000004                   : BIOS.obj (.text:ti_sysbios_knl_Queue_head__E)
                  00009be2    00000004                   : BIOS.obj (.text:ti_sysbios_knl_Queue_next__E)
                  00009be6    00000004                   : BIOS.obj (.text:ti_sysbios_knl_Queue_prev__E)
                  00009bea    00000004     hello_pem4f.oem4f (.text:ti_sysbios_knl_Semaphore_delete)
                  00009bee    00000004     sysbios.aem4f : BIOS.obj (.text:ti_sysbios_knl_Swi_postInit__I)
                  00009bf2    00000004                   : BIOS.obj (.text:ti_sysbios_knl_Task_startup__E)
                  00009bf6    00000004     ti.uia.loggers.aem4f : LoggerStopMode.oem4f (.text:ti_uia_loggers_LoggerStopMode_getContents__E)
                  00009bfa    00000004     hello_pem4f.oem4f (.text:ti_uia_loggers_LoggerStopMode_getFilterLevel__E)
                  00009bfe    00000004     ti.uia.loggers.aem4f : LoggerStopMode.oem4f (.text:ti_uia_loggers_LoggerStopMode_getInstanceId__E)
                  00009c02    00000004                          : LoggerStopMode.oem4f (.text:ti_uia_loggers_LoggerStopMode_getMaxLength__E)
                  00009c06    00000004                          : LoggerStopMode.oem4f (.text:ti_uia_loggers_LoggerStopMode_getPriority__E)
                  00009c0a    00000004                          : LoggerStopMode.oem4f (.text:ti_uia_loggers_LoggerStopMode_getTransferType__E)
                  00009c0e    00000004     hello_pem4f.oem4f (.text:xdc_runtime_System_Module_GateProxy_enter__E)
                  00009c12    00000004     hello_pem4f.oem4f (.text:xdc_runtime_System_Module_GateProxy_leave__E)

.const     0    00009c18    00000975     
                  00009c18    00000101     rtsv7M4_T_le_v4SPD16_eabi.lib : ctype.c.obj (.const:.string:_ctypes_)
                  00009d19    00000002     ti_drivers_config.obj (.const:LEDHWAttrs)
                  00009d1b    00000001     ti_drivers_config.obj (.const:ButtonHWAttrs)
                  00009d1c    00000060     hello_pem4f.oem4f (.const:ti_uia_loggers_LoggerStopMode_Module__FXNS__C)
                  00009d7c    00000054     drivers_cc26x2.a : PowerCC26X2.oem4f (.const:resourceDB)
                  00009dd0    0000003c     hello_pem4f.oem4f (.const:ti_sysbios_knl_Task_Object__PARAMS__C)
                  00009e0c    00000030     hello_pem4f.oem4f (.const:ti_sysbios_family_arm_m3_Hwi_Object__PARAMS__C)
                  00009e3c    00000028     drivers_cc26x2.a : UARTCC26XX.oem4f (.const:UARTCC26XX_fxnTable)
                  00009e64    00000028     hello_pem4f.oem4f (.const:ti_sysbios_heaps_HeapMem_Module__FXNS__C)
                  00009e8c    00000028     hello_pem4f.oem4f (.const:ti_sysbios_knl_Swi_Object__PARAMS__C)
                  00009eb4    00000028     hello_pem4f.oem4f (.const:ti_uia_loggers_LoggerStopMode_Object__PARAMS__C)
                  00009edc    00000028     ti_drivers_config.obj (.const:uartCC26XXHWAttrs)
                  00009f04    00000028     hello_pem4f.oem4f (.const:xdc_runtime_Startup_sfxnTab__A)
                  00009f2c    00000024     drivers_cc26x2.a : PWMTimerCC26XX.oem4f (.const:PWMTimerCC26XX_fxnTable)
                  00009f50    00000024                      : UART.oem4f (.const:UART_defaultParams)
                  00009f74    00000024     hello_pem4f.oem4f (.const:ti_sysbios_gates_GateHwi_Module__FXNS__C)
                  00009f98    00000024     hello_pem4f.oem4f (.const:ti_sysbios_gates_GateMutex_Module__FXNS__C)
                  00009fbc    00000024     hello_pem4f.oem4f (.const:ti_sysbios_heaps_HeapMem_Object__PARAMS__C)
                  00009fe0    00000024     hello_pem4f.oem4f (.const:ti_sysbios_knl_Clock_Object__PARAMS__C)
                  0000a004    00000024     hello_pem4f.oem4f (.const:ti_sysbios_knl_Semaphore_Object__PARAMS__C)
                  0000a028    00000020     hello_pem4f.oem4f (.const:ti_sysbios_family_arm_m3_Hwi_Object__DESC__C)
                  0000a048    00000020     hello_pem4f.oem4f (.const:ti_sysbios_gates_GateHwi_Object__DESC__C)
                  0000a068    00000020     hello_pem4f.oem4f (.const:ti_sysbios_gates_GateMutex_Object__DESC__C)
                  0000a088    00000020     hello_pem4f.oem4f (.const:ti_sysbios_heaps_HeapMem_Object__DESC__C)
                  0000a0a8    00000020     hello_pem4f.oem4f (.const:ti_sysbios_knl_Clock_Object__DESC__C)
                  0000a0c8    00000020     hello_pem4f.oem4f (.const:ti_sysbios_knl_Event_Object__DESC__C)
                  0000a0e8    00000020     hello_pem4f.oem4f (.const:ti_sysbios_knl_Queue_Object__DESC__C)
                  0000a108    00000020     hello_pem4f.oem4f (.const:ti_sysbios_knl_Semaphore_Object__DESC__C)
                  0000a128    00000020     hello_pem4f.oem4f (.const:ti_sysbios_knl_Swi_Object__DESC__C)
                  0000a148    00000020     hello_pem4f.oem4f (.const:ti_sysbios_knl_Task_Object__DESC__C)
                  0000a168    00000020     hello_pem4f.oem4f (.const:ti_uia_loggers_LoggerStopMode_Object__DESC__C)
                  0000a188    0000001c     drivers_cc26x2.a : GPTimerCC26XX.oem4f (.const:GPT_LUT)
                  0000a1a4    00000018                      : PWM.oem4f (.const:PWM_defaultParams)
                  0000a1bc    00000018                      : GPIOCC26XX.oem4f (.const:interruptType)
                  0000a1d4    00000018     hello_pem4f.oem4f (.const:ti_sysbios_gates_GateHwi_Object__PARAMS__C)
                  0000a1ec    00000018     hello_pem4f.oem4f (.const:ti_sysbios_gates_GateMutex_Object__PARAMS__C)
                  0000a204    00000018     hello_pem4f.oem4f (.const:ti_sysbios_knl_Event_Object__PARAMS__C)
                  0000a21c    00000018     hello_pem4f.oem4f (.const:ti_sysbios_knl_Queue_Object__PARAMS__C)
                  0000a234    00000014     ti_drivers_config.obj (.const:$P$T1$2)
                  0000a248    00000014     ti_drivers_config.obj (.const:BoardGpioInitTable)
                  0000a25c    00000014     ti_drivers_config.obj (.const:GPIOCC26XX_config)
                  0000a270    00000014     ti_drivers_config.obj (.const:PowerCC26X2_config)
                  0000a284    00000014     drivers_cc26x2.a : UARTCC26XX.oem4f (.const:parityType)
                  0000a298    00000014     hello_pem4f.oem4f (.const:xdc_runtime_Startup_sfxnRts__A)
                  0000a2ac    00000010     drivers_cc26x2.a : Button.oem4f (.const:Button_defaultParams)
                  0000a2bc    00000010                      : UARTCC26XX.oem4f (.const:dataLength)
                  0000a2cc    00000010                      : GPIOCC26XX.oem4f (.const:outPinTypes)
                  0000a2dc    0000000c     ti_drivers_config.obj (.const:GPTimerCC26XX_config)
                  0000a2e8    0000000c     ti_drivers_config.obj (.const:PWM_config)
                  0000a2f4    0000000c     ti_drivers_config.obj (.const:UART_config)
                  0000a300    0000000c     ti_drivers_config.obj (.const:gptimerCC26XXHWAttrs)
                  0000a30c    0000000c     drivers_cc26x2.a : GPIOCC26XX.oem4f (.const:inPinTypes)
                  0000a318    0000000c                      : GPIOCC26XX.oem4f (.const:outPinStrengths)
                  0000a324    0000000c     hello_pem4f.oem4f (.const:xdc_runtime_Startup_firstFxns__A)
                  0000a330    0000000b     ti_drivers_config.obj (.const)
                  0000a33b    00000001     hello_pem4f.oem4f (.const:xdc_runtime_Error_policy__C)
                  0000a33c    00000008     driverlib.lib : aux_sysif.obj (.const:$O1$$)
                  0000a344    00000008     ti_drivers_config.obj (.const:$P$T0$1)
                  0000a34c    00000008     ti_drivers_config.obj (.const:Button_config)
                  0000a354    00000008     drivers_cc26x2.a : GPTimerCC26XX.oem4f (.const:GPT_DefaultParams)
                  0000a35c    00000008     ti_drivers_config.obj (.const:LED_config)
                  0000a364    00000008     drivers_cc26x2.a : LED.oem4f (.const:LED_defaultParams)
                  0000a36c    00000008     ti_drivers_config.obj (.const:PINCC26XX_hwAttrs)
                  0000a374    00000008     drivers_cc26x2.a : UARTCC26XX.oem4f (.const:stopBits)
                  0000a37c    00000008     hello_pem4f.oem4f (.const:ti_sysbios_knl_Idle_funcList__C)
                  0000a384    00000008     hello_pem4f.oem4f (.const:xdc_runtime_Startup_firstFxns__C)
                  0000a38c    00000008     hello_pem4f.oem4f (.const:xdc_runtime_Startup_lastFxns__C)
                  0000a394    00000006     drivers_cc26x2.a : UARTCC26XX.oem4f (.const:.string:rxFifoBytes)
                  0000a39a    00000006                      : UARTCC26XX.oem4f (.const:.string:rxFifoThreshold)
                  0000a3a0    00000006                      : UARTCC26XX.oem4f (.const:.string:txFifoBytes)
                  0000a3a6    00000006                      : UARTCC26XX.oem4f (.const:.string:txFifoThreshold)
[...]
0000a37c  ti_sysbios_knl_Idle_funcList__C                                    
0000a384  xdc_runtime_Startup_firstFxns__C                                   
0000a38c  xdc_runtime_Startup_lastFxns__C                                    
0000a3ac  ti_sysbios_family_arm_cc26xx_Timer_funcHookCH1__C                  
0000a3b0  ti_sysbios_family_arm_cc26xx_Timer_funcHookCH2__C                  
0000a3b4  ti_sysbios_family_arm_cc26xx_Timer_startupNeeded__C                
0000a3b8  ti_sysbios_family_arm_m3_Hwi_E_alreadyDefined__C                   
0000a3bc  ti_sysbios_family_arm_m3_Hwi_E_badIntNum__C                        
0000a3c0  ti_sysbios_family_arm_m3_Hwi_LD_end__C                             
0000a3c4  ti_sysbios_family_arm_m3_Hwi_LM_begin__C                           
0000a3c8  ti_sysbios_family_arm_m3_Hwi_Module__diagsEnabled__C               
0000a3cc  ti_sysbios_family_arm_m3_Hwi_Module__diagsIncluded__C              
0000a3d0  ti_sysbios_family_arm_m3_Hwi_Module__diagsMask__C                  
0000a3d4  ti_sysbios_family_arm_m3_Hwi_Module__loggerFxn1__C                 
0000a3d8  ti_sysbios_family_arm_m3_Hwi_Module__loggerFxn8__C                 
0000a3dc  ti_sysbios_family_arm_m3_Hwi_Module__loggerObj__C                  
0000a3e0  ti_sysbios_family_arm_m3_Hwi_NUM_INTERRUPTS__C                     
0000a3e4  ti_sysbios_family_arm_m3_Hwi_Object__count__C                      
0000a3e8  ti_sysbios_family_arm_m3_Hwi_ccr__C                                
0000a3ec  ti_sysbios_family_arm_m3_Hwi_excHandlerFunc__C                     
0000a3f0  ti_sysbios_family_arm_m3_Hwi_nullIsrFunc__C                        
0000a3f4  ti_sysbios_family_arm_m3_Hwi_priGroup__C                           
0000a3f8  ti_sysbios_family_arm_m3_TaskSupport_stackAlignment__C             
0000a3fc  ti_sysbios_gates_GateMutex_Instance_State_sem__O                   
0000a400  ti_sysbios_heaps_HeapMem_E_memory__C                               
0000a404  ti_sysbios_heaps_HeapMem_Module__gateObj__C                        
0000a408  ti_sysbios_heaps_HeapMem_Object__count__C                          
0000a40c  ti_sysbios_heaps_HeapMem_primaryHeapBaseAddr__C                    
0000a410  ti_sysbios_heaps_HeapMem_primaryHeapEndAddr__C                     
0000a414  ti_sysbios_heaps_HeapMem_reqAlign__C                               
0000a418  ti_sysbios_knl_Clock_LM_begin__C                                   
0000a41c  ti_sysbios_knl_Clock_LM_tick__C                                    
0000a420  ti_sysbios_knl_Clock_Module_State_clockQ__O                        
0000a424  ti_sysbios_knl_Clock_Module__diagsEnabled__C                       
0000a428  ti_sysbios_knl_Clock_Module__diagsIncluded__C                      
0000a42c  ti_sysbios_knl_Clock_Module__diagsMask__C                          
0000a430  ti_sysbios_knl_Clock_Module__loggerFxn1__C                         
0000a434  ti_sysbios_knl_Clock_Module__loggerFxn2__C                         
0000a438  ti_sysbios_knl_Clock_Module__loggerObj__C                          
0000a43c  ti_sysbios_knl_Clock_tickPeriod__C                                 
0000a440  ti_sysbios_knl_Clock_triggerClock__C                               
0000a444  ti_sysbios_knl_Event_Instance_State_pendQ__O                       
0000a448  ti_sysbios_knl_Event_LM_pend__C                                    
0000a44c  ti_sysbios_knl_Event_LM_post__C                                    
0000a450  ti_sysbios_knl_Event_Module__diagsEnabled__C                       
0000a454  ti_sysbios_knl_Event_Module__diagsIncluded__C                      
0000a458  ti_sysbios_knl_Event_Module__diagsMask__C                          
0000a45c  ti_sysbios_knl_Event_Module__loggerFxn4__C                         
0000a460  ti_sysbios_knl_Event_Module__loggerFxn8__C                         
0000a464  ti_sysbios_knl_Event_Module__loggerObj__C                          
0000a468  ti_sysbios_knl_Idle_funcList__A                                    
0000a46c  ti_sysbios_knl_Semaphore_Instance_State_pendQ__O                   
0000a470  ti_sysbios_knl_Semaphore_LM_pend__C                                
0000a474  ti_sysbios_knl_Semaphore_LM_post__C                                
0000a478  ti_sysbios_knl_Semaphore_Module__diagsEnabled__C                   
0000a47c  ti_sysbios_knl_Semaphore_Module__diagsIncluded__C                  
0000a480  ti_sysbios_knl_Semaphore_Module__diagsMask__C                      
0000a484  ti_sysbios_knl_Semaphore_Module__loggerFxn2__C                     
0000a488  ti_sysbios_knl_Semaphore_Module__loggerFxn4__C                     
0000a48c  ti_sysbios_knl_Semaphore_Module__loggerObj__C                      
0000a490  ti_sysbios_knl_Swi_LD_end__C                                       
0000a494  ti_sysbios_knl_Swi_LM_begin__C                                     
0000a498  ti_sysbios_knl_Swi_LM_post__C                                      
0000a49c  ti_sysbios_knl_Swi_Module__diagsEnabled__C                         
0000a4a0  ti_sysbios_knl_Swi_Module__diagsIncluded__C                        
0000a4a4  ti_sysbios_knl_Swi_Module__diagsMask__C                            
0000a4a8  ti_sysbios_knl_Swi_Module__loggerFxn1__C                           
0000a4ac  ti_sysbios_knl_Swi_Module__loggerFxn4__C                           
0000a4b0  ti_sysbios_knl_Swi_Module__loggerObj__C                            
0000a4b4  ti_sysbios_knl_Swi_Object__count__C                                
0000a4b8  ti_sysbios_knl_Swi_numPriorities__C                                
0000a4bc  ti_sysbios_knl_Task_LD_block__C                                    
0000a4c0  ti_sysbios_knl_Task_LD_exit__C                                     
0000a4c4  ti_sysbios_knl_Task_LD_ready__C                                    
0000a4c8  ti_sysbios_knl_Task_LM_switch__C                                   
0000a4cc  ti_sysbios_knl_Task_Module_State_inactiveQ__O                      
0000a4d0  ti_sysbios_knl_Task_Module__diagsEnabled__C                        
0000a4d4  ti_sysbios_knl_Task_Module__diagsIncluded__C                       
0000a4d8  ti_sysbios_knl_Task_Module__diagsMask__C                           
0000a4dc  ti_sysbios_knl_Task_Module__loggerFxn2__C                          
0000a4e0  ti_sysbios_knl_Task_Module__loggerFxn4__C                          
0000a4e4  ti_sysbios_knl_Task_Module__loggerObj__C                           
0000a4e8  ti_sysbios_knl_Task_Object__count__C                               
0000a4ec  ti_sysbios_knl_Task_allBlockedFunc__C                              
0000a4f0  ti_sysbios_knl_Task_defaultStackHeap__C                            
0000a4f4  ti_sysbios_knl_Task_defaultStackSize__C                            
0000a4f8  ti_sysbios_knl_Task_numConstructedTasks__C                         
0000a4fc  ti_uia_loggers_LoggerStopMode_Module__diagsEnabled__C              
0000a500  ti_uia_loggers_LoggerStopMode_Module__diagsIncluded__C             
0000a504  ti_uia_loggers_LoggerStopMode_Module__diagsMask__C                 
0000a508  ti_uia_loggers_LoggerStopMode_Object__count__C                     
0000a50c  ti_uia_runtime_ILoggerSnapshot_Interface__BASE__C                  
0000a510  ti_uia_runtime_IUIATransfer_Interface__BASE__C                     
0000a514  xdc_runtime_Assert_E_assertFailed__C                               
0000a518  xdc_runtime_Error_E_memory__C                                      
0000a51c  xdc_runtime_Error_policyFxn__C                                     
0000a520  xdc_runtime_IFilterLogger_Interface__BASE__C                       
0000a524  xdc_runtime_IGateProvider_Interface__BASE__C                       
0000a528  xdc_runtime_IHeap_Interface__BASE__C                               
0000a52c  xdc_runtime_ILogger_Interface__BASE__C                             
0000a530  xdc_runtime_IModule_Interface__BASE__C                             
0000a534  xdc_runtime_Memory_defaultHeapInstance__C                          
0000a538  xdc_runtime_Startup_execImpl__C                                    
0000a53c  xdc_runtime_Startup_maxPasses__C                                   
0000a540  xdc_runtime_Startup_sfxnRts__C                                     
0000a544  xdc_runtime_Startup_sfxnTab__C                                     
0000a548  xdc_runtime_SysMin_bufSize__C                                      
0000a54c  xdc_runtime_SysMin_outputFunc__C                                   
0000a550  xdc_runtime_System_Module__gateObj__C                              
0000a554  xdc_runtime_System_abortFxn__C                                     
0000a558  xdc_runtime_System_exitFxn__C                                      
0000a55c  xdc_runtime_System_maxAtexitHandlers__C                            
0000a560  xdc_runtime_Text_charTab__C                                        
0000a564  pwmTimerCC26XXHWAttrs                                              
0000a566  ti_sysbios_family_arm_cc26xx_TimestampProvider_useClockTimer__C    
0000a568  ti_sysbios_family_arm_m3_Hwi_Module__id__C                         
0000a56a  ti_sysbios_family_arm_m3_Hwi_Module__loggerDefined__C              
0000a56c  ti_sysbios_heaps_HeapMem_Module__id__C                             
0000a56e  ti_sysbios_knl_Clock_Module__id__C                                 
0000a570  ti_sysbios_knl_Clock_Module__loggerDefined__C                      
0000a572  ti_sysbios_knl_Event_Module__id__C                                 
0000a574  ti_sysbios_knl_Event_Module__loggerDefined__C                      
0000a576  ti_sysbios_knl_Semaphore_Module__id__C                             
0000a578  ti_sysbios_knl_Semaphore_Module__loggerDefined__C                  
0000a57a  ti_sysbios_knl_Swi_Module__id__C                                   
0000a57c  ti_sysbios_knl_Swi_Module__loggerDefined__C                        
0000a57e  ti_sysbios_knl_Task_Module__id__C                                  
0000a580  ti_sysbios_knl_Task_Module__loggerDefined__C                       
0000a582  ti_uia_loggers_LoggerStopMode_Module__id__C                        
0000a584  ti_uia_loggers_LoggerStopMode_isTimestampEnabled__C                
0000a586  xdc_runtime_Memory_Module__id__C                                   
0000a588  xdc_runtime_SysMin_flushAtExit__C                                  
0000a58a  xdc_runtime_Text_isLoaded__C                                       
0000a58c  xdc_runtime_Text_charTab__A                                        
0000a77c  __TI_Handler_Table_Base                                            
0000a788  __TI_Handler_Table_Limit                                           
0000a790  __TI_CINIT_Base                                                    
0000a7a0  __TI_CINIT_Limit                                                   
00057fa8  __ccfg                                                             
20000000  __start___llvm_prf_cnts                                            
20000000  __stop___llvm_prf_cnts                                             
20000000  ti_sysbios_family_arm_m3_Hwi_ramVectors                            
200000d8  __primary_heap_start__                                             
200040d8  __primary_heap_end__                                               
20004100  ti_uia_loggers_LoggerStopMode_Instance_State_0_packetArray__A      
20004500  ti_uia_loggers_LoggerStopMode_Instance_State_1_packetArray__A      
20004900  ti_sysbios_knl_Task_Instance_State_0_stack__A                      
20004b00  taskStack                                                          
20004d00  xdc_runtime_SysMin_Module_State_0_outbuf__A                        
20004f00  uartCC26XXObjects                                                  
200050bc  __CIOBUF_                                                          
200051dc  ti_sysbios_family_arm_m3_Hwi_dispatchTable                         
200052b4  __TI_tmpnams                                                       
20005354  pinHandleTable                                                     
200053d0  LEDObjects                                                         
2000547c  gptimerCC26XXObjects                                               
20005504  taskParams                                                         
20005540  ButtonObjects                                                      
20005568  eventParams                                                        
20005580  ti_uia_loggers_LoggerStopMode_Instance_State_0_hdr__A              
200055b0  uartParams                                                         
20005600  ti_uia_loggers_LoggerStopMode_Instance_State_1_hdr__A              
20005670  pwmTimerCC26XXObjects                                              
200056ac  buttonParams                                                       
200056d0  ledParams                                                          
200056d8  parmbuf                                                            
200056e4  PowerCC26XX_swiKey                                                 
200056e8  PowerCC26XX_taskKey                                                
200056ec  buttonHandle                                                       
200056f0  eventHandle                                                        
200056f4  events                                                             
200056f8  ledHandle                                                          
200056fc  taskHandle                                                         
20005700  uartHandle                                                         
20005704  driverlib_release_0_60278                                          
20005708  PowerCC26X2_module                                                 
20005878  _ftable                                                            
20005968  _device                                                            
200059e0  ti_uia_loggers_LoggerStopMode_Object__table__V                     
20005a48  _stream                                                            
20005a98  ti_sysbios_knl_Task_Object__table__V                               
20005ae8  ti_sysbios_family_arm_cc26xx_Timer_Object__table__V                
20005b30  ti_sysbios_knl_Task_Module__state__V                               
20005b74  ti_sysbios_gates_GateMutex_Object__table__V                        
20005bac  ti_sysbios_family_arm_m3_Hwi_Module__state__V                      
20005be0  ti_sysbios_knl_Swi_Module_State_0_readyQ__A                        
20005c10  ti_sysbios_knl_Swi_Object__table__V                                
20005c40  ti_sysbios_knl_Clock_Module__state__V                              
20005c6c  _hposcCoeffs                                                       
20005c90  ti_sysbios_BIOS_Module__state__V                                   
20005cb4  ti_sysbios_knl_Clock_Object__table__V                              
20005cd4  ti_sysbios_knl_Task_Module_State_0_readyQ__A                       
20005cf4  xdc_runtime_Error_IgnoreBlock                                      
20005d14  ti_sysbios_knl_Swi_Module__state__V                                
20005d30  ti_sysbios_family_arm_m3_Hwi_Object__table__V                      
20005d48  ti_sysbios_heaps_HeapMem_Object__table__V                          
20005d60  __TI_ft_end                                                        
20005d64  __aeabi_stdin                                                      
20005d68  __aeabi_stdout                                                     
20005d6c  __aeabi_stderr                                                     
20005d70  __TI_cleanup_ptr                                                   
20005d74  __TI_dtors_ptr                                                     
20005d78  __TI_enable_exit_profile_output                                    
20005d7c  ti_sysbios_knl_Event_Module__root__V                               
20005d88  ti_sysbios_knl_Task_Module__root__V                                
20005d94  ti_uia_runtime_QueueDescriptor_Module__state__V                    
20005da0  xdc_runtime_SysMin_Module__state__V                                
20005dac  _lock                                                              
20005db0  _unlock                                                            
20005db4  pinUpperBound                                                      
20005db8  pinLowerBound                                                      
20005dbc  ti_uia_runtime_QueueDescriptor_gPtrToFirstDescriptor               
20005dc0  ti_uia_runtime_QueueDescriptor_gUpdateCount                        
20005dc4  ti_sysbios_family_arm_cc26xx_Timer_Module__state__V                
20005dcc  ti_sysbios_family_arm_m3_Hwi_Module__root__V                       
20005dd4  ti_sysbios_gates_GateHwi_Module__root__V                           
20005ddc  ti_sysbios_gates_GateMutex_Module__root__V                         
20005de4  ti_sysbios_heaps_HeapMem_Module__root__V                           
20005dec  ti_sysbios_knl_Clock_Module__root__V                               
20005df4  ti_sysbios_knl_Queue_Module__root__V                               
20005dfc  ti_sysbios_knl_Semaphore_Module__root__V                           
20005e04  ti_sysbios_knl_Swi_Module__root__V                                 
20005e0c  ti_uia_loggers_LoggerStopMode_Module__root__V                      
20005e14  xdc_runtime_Startup_Module__state__V                               
20005e1c  xdc_runtime_System_Module_State_0_atexitHandlers__A                
20005e24  xdc_runtime_System_Module__state__V                                
20005e31  input                                                              
20005e32  pwmPrevVal                                                         
20005e34  gpioCallbackFunctions                                              
20005e38  gpioPinConfigs                                                     
20005e40  errno                                                              
20005e44  main_func_sp                                                       
20005e48  ti_sysbios_family_arm_cc26xx_TimestampProvider_Module__state__V    
20005e4c  ti_sysbios_family_arm_m3_Hwi_Module_State_0_excContext__A          
20005e50  ti_sysbios_family_arm_m3_Hwi_Module_State_0_excStack__A            
20005e54  ti_sysbios_gates_GateHwi_Object__table__V                          
20005e58  ti_sysbios_knl_Task_Module_State_0_idleTask__A                     
20005e5c  xdc_runtime_Memory_Module__state__V                                
20005e60  ti_sysbios_family_arm_m3_Hwi_Module_State_0_excActive__A           
20013c00  __stack                                                            
20014000  __STACK_END                                                        
e000e000  ti_sysbios_family_arm_m3_Hwi_nvic                                  
ffffffff  __TI_pprof_out_hndl                                                
ffffffff  __TI_prof_data_size                                                
ffffffff  __TI_prof_data_start                                               
ffffffff  __binit__                                                          
ffffffff  __c_args__                                                         
ffffffff  binit                                                              
UNDEFED   ITM_flush                                                          
UNDEFED   ITM_restore                                                        
UNDEFED   SHT$$INIT_ARRAY$$Base                                              
UNDEFED   SHT$$INIT_ARRAY$$Limit                                             

[873 symbols]
