******************************************************************************
                  TI ARM Linker PC v20.2.5                     
******************************************************************************
>> Linked Wed Jun 23 19:08:34 2021

OUTPUT FILE NAME:   <hello_CC26X2R1_LAUNCHXL_tirtos_ccs.out>
ENTRY POINT SYMBOL: "ResetISR"  address: 000061e1


MEMORY CONFIGURATION

         name            origin    length      used     unused   attr    fill
----------------------  --------  ---------  --------  --------  ----  --------
  FLASH                 00000000   00058000  00009ce4  0004e31c  R  X
  GPRAM                 11000000   00002000  00000000  00002000  RW X
  SRAM                  20000000   00014000  00006184  0000de7c  RW X
  LOG_DATA              90000000   00040000  00000000  00040000  R   


SEGMENT ALLOCATION MAP

run origin  load origin   length   init length attrs members
----------  ----------- ---------- ----------- ----- -------
00000000    00000000    00009c90   00009c90    r-x
  00000000    00000000    0000003c   0000003c    r-- .resetVecs
  0000003c    0000003c    0000916a   0000916a    r-x .text
  000091a8    000091a8    000008e6   000008e6    r-- .const
  00009a90    00009a90    00000200   00000200    r-- .cinit
00057fa8    00057fa8    00000058   00000058    r--
  00057fa8    00057fa8    00000058   00000058    r-- .ccfg
200000d8    200000d8    00004000   00000000    r--
  200000d8    200000d8    00004000   00000000    r-- .priheap
20004100    20004100    00001caf   00000000    rw-
  20004100    20004100    0000155d   00000000    rw- .bss
  20005660    20005660    0000074f   00000000    rw- .data
20013c00    20013c00    00000400   00000000    rw-
  20013c00    20013c00    00000400   00000000    rw- .stack


SECTION ALLOCATION MAP

 output                                  attributes/
section   page    origin      length       input sections
--------  ----  ----------  ----------   ----------------
.binit     0    00000000    00000000     

.cinit     0    00009a90    00000200     
                  00009a90    000001db     (.cinit..data.load) [load image, compression = lzss]
                  00009c6b    00000001     --HOLE-- [fill = 0]
                  00009c6c    0000000c     (__TI_handler_table)
                  00009c78    00000008     (.cinit..bss.load) [load image, compression = zero_init]
                  00009c80    00000010     (__TI_cinit_table)

.init_array 
*          0    00000000    00000000     UNINITIALIZED

.ccfg      0    00057fa8    00000058     
                  00057fa8    00000058     ti_devices_config.obj (.ccfg:retain)

.bss       0    20004100    0000155d     UNINITIALIZED
                  20004100    00000400     (.common:ti_uia_loggers_LoggerStopMode_Instance_State_0_packetArray__A)
                  20004500    00000400     (.common:ti_uia_loggers_LoggerStopMode_Instance_State_1_packetArray__A)
                  20004900    00000200     hello_pem4f.oem4f (.bss:taskStackSection)
                  20004b00    00000200     (.common:taskStack)
                  20004d00    00000200     (.common:xdc_runtime_SysMin_Module_State_0_outbuf__A)
                  20004f00    000001bc     (.common:uartCC26XXObjects)
                  200050bc    00000120     rtsv7M4_T_le_v4SPD16_eabi.lib : trgmsg.c.obj (.bss:_CIOBUF_)
                  200051dc    000000d8     (.common:ti_sysbios_family_arm_m3_Hwi_dispatchTable)
                  200052b4    000000a0     (.common:__TI_tmpnams)
                  20005354    0000007c     (.common:pinHandleTable)
                  200053d0    00000050     drivers_cc26x2.a : PINCC26XX.oem4f (.bss:pinSemaphore)
                  20005420    0000004c     (.common:gptimerCC26XXObjects)
                  2000546c    0000003c                      : PINCC26XX.oem4f (.bss:pinSwi)
                  200054a8    0000003c     (.common:taskParams)
                  200054e4    0000001c                      : PINCC26XX.oem4f (.bss:pinHwi)
                  20005500    00000030     (.common:ti_uia_loggers_LoggerStopMode_Instance_State_0_hdr__A)
                  20005530    00000024     (.common:uartParams)
                  20005554    00000020                      : GPIOCC26XX.oem4f (.bss:gpioCallbackInfo)
                  20005574    0000000c                      : GPIOCC26XX.oem4f (.bss:gpioPinState)
                  20005580    00000030     (.common:ti_uia_loggers_LoggerStopMode_Instance_State_1_hdr__A)
                  200055b0    00000020                      : PINCC26XX.oem4f (.bss:pinGpioConfigTable)
                  200055d0    00000020     ti_drivers_config.obj (.bss:uartCC26XXRingBuffer0)
                  200055f0    00000020     (.common:pwmTimerCC26XXObjects)
                  20005610    00000018     (.common:pwmParams)
                  20005628    0000000c     drivers_cc26x2.a : PWMTimerCC26XX.oem4f (.bss:pinState)
                  20005634    00000008                      : GPIOCC26XX.oem4f (.bss)
                  2000563c    00000008     (.common:parmbuf)
                  20005644    00000004                      : PINCC26XX.oem4f (.bss)
                  20005648    00000004     (.common:PowerCC26XX_swiKey)
                  2000564c    00000004     (.common:PowerCC26XX_taskKey)
                  20005650    00000004     (.common:pwmHandle)
                  20005654    00000004     (.common:taskHandle)
                  20005658    00000004     (.common:uartHandle)
                  2000565c    00000001     (.common:driverlib_release_0_60278)

.data      0    20005660    0000074f     UNINITIALIZED
                  20005660    00000170     drivers_cc26x2.a : PowerCC26X2.oem4f (.data:PowerCC26X2_module)
                  200057d0    000000f0     rtsv7M4_T_le_v4SPD16_eabi.lib : defs.c.obj (.data:_ftable)
                  200058c0    00000078                                   : host_device.c.obj (.data:_device)
                  20005938    00000068     hello_pem4f.oem4f (.data:ti_uia_loggers_LoggerStopMode_Object__table__V)
                  200059a0    00000050     rtsv7M4_T_le_v4SPD16_eabi.lib : host_device.c.obj (.data:_stream)
                  200059f0    0000004c     hello_pem4f.oem4f (.data:ti_sysbios_knl_Task_Object__table__V)
                  20005a3c    00000004     drivers_cc26x2.a : PWMTimerCC26XX.oem4f (.data)
                  20005a40    00000048     hello_pem4f.oem4f (.data:ti_sysbios_family_arm_cc26xx_Timer_Object__table__V)
                  20005a88    00000044     hello_pem4f.oem4f (.data:ti_sysbios_knl_Task_Module__state__V)
                  20005acc    00000038     hello_pem4f.oem4f (.data:ti_sysbios_gates_GateMutex_Object__table__V)
                  20005b04    00000034     hello_pem4f.oem4f (.data:ti_sysbios_family_arm_m3_Hwi_Module__state__V)
                  20005b38    00000030     hello_pem4f.oem4f (.data:ti_sysbios_knl_Swi_Module_State_0_readyQ__A)
                  20005b68    00000030     hello_pem4f.oem4f (.data:ti_sysbios_knl_Swi_Object__table__V)
                  20005b98    0000002c     hello_pem4f.oem4f (.data:ti_sysbios_knl_Clock_Module__state__V)
                  20005bc4    00000024     driverlib.lib : osc.obj (.data:$O1$$)
                  20005be8    00000024     hello_pem4f.oem4f (.data:ti_sysbios_BIOS_Module__state__V)
                  20005c0c    00000020     hello_pem4f.oem4f (.data:ti_sysbios_knl_Clock_Object__table__V)
                  20005c2c    00000020     hello_pem4f.oem4f (.data:ti_sysbios_knl_Task_Module_State_0_readyQ__A)
                  20005c4c    00000020     hello_pem4f.oem4f (.data:xdc_runtime_Error_IgnoreBlock)
                  20005c6c    0000001c     hello_pem4f.oem4f (.data:ti_sysbios_knl_Swi_Module__state__V)
                  20005c88    00000018     hello_pem4f.oem4f (.data:ti_sysbios_family_arm_m3_Hwi_Object__table__V)
                  20005ca0    00000018     hello_pem4f.oem4f (.data:ti_sysbios_heaps_HeapMem_Object__table__V)
                  20005cb8    00000010     rtsv7M4_T_le_v4SPD16_eabi.lib : defs.c.obj (.data)
                  20005cc8    0000000c                                   : exit.c.obj (.data:$O1$$)
                  20005cd4    0000000c     hello_pem4f.oem4f (.data:ti_sysbios_knl_Task_Module__root__V)
                  20005ce0    0000000c     hello_pem4f.oem4f (.data:ti_uia_runtime_QueueDescriptor_Module__state__V)
                  20005cec    0000000c     hello_pem4f.oem4f (.data:xdc_runtime_SysMin_Module__state__V)
                  20005cf8    00000008     rtsv7M4_T_le_v4SPD16_eabi.lib : _lock.c.obj (.data:$O1$$)
                  20005d00    00000008     drivers_cc26x2.a : PINCC26XX.oem4f (.data)
                  20005d08    00000008     ti.uia.runtime.aem4f : QueueDescriptor.oem4f (.data)
                  20005d10    00000008     hello_pem4f.oem4f (.data:ti_sysbios_family_arm_cc26xx_Timer_Module__state__V)
                  20005d18    00000008     hello_pem4f.oem4f (.data:ti_sysbios_family_arm_m3_Hwi_Module__root__V)
                  20005d20    00000008     hello_pem4f.oem4f (.data:ti_sysbios_gates_GateHwi_Module__root__V)
                  20005d28    00000008     hello_pem4f.oem4f (.data:ti_sysbios_gates_GateMutex_Module__root__V)
                  20005d30    00000008     hello_pem4f.oem4f (.data:ti_sysbios_heaps_HeapMem_Module__root__V)
                  20005d38    00000008     hello_pem4f.oem4f (.data:ti_sysbios_knl_Clock_Module__root__V)
                  20005d40    00000008     hello_pem4f.oem4f (.data:ti_sysbios_knl_Queue_Module__root__V)
                  20005d48    00000008     hello_pem4f.oem4f (.data:ti_sysbios_knl_Semaphore_Module__root__V)
                  20005d50    00000008     hello_pem4f.oem4f (.data:ti_sysbios_knl_Swi_Module__root__V)
                  20005d58    00000008     hello_pem4f.oem4f (.data:ti_uia_loggers_LoggerStopMode_Module__root__V)
                  20005d60    00000008     hello_pem4f.oem4f (.data:xdc_runtime_Startup_Module__state__V)
                  20005d68    00000008     hello_pem4f.oem4f (.data:xdc_runtime_System_Module_State_0_atexitHandlers__A)
                  20005d70    00000008     hello_pem4f.oem4f (.data:xdc_runtime_System_Module__state__V)
                  20005d78    00000005     drivers_cc26x2.a : GPIOCC26XX.oem4f (.data)
                  20005d7d    00000002     hello.obj (.data)
                  20005d7f    00000001     drivers_cc26x2.a : PWM.oem4f (.data)
                  20005d80    00000004     ti_drivers_config.obj (.data:gpioCallbackFunctions)
                  20005d84    00000004     ti_drivers_config.obj (.data:gpioPinConfigs)
                  20005d88    00000004     drivers_cc26x2.a : GPIOCC26XX.oem4f (.data:gpioPinTable)
                  20005d8c    00000004     rtsv7M4_T_le_v4SPD16_eabi.lib : errno.c.obj (.data)
                  20005d90    00000004                                   : stkdepth_vars.c.obj (.data)
                  20005d94    00000004     hello_pem4f.oem4f (.data:ti_sysbios_family_arm_cc26xx_TimestampProvider_Module__state__V)
                  20005d98    00000004     hello_pem4f.oem4f (.data:ti_sysbios_family_arm_m3_Hwi_Module_State_0_excContext__A)
                  20005d9c    00000004     hello_pem4f.oem4f (.data:ti_sysbios_family_arm_m3_Hwi_Module_State_0_excStack__A)
                  20005da0    00000004     hello_pem4f.oem4f (.data:ti_sysbios_gates_GateHwi_Object__table__V)
                  20005da4    00000004     hello_pem4f.oem4f (.data:ti_sysbios_knl_Task_Module_State_0_idleTask__A)
                  20005da8    00000004     hello_pem4f.oem4f (.data:xdc_runtime_Memory_Module__state__V)
                  20005dac    00000002     hello_pem4f.oem4f (.data:ti_sysbios_family_arm_m3_Hwi_Module_State_0_excActive__A)
                  20005dae    00000001     drivers_cc26x2.a : UART.oem4f (.data)

.stack     0    20013c00    00000400     UNINITIALIZED
                  20013c00    00000400     --HOLE--

.priheap   0    200000d8    00004000     UNINITIALIZED
                  200000d8    00004000     --HOLE--

.log_data 
*          0    90000000    00000000     COPY SECTION

.bootVecs 
*          0    00000000    00000008     DSECT
                  00000000    00000008     boot.aem4f : boot.oem4f (.bootVecs)

.resetVecs 
*          0    00000000    0000003c     
                  00000000    0000003c     hello_pem4f.oem4f (.resetVecs)

.vecs      0    20000000    000000d8     NOLOAD SECTION
                  20000000    000000d8     hello_pem4f.oem4f (.vecs)

xdc.meta   0    00000000    000000ec     COPY SECTION
                  00000000    000000ec     hello_pem4f.oem4f (xdc.meta)

xdc.noload 
*          0    00000000    00000000     COPY SECTION

__llvm_prf_cnts 
*          0    20000000    00000000     UNINITIALIZED

.text      0    0000003c    0000916a     
                  0000003c    00000a4e     rtsv7M4_T_le_v4SPD16_eabi.lib : _printfi.c.obj (.text:__TI_printfi)
                  00000a8a    00000002     ti_drivers_config.obj (.text:Board_initHook)
                  00000a8c    00000270     rtsv7M4_T_le_v4SPD16_eabi.lib : _printfi.c.obj (.text:_pconv_a)
                  00000cfc    000001f4     drivers_cc26x2.a : PINCC26XX.oem4f (.text:PIN_init)
                  00000ef0    000001d0     rtsv7M4_T_le_v4SPD16_eabi.lib : _printfi.c.obj (.text:_pconv_g)
                  000010c0    000001b6                                   : fd_add_t2.asm.obj (.text)
                  00001276    00000002     drivers_cc26x2.a : PWMTimerCC26XX.oem4f (.text:PWMTimerCC26XX_init)
                  00001278    00000198                      : PowerCC26X2.oem4f (.text:Power_sleep)
                  00001410    00000190                      : PowerCC26X2_calibrateRCOSC.oem4f (.text:calibrateRcoscHf1)
                  000015a0    0000018c                      : PowerCC26X2_calibrateRCOSC.oem4f (.text:runCalibrateFsm)
                  0000172c    00000174                      : PowerCC26X2.oem4f (.text:Power_init)
                  000018a0    00000164                      : UARTCC26XX.oem4f (.text:UARTCC26XX_open)
                  00001a04    00000154                      : UARTCC26XX.oem4f (.text:UARTCC26XX_hwiIntFxn)
                  00001b58    0000013e     hello_pem4f.oem4f (.text:ti_uia_loggers_LoggerStopMode_writeMemoryRange__E)
                  00001c96    00000002     rtsv7M4_T_le_v4SPD16_eabi.lib : _lock.c.obj (.text:_nop)
                  00001c98    0000013c                                   : _printfi.c.obj (.text:_pconv_e)
                  00001dd4    0000013a     drivers_cc26x2.a : UARTCC26XX.oem4f (.text:UARTCC26XX_read)
                  00001f0e    00000136     rtsv7M4_T_le_v4SPD16_eabi.lib : fd_div_t2.asm.obj (.text)
                  00002044    0000012c     sysbios.aem4f : BIOS.obj (.text:ti_sysbios_knl_Semaphore_pend__E)
                  00002170    00000124     rtsv7M4_T_le_v4SPD16_eabi.lib : _printfi.c.obj (.text:fcvt)
                  00002294    00000120     drivers_cc26x2.a : PowerCC26X2.oem4f (.text:configureXOSCHF)
                  000023b4    0000011c     sysbios.aem4f : BIOS.obj (.text:ti_sysbios_family_arm_m3_Hwi_dispatchC__I)
                  000024d0    00000114     drivers_cc26x2.a : PINCC26XX.oem4f (.text:PINCC26XX_setIoCfg)
                  000025e4    00000114     rtsv7M4_T_le_v4SPD16_eabi.lib : fputs.c.obj (.text:fputs)
                  000026f8    00000114     sysbios.aem4f : BIOS.obj (.text:ti_sysbios_knl_Swi_run__I)
                  0000280c    00000110     drivers_cc26x2.a : GPIOCC26XX.oem4f (.text:GPIO_setConfig)
                  0000291c    00000110     rtsv7M4_T_le_v4SPD16_eabi.lib : s_scalbn.c.obj (.text:scalbn)
                  00002a2c    0000010c     hello_pem4f.oem4f (.text:ti_uia_loggers_LoggerStopMode_write8__E)
                  00002b38    000000fc     rtsv7M4_T_le_v4SPD16_eabi.lib : fd_mul_t2.asm.obj (.text)
                  00002c34    000000f8     sysbios.aem4f : BIOS.obj (.text:xdc_runtime_Startup_startMods__I)
                  00002d2c    000000f4     hello_pem4f.oem4f (.text:ti_uia_loggers_LoggerStopMode_write4__E)
                  00002e20    000000f0     driverlib.lib : sys_ctrl.obj (.text:NOROM_SysCtrlStandby)
                  00002f10    000000f0     sysbios.aem4f : m3_Hwi_asm.obj (.text:ti_sysbios_family_arm_m3_Hwi_dispatch__I)
                  00003000    000000e8     hello_pem4f.oem4f (.text:ti_uia_loggers_LoggerStopMode_write2__E)
                  000030e8    000000e4     hello_pem4f.oem4f (.text:ti_uia_loggers_LoggerStopMode_write1__E)
                  000031cc    000000e0     drivers_cc26x2.a : UARTCC26XX.oem4f (.text:UARTCC26XX_write)
                  000032ac    000000e0     sysbios.aem4f : BIOS.obj (.text:ti_sysbios_knl_Clock_walkQueueDynamic__E)
                  0000338c    000000dc     drivers_cc26x2.a : PWMTimerCC26XX.oem4f (.text:PWMTimerCC26XX_open)
                  00003468    000000dc     rtsv7M4_T_le_v4SPD16_eabi.lib : setvbuf.c.obj (.text:setvbuf)
                  00003544    000000d8     hello_pem4f.oem4f (.text:ti_uia_loggers_LoggerStopMode_write0__E)
                  0000361c    000000c8     dpl_cc26x2.a : PowerCC26X2_tirtos.oem4f (.text:PowerCC26XX_standbyPolicy)
                  000036e4    000000c4     drivers_cc26x2.a : GPIOCC26XX.oem4f (.text:GPIO_init)
                  000037a8    000000c4     hello.obj (.text:gpioCallBackFxn)
                  0000386c    000000c4     sysbios.aem4f : BIOS.obj (.text:ti_sysbios_knl_Task_schedule__I)
                  00003930    000000c0     drivers_cc26x2.a : PowerCC26X2.oem4f (.text:Power_releaseDependency)
                  000039f0    000000c0                      : UARTCC26XX.oem4f (.text:UARTCC26XX_initIO)
                  00003ab0    000000b8                      : PowerCC26X2.oem4f (.text:Power_setDependency)
                  00003b68    000000b8                      : UARTCC26XX.oem4f (.text:UARTCC26XX_initHw)
                  00003c20    000000b8     sysbios.aem4f : BIOS.obj (.text:ti_sysbios_knl_Semaphore_post__E)
                  00003cd8    000000b8                   : BIOS.obj (.text:ti_sysbios_knl_Task_Instance_init__E)
                  00003d90    000000b8                   : BIOS.obj (.text:ti_sysbios_knl_Task_startCore__E)
                  00003e48    000000b1     rtsv7M4_T_le_v4SPD16_eabi.lib : _printfi.c.obj (.text:_ltostr)
                  00003ef9    00000001     --HOLE-- [fill = 0]
                  00003efa    00000002     drivers_cc26x2.a : PowerCC26X2.oem4f (.text:emptyClockFunc)
                  00003efc    000000ac                      : PINCC26XX.oem4f (.text:PIN_open)
                  00003fa8    000000ac     driverlib.lib : setup.obj (.text:TrimAfterColdResetWakeupFromShutDown)
                  00004054    000000a8     sysbios.aem4f : BIOS.obj (.text:ti_sysbios_knl_Swi_post__E)
                  000040fc    000000a4                   : BIOS.obj (.text:ti_sysbios_family_arm_m3_Hwi_Instance_init__E)
                  000041a0    000000a0     auto_init.aem4f : auto_init.oem4f (.text)
                  00004240    0000009c     drivers_cc26x2.a : PWMTimerCC26XX.oem4f (.text:PWMTimerCC26XX_setDutyAndPeriod)
                  000042dc    0000009c     rtsv7M4_T_le_v4SPD16_eabi.lib : memcpy_t2.asm.obj (.text)
                  00004378    0000009c     sysbios.aem4f : BIOS.obj (.text:ti_sysbios_knl_Task_blockI__E)
                  00004414    00000098     driverlib.lib : setup.obj (.text:NOROM_SetupTrimDevice)
                  000044ac    00000098     sysbios.aem4f : BIOS.obj (.text:ti_sysbios_knl_Clock_workFuncDynamic__E)
                  00004544    00000098     drivers_cc26x2.a : UARTCC26XX.oem4f (.text:writeTxFifoFlush)
                  000045dc    00000096     rtsv7M4_T_le_v4SPD16_eabi.lib : ull_div_t2.asm.obj (.text)
                  00004672    00000002                                   : div0.asm.obj (.text)
                  00004674    00000094     sysbios.aem4f : BIOS.obj (.text:ti_sysbios_knl_Task_Instance_finalize__E)
                  00004708    00000094                   : BIOS.obj (.text:ti_sysbios_knl_Task_exit__E)
                  0000479c    00000092     drivers_cc26x2.a : UARTCC26XX.oem4f (.text:UARTCC26XX_writeCancel)
                  0000482e    00000002     sysbios.aem4f : BIOS.obj (.text:ti_sysbios_BIOS_linkedWithIncorrectBootLibrary__E)
                  00004830    00000090                   : BIOS.obj (.text:ti_sysbios_knl_Task_unblockI__E)
                  000048c0    00000090     ti.uia.loggers.aem4f : LoggerStopMode.oem4f (.text:ti_uia_loggers_LoggerStopMode_initQueueDescriptor__E)
                  00004950    0000008c     rtsv7M4_T_le_v4SPD16_eabi.lib : fputc.c.obj (.text:fputc)
                  000049dc    0000008c     sysbios.aem4f : BIOS.obj (.text:ti_sysbios_family_arm_m3_Hwi_initNVIC__E)
                  00004a68    0000008c                   : m3_TaskSupport_asm.obj (.text:ti_sysbios_family_arm_m3_TaskSupport_buildTaskStack)
                  00004af4    00000088     drivers_cc26x2.a : GPTimerCC26XX.oem4f (.text:GPTimerCC26XX_open)
                  00004b7c    00000088     driverlib.lib : osc.obj (.text:NOROM_OSCHF_AttemptToSwitchToXosc)
                  00004c04    00000088     drivers_cc26x2.a : PowerCC26X2_calibrateRCOSC.oem4f (.text:calibrateRcoscHf2)
                  00004c8c    00000088                      : PowerCC26X2.oem4f (.text:disableLFClockQualifiers)
                  00004d14    00000088                      : PowerCC26X2_calibrateRCOSC.oem4f (.text:updateSubSecInc)
                  00004d9c    00000086     rtsv7M4_T_le_v4SPD16_eabi.lib : fd_cmp_t2.asm.obj (.text:__aeabi_cdcmple)
                  00004e22    00000086                                   : fd_cmp_t2.asm.obj (.text:__aeabi_cdrcmple)
                  00004ea8    00000084     ti_drivers_config.obj (.text:Board_sendExtFlashByte)
                  00004f2c    00000084     drivers_cc26x2.a : UARTCC26XX.oem4f (.text:UARTCC26XX_close)
                  00004fb0    00000084     sysbios.aem4f : BIOS.obj (.text:ti_sysbios_knl_Task_postInit__I)
                  00005034    00000080     driverlib.lib : chipinfo.obj (.text:NOROM_ChipInfo_GetChipType)
                  000050b4    00000080                   : sys_ctrl.obj (.text:NOROM_SysCtrlSetRechargeBeforePowerDown)
                  00005134    00000080     hello.obj (.text:PWMinit)
                  000051b4    00000080     sysbios.aem4f : BIOS.obj (.text:ti_sysbios_family_arm_cc26xx_Timer_start__E)
                  00005234    0000007a     rtsv7M4_T_le_v4SPD16_eabi.lib : memset_t2.asm.obj (.text)
                  000052ae    00000078     sysbios.aem4f : BIOS.obj (.text:ti_sysbios_heaps_HeapMem_allocUnprotected__E)
                  00005326    00000002     hello_pem4f.oem4f (.text:ti_sysbios_BIOS_nullFunc__I)
                  00005328    00000074     drivers_cc26x2.a : GPTimerCC26XX.oem4f (.text:GPTimerCC26XX_resetHw)
                  0000539c    00000074                      : PowerCC26X2_calibrateRCOSC.oem4f (.text:PowerCC26X2_auxISR)
                  00005410    00000074     rtsv7M4_T_le_v4SPD16_eabi.lib : fclose.c.obj (.text:__TI_closefile)
                  00005484    00000074     hello.obj (.text:myTaskFxn)
                  000054f8    00000074     ti.uia.runtime.aem4f : QueueDescriptor.oem4f (.text:ti_uia_runtime_QueueDescriptor_addToList__E)
                  0000556c    00000070     drivers_cc26x2.a : PINCC26XX.oem4f (.text:PIN_add)
                  000055dc    00000070     hello.obj (.text:UARTinit)
                  0000564c    00000070     sysbios.aem4f : BIOS.obj (.text:xdc_runtime_Memory_alloc__E)
                  000056bc    0000006e     rtsv7M4_T_le_v4SPD16_eabi.lib : _printfi.c.obj (.text:_mcpy)
                  0000572a    0000006e     sysbios.aem4f : BIOS.obj (.text:xdc_runtime_Core_createObject__I)
                  00005798    0000006c     rtsv7M4_T_le_v4SPD16_eabi.lib : hostrename.c.obj (.text:HOSTrename)
                  00005804    00000068                                   : hostlseek.c.obj (.text:HOSTlseek)
                  0000586c    00000068     driverlib.lib : osc.obj (.text:NOROM_OSCHF_SwitchToRcOscTurnOffXosc)
                  000058d4    00000068     rtsv7M4_T_le_v4SPD16_eabi.lib : copy_decompress_lzss.c.obj (.text:decompress:lzss:__TI_decompress_lzss)
                  0000593c    00000068                                   : printf.c.obj (.text:printf)
                  000059a4    00000068     sysbios.aem4f : BIOS.obj (.text:ti_sysbios_knl_Clock_startI__E)
                  00005a0c    00000068                   : BIOS.obj (.text:ti_sysbios_knl_Swi_restoreHwi__E)
                  00005a74    00000066     ti.uia.loggers.aem4f : LoggerStopMode.oem4f (.text:ti_uia_loggers_LoggerStopMode_flush__E)
                  00005ada    00000066     sysbios.aem4f : BIOS.obj (.text:xdc_runtime_Core_deleteObject__I)
                  00005b40    00000064     drivers_cc26x2.a : UARTCC26XX.oem4f (.text:UARTCC26XX_control)
                  00005ba4    00000064     rtsv7M4_T_le_v4SPD16_eabi.lib : s_frexp.c.obj (.text:frexp)
                  00005c08    00000064                                   : fseek.c.obj (.text:fseek)
                  00005c6c    00000064     sysbios.aem4f : BIOS.obj (.text:ti_sysbios_heaps_HeapMem_initPrimary__I)
                  00005cd0    00000062     drivers_cc26x2.a : UARTCC26XX.oem4f (.text:UARTCC26XX_swiIntFxn)
                  00005d32    00000062     rtsv7M4_T_le_v4SPD16_eabi.lib : _io_perm.c.obj (.text:__TI_wrt_ok)
                  00005d94    00000060                                   : hostopen.c.obj (.text:HOSTopen)
                  00005df4    00000060     sysbios.aem4f : BIOS.obj (.text:ti_sysbios_knl_Clock_logTick__E)
                  00005e54    0000005e                   : BIOS.obj (.text:ti_sysbios_heaps_HeapMem_freeUnprotected__E)
                  00005eb2    00000002                   : BIOS.obj (.text:ti_sysbios_gates_GateHwi_Instance_init__E)
                  00005eb4    0000005c     drivers_cc26x2.a : PINCC26XX.oem4f (.text:PIN_remove)
                  00005f10    0000005c                      : PWMTimerCC26XX.oem4f (.text:PWMTimerCC26XX_setPeriod)
                  00005f6c    0000005c     rtsv7M4_T_le_v4SPD16_eabi.lib : close.c.obj (.text:close)
                  00005fc8    0000005c     drivers_cc26x2.a : UARTCC26XX.oem4f (.text:startTxFifoEmptyClk)
                  00006024    0000005c     sysbios.aem4f : BIOS.obj (.text:ti_sysbios_knl_Task_Module_startup__E)
                  00006080    00000058     drivers_cc26x2.a : GPTimerCC26XX.oem4f (.text:GPTimerCC26XX_stop)
                  000060d8    00000058     rtsv7M4_T_le_v4SPD16_eabi.lib : hostread.c.obj (.text:HOSTread)
                  00006130    00000058                                   : hostwrite.c.obj (.text:HOSTwrite)
                  00006188    00000058     drivers_cc26x2.a : PowerCC26X2_calibrateRCOSC.oem4f (.text:PowerCC26X2_initiateCalibration)
                  000061e0    00000058     boot.aem4f : boot.oem4f (.text)
                  00006238    00000058     sysbios.aem4f : m3_Hwi_asm_switch.obj (.text:ti_sysbios_family_arm_m3_Hwi_initStacks__E)
                  00006290    00000058                   : BIOS.obj (.text:ti_sysbios_family_arm_m3_Hwi_postInit__I)
                  000062e8    00000058                   : BIOS.obj (.text:ti_sysbios_heaps_HeapMem_alloc__E)
                  00006340    00000056     rtsv7M4_T_le_v4SPD16_eabi.lib : _printfi.c.obj (.text:_pconv_f)
                  00006396    00000002     sysbios.aem4f : BIOS.obj (.text:ti_sysbios_knl_Clock_triggerFunc__I)
                  00006398    00000054     driverlib.lib : prcm.obj (.text:NOROM_PRCMPowerDomainsAllOff)
                  000063ec    00000054     dpl_cc26x2.a : SwiP_tirtos.oem4f (.text:SwiP_construct)
                  00006440    00000054     rtsv7M4_T_le_v4SPD16_eabi.lib : _ltoa.c.obj (.text:__TI_ltoa)
                  00006494    00000054     sysbios.aem4f : BIOS.obj (.text:ti_sysbios_knl_Swi_schedule__I)
                  000064e8    00000052     rtsv7M4_T_le_v4SPD16_eabi.lib : _printfi.c.obj (.text:_ecpy)
                  0000653a    00000002     sysbios.aem4f : BIOS.obj (.text:ti_sysbios_knl_Swi_Instance_finalize__E)
                  0000653c    00000050     drivers_cc26x2.a : GPIOCC26XX.oem4f (.text:GPIO_enableInt)
                  0000658c    00000050                      : PWMTimerCC26XX.oem4f (.text:PWMTimerCC26XX_getdutyCounts)
                  000065dc    00000050     hello_pem4f.oem4f (.text:ti_sysbios_family_arm_m3_Hwi_construct)
                  0000662c    00000050     sysbios.aem4f : BIOS.obj (.text:ti_sysbios_knl_Swi_Instance_init__E)
                  0000667c    00000050                   : BIOS.obj (.text:ti_sysbios_knl_Swi_runLoop__I)
                  000066cc    00000050     hello_pem4f.oem4f (.text:ti_sysbios_knl_Task_create)
                  0000671c    00000050     sysbios.aem4f : BIOS.obj (.text:xdc_runtime_Startup_exec__E)
                  0000676c    0000004c     ti_drivers_config.obj (.text:Board_wakeUpExtFlash)
                  000067b8    0000004c     drivers_cc26x2.a : GPTimerCC26XX.oem4f (.text:GPTimerCC26XX_initHw)
                  00006804    0000004c                      : GPTimerCC26XX.oem4f (.text:GPTimerCC26XX_start)
                  00006850    0000004c     driverlib.lib : prcm.obj (.text:NOROM_PRCMPowerDomainsAllOn)
                  0000689c    0000004c     drivers_cc26x2.a : UARTCC26XX.oem4f (.text:UARTCC26XX_readCancel)
                  000068e8    0000004c     rtsv7M4_T_le_v4SPD16_eabi.lib : fflush.c.obj (.text:__TI_doflush)
                  00006934    0000004c                                   : atoi.c.obj (.text:atoi)
                  00006980    0000004c                                   : cpy_tbl.c.obj (.text:copy_in)
                  000069cc    0000004c     hello_pem4f.oem4f (.text:ti_sysbios_knl_Swi_construct)
                  00006a18    0000004c     ti.uia.loggers.aem4f : LoggerStopMode.oem4f (.text:ti_uia_loggers_LoggerStopMode_Module_startup__E)
                  00006a64    0000004c     sysbios.aem4f : BIOS.obj (.text:xdc_runtime_Assert_raise__I)
                  00006ab0    0000004c                   : BIOS.obj (.text:xdc_runtime_Core_assignParams__I)
                  00006afc    00000048     drivers_cc26x2.a : PINCC26XX.oem4f (.text:PIN_setOutputEnable)
                  00006b44    00000048                      : PWMTimerCC26XX.oem4f (.text:PWMTimerCC26XX_setDuty)
                  00006b8c    00000048                      : PowerCC26X2_calibrateRCOSC.oem4f (.text:PowerCC26X2_RCOSC_clockFunc)
                  00006bd4    00000048     hello.obj (.text:main)
                  00006c1c    00000048     rtsv7M4_T_le_v4SPD16_eabi.lib : fd_toi_t2.asm.obj (.text)
                  00006c64    00000048     drivers_cc26x2.a : PowerCC26X2.oem4f (.text:switchXOSCHF)
                  00006cac    00000048     sysbios.aem4f : BIOS.obj (.text:ti_sysbios_family_arm_m3_Hwi_Module_startup__E)
                  00006cf4    00000048                   : BIOS.obj (.text:ti_sysbios_heaps_HeapMem_getStats__E)
                  00006d3c    00000048     drivers_cc26x2.a : UARTCC26XX.oem4f (.text:writeFinishedDoCallback)
                  00006d84    00000048     sysbios.aem4f : BIOS.obj (.text:xdc_runtime_Core_constructObject__I)
                  00006dcc    00000046     drivers_cc26x2.a : RingBuf.oem4f (.text:RingBuf_put)
                  00006e12    00000002     hello_pem4f.oem4f (.text:ti_uia_loggers_LoggerStopMode_setFilterLevel__E)
                  00006e14    00000044     rtsv7M4_T_le_v4SPD16_eabi.lib : hostclose.c.obj (.text:HOSTclose)
                  00006e58    00000044                                   : hostunlink.c.obj (.text:HOSTunlink)
                  00006e9c    00000044     driverlib.lib : chipinfo.obj (.text:NOROM_ChipInfo_GetHwRevision)
                  00006ee0    00000044     drivers_cc26x2.a : PINCC26XX.oem4f (.text:PIN_swi)
                  00006f24    00000044                      : PWM.oem4f (.text:PWM_init)
                  00006f68    00000044                      : UART.oem4f (.text:UART_init)
                  00006fac    00000044     rtsv7M4_T_le_v4SPD16_eabi.lib : getdevice.c.obj (.text:getdevice)
                  00006ff0    00000044     sysbios.aem4f : BIOS.obj (.text:ti_sysbios_family_arm_m3_Hwi_disableInterrupt__E)
                  00007034    00000044                   : BIOS.obj (.text:ti_sysbios_family_arm_m3_Hwi_enableInterrupt__E)
                  00007078    00000044                   : BIOS.obj (.text:ti_sysbios_knl_Task_allBlockedFunction__I)
                  000070bc    00000044     ti.uia.loggers.aem4f : LoggerStopMode.oem4f (.text:ti_uia_loggers_LoggerStopMode_initBuffer__I)
                  00007100    00000044     sysbios.aem4f : BIOS.obj (.text:xdc_runtime_SysMin_flush__E)
                  00007144    00000040     ti_drivers_config.obj (.text:Board_shutDownExtFlash)
                  00007184    00000040     dpl_cc26x2.a : ClockP_tirtos.oem4f (.text:ClockP_construct)
                  000071c4    00000040     driverlib.lib : osc.obj (.text:NOROM_OSC_HPOSCRelativeFrequencyOffsetGet)
                  00007204    00000040     drivers_cc26x2.a : PWM.oem4f (.text:PWM_open)
                  00007244    00000040                      : RingBuf.oem4f (.text:RingBuf_get)
                  00007284    00000040                      : UART.oem4f (.text:UART_open)
                  000072c4    00000040     sysbios.aem4f : BIOS.obj (.text:ti_sysbios_family_arm_cc26xx_Timer_setThreshold__I)
                  00007304    00000040                   : BIOS.obj (.text:ti_sysbios_family_arm_m3_Hwi_getStackInfo__E)
                  00007344    0000003e     dpl_cc26x2.a : HwiP_tirtos.oem4f (.text:HwiP_construct)
                  00007382    0000003e     rtsv7M4_T_le_v4SPD16_eabi.lib : _printfi.c.obj (.text:_fcpy)
                  000073c0    0000003c     drivers_cc26x2.a : PINCC26XX.oem4f (.text:PIN_setInterrupt)
                  000073fc    0000003c                      : PINCC26XX.oem4f (.text:PIN_setOutputValue)
                  00007438    0000003c     sysbios.aem4f : BIOS.obj (.text:ti_sysbios_family_arm_m3_Hwi_construct2__E)
                  00007474    00000038     drivers_cc26x2.a : PINCC26XX.oem4f (.text:PIN_setConfig)
                  000074ac    00000038     rtsv7M4_T_le_v4SPD16_eabi.lib : trgmsg.c.obj (.text:__TI_writemsg)
                  000074e4    00000038     drivers_cc26x2.a : PowerCC26X2.oem4f (.text:notify)
                  0000751c    00000038                      : UARTCC26XX.oem4f (.text:readData)
                  00007554    00000038     sysbios.aem4f : BIOS.obj (.text:ti_sysbios_family_arm_cc26xx_Timer_getCurrentTick__E)
                  0000758c    00000038                   : BIOS.obj (.text:ti_sysbios_family_arm_m3_Hwi_Instance_finalize__E)
                  000075c4    00000038                   : BIOS.obj (.text:ti_sysbios_heaps_HeapMem_Instance_init__E)
                  000075fc    00000038                   : BIOS.obj (.text:ti_sysbios_knl_Clock_Instance_init__E)
                  00007634    00000038     drivers_cc26x2.a : UARTCC26XX.oem4f (.text:writeData)
                  0000766c    00000038     sysbios.aem4f : BIOS.obj (.text:xdc_runtime_System_atexit__E)
                  000076a4    00000036     rtsv7M4_T_le_v4SPD16_eabi.lib : strncpy.c.obj (.text:strncpy)
                  000076da    00000002     ti.uia.loggers.aem4f : LoggerStopMode.oem4f (.text:ti_uia_loggers_LoggerStopMode_setPriority__E)
                  000076dc    00000034     drivers_cc26x2.a : GPTimerCC26XX.oem4f (.text:GPTimerCC26XXSetLoadMatch)
                  00007710    00000034                      : GPTimerCC26XX.oem4f (.text:GPTimerCC26XX_configureDebugStall)
                  00007744    00000034     driverlib.lib : aux_sysif.obj (.text:NOROM_AUXSYSIFOpModeChange)
                  00007778    00000034                   : sys_ctrl.obj (.text:NOROM_SysCtrlIdle)
                  000077ac    00000034     drivers_cc26x2.a : PWMTimerCC26XX.oem4f (.text:PWMTimerCC26XX_getperiodCounts)
                  000077e0    00000034     rtsv7M4_T_le_v4SPD16_eabi.lib : fopen.c.obj (.text:__TI_cleanup)
                  00007814    00000034                                   : trgmsg.c.obj (.text:__TI_readmsg)
                  00007848    00000034     drivers_cc26x2.a : UARTCC26XX.oem4f (.text:readData2RingBuf)
                  0000787c    00000034     hello_pem4f.oem4f (.text:ti_sysbios_knl_Semaphore_create)
                  000078b0    00000034     sysbios.aem4f : BIOS.obj (.text:ti_sysbios_knl_Swi_restore__E)
                  000078e4    00000034     ti.uia.loggers.aem4f : LoggerStopMode.oem4f (.text:ti_uia_loggers_LoggerStopMode_reset__E)
                  00007918    00000034     sysbios.aem4f : BIOS.obj (.text:xdc_runtime_SysMin_abort__E)
                  0000794c    00000034                   : BIOS.obj (.text:xdc_runtime_SysMin_putch__E)
                  00007980    00000032                   : BIOS.obj (.text:ti_sysbios_family_arm_cc26xx_Timer_setNextTick__E)
                  000079b2    00000002                   : BIOS.obj (.text:xdc_runtime_Error_policySpin__E)
                  000079b4    00000030     drivers_cc26x2.a : GPIOCC26XX.oem4f (.text:GPIO_hwiIntFxn)
                  000079e4    00000030                      : GPIOCC26XX.oem4f (.text:GPIO_setCallback)
                  00007a14    00000030                      : GPTimerCC26XX.oem4f (.text:GPTimerCC26XX_close)
                  00007a44    00000030                      : PINCC26XX.oem4f (.text:PINCC26XX_setMux)
                  00007a74    00000030                      : PWMTimerCC26XX.oem4f (.text:PWMTimerCC26XX_start)
                  00007aa4    00000030                      : PowerCC26X2.oem4f (.text:Power_releaseConstraint)
                  00007ad4    00000030                      : PowerCC26X2.oem4f (.text:Power_setConstraint)
                  00007b04    00000030     rtsv7M4_T_le_v4SPD16_eabi.lib : getdevice.c.obj (.text:finddevice)
                  00007b34    00000030     hello_pem4f.oem4f (.text:ti_sysbios_BIOS_atExitFunc__I)
                  00007b64    00000030     hello_pem4f.oem4f (.text:ti_sysbios_BIOS_startFunc__I)
                  00007b94    00000030     sysbios.aem4f : BIOS.obj (.text:ti_sysbios_family_arm_cc26xx_Timer_initDevice__I)
                  00007bc4    00000030     hello_pem4f.oem4f (.text:ti_sysbios_gates_GateHwi_Object__create__S)
                  00007bf4    00000030     hello_pem4f.oem4f (.text:ti_sysbios_gates_GateMutex_Object__create__S)
                  00007c24    00000030     sysbios.aem4f : BIOS.obj (.text:ti_sysbios_gates_GateMutex_enter__E)
                  00007c54    00000030     hello_pem4f.oem4f (.text:ti_sysbios_heaps_HeapMem_Object__create__S)
                  00007c84    00000030     sysbios.aem4f : BIOS.obj (.text:ti_sysbios_heaps_HeapMem_free__E)
                  00007cb4    00000030     hello_pem4f.oem4f (.text:ti_sysbios_knl_Clock_construct)
                  00007ce4    00000030     hello_pem4f.oem4f (.text:ti_sysbios_knl_Semaphore_construct)
                  00007d14    00000030     sysbios.aem4f : BIOS.obj (.text:ti_sysbios_knl_Task_processVitalTaskFlag__I)
                  00007d44    00000030     hello_pem4f.oem4f (.text:ti_sysbios_rts_MemAlloc_alloc)
                  00007d74    00000030     hello_pem4f.oem4f (.text:ti_uia_loggers_LoggerStopMode_Object__create__S)
                  00007da4    00000030     sysbios.aem4f : BIOS.obj (.text:xdc_runtime_System_processAtExit__E)
                  00007dd4    0000002e     rtsv7M4_T_le_v4SPD16_eabi.lib : i_tofd_t2.asm.obj (.text)
                  00007e02    0000002e     sysbios.aem4f : BIOS.obj (.text:ti_sysbios_family_arm_m3_TaskSupport_start__E)
                  00007e30    0000002e                   : BIOS.obj (.text:ti_sysbios_hal_Hwi_initStack)
                  00007e5e    00000002                   : BIOS.obj (.text:xdc_runtime_System_abortSpin__E)
                  00007e60    0000002c     drivers_cc26x2.a : GPTimerCC26XX.oem4f (.text:GPTimerCC26XX_getTimerValue)
                  00007e8c    0000002c                      : PWMTimerCC26XX.oem4f (.text:PWMTimerCC26XX_close)
                  00007eb8    0000002c                      : PWMTimerCC26XX.oem4f (.text:PWMTimerCC26XX_stop)
                  00007ee4    0000002c     dpl_cc26x2.a : SemaphoreP_tirtos.oem4f (.text:SemaphoreP_constructBinary)
                  00007f10    0000002c                  : SemaphoreP_tirtos.oem4f (.text:SemaphoreP_createBinary)
                  00007f3c    0000002c     hello_pem4f.oem4f (.text:ti_sysbios_gates_GateHwi_Handle__label__S)
                  00007f68    0000002c     hello_pem4f.oem4f (.text:ti_sysbios_gates_GateMutex_Handle__label__S)
                  00007f94    0000002c     hello_pem4f.oem4f (.text:ti_sysbios_heaps_HeapMem_Handle__label__S)
                  00007fc0    0000002c     sysbios.aem4f : BIOS.obj (.text:ti_sysbios_knl_Clock_getTicksUntilInterrupt__E)
                  00007fec    0000002c     hello_pem4f.oem4f (.text:ti_sysbios_knl_Queue_construct)
                  00008018    0000002c     sysbios.aem4f : BIOS.obj (.text:ti_sysbios_knl_Semaphore_pendTimeout__I)
                  00008044    0000002c                   : BIOS.obj (.text:ti_sysbios_knl_Task_restore__E)
                  00008070    0000002c     hello_pem4f.oem4f (.text:ti_uia_loggers_LoggerStopMode_Handle__label__S)
                  0000809c    0000002c     rtsv7M4_T_le_v4SPD16_eabi.lib : unlink.c.obj (.text:unlink)
                  000080c8    00000028     drivers_cc26x2.a : PowerCC26X2.oem4f (.text:Power_registerNotify)
                  000080f0    00000028     rtsv7M4_T_le_v4SPD16_eabi.lib : lseek.c.obj (.text:lseek)
                  00008118    00000028     drivers_cc26x2.a : PowerCC26X2.oem4f (.text:oscillatorISR)
                  00008140    00000028     sysbios.aem4f : m3_Hwi_asm.obj (.text:ti_sysbios_family_arm_m3_Hwi_excHandlerAsm__I)
                  00008168    00000028                   : BIOS.obj (.text:ti_sysbios_knl_Clock_addI__E)
                  00008190    00000028     rtsv7M4_T_le_v4SPD16_eabi.lib : write.c.obj (.text:write)
                  000081b8    00000026     drivers_cc26x2.a : List.oem4f (.text:List_put)
                  000081de    00000026                      : List.oem4f (.text:List_remove)
                  00008204    00000026     sysbios.aem4f : m3_Hwi_asm.obj (.text:ti_sysbios_family_arm_m3_Hwi_pendSV__I)
                  0000822a    00000002                   : BIOS.obj (.text:xdc_runtime_System_exitSpin__E)
                  0000822c    00000024     driverlib.lib : osc.obj (.text:NOROM_OSCHF_TurnOnXosc)
                  00008250    00000024     drivers_cc26x2.a : PowerCC26X2_calibrateRCOSC.oem4f (.text:getTdcSemaphore)
                  00008274    00000024     hello_pem4f.oem4f (.text:ti_sysbios_BIOS_registerRTSLock__I)
                  00008298    00000024     hello_pem4f.oem4f (.text:ti_sysbios_BIOS_removeRTSLock__I)
                  000082bc    00000024     sysbios.aem4f : BIOS.obj (.text:ti_sysbios_family_arm_cc26xx_Timer_Module_startup__E)
                  000082e0    00000024                   : BIOS.obj (.text:ti_sysbios_family_arm_cc26xx_Timer_getMaxTicks__E)
                  00008304    00000024                   : BIOS.obj (.text:ti_sysbios_family_arm_cc26xx_Timer_startup__E)
                  00008328    00000024     hello_pem4f.oem4f (.text:ti_sysbios_gates_GateMutex_Object__delete__S)
                  0000834c    00000024     sysbios.aem4f : BIOS.obj (.text:ti_sysbios_knl_Clock_Module_startup__E)
                  00008370    00000024                   : BIOS.obj (.text:ti_sysbios_knl_Semaphore_Instance_init__E)
                  00008394    00000024     hello_pem4f.oem4f (.text:ti_sysbios_knl_Semaphore_Object__delete__S)
                  000083b8    00000024     sysbios.aem4f : BIOS.obj (.text:ti_sysbios_knl_Swi_Module_startup__E)
                  000083dc    00000024                   : BIOS.obj (.text:ti_sysbios_knl_Task_restoreHwi__E)
                  00008400    00000022                   : BIOS.obj (.text:ti_sysbios_family_arm_cc26xx_Timer_postInit__I)
                  00008422    00000022     hello_pem4f.oem4f (.text:xdc_runtime_SysMin_output__I)
                  00008444    00000020     ti_drivers_config.obj (.text:Board_init)
                  00008464    00000020     drivers_cc26x2.a : PINCC26XX.oem4f (.text:PINCC26XX_setIoCfgMux)
                  00008484    00000020                      : PowerCC26X2.oem4f (.text:Power_unregisterNotify)
                  000084a4    00000020     rtsv7M4_T_le_v4SPD16_eabi.lib : memchr.c.obj (.text:memchr)
                  000084c4    00000020     drivers_cc26x2.a : UARTCC26XX.oem4f (.text:threadSafeStdbyDisRelease)
                  000084e4    00000020                      : UARTCC26XX.oem4f (.text:threadSafeStdbyDisSet)
                  00008504    00000020     hello_pem4f.oem4f (.text:ti_sysbios_BIOS_rtsLock__I)
                  00008524    00000020     sysbios.aem4f : BIOS.obj (.text:ti_sysbios_family_arm_cc26xx_Timer_dynamicStub__E)
                  00008544    00000020                   : BIOS.obj (.text:ti_sysbios_family_arm_cc26xx_TimestampProvider_Module_startup__E)
                  00008564    00000020     hello_pem4f.oem4f (.text:ti_sysbios_gates_GateHwi_Object__delete__S)
                  00008584    00000020     hello_pem4f.oem4f (.text:ti_sysbios_heaps_HeapMem_Object__delete__S)
                  000085a4    00000020     hello_pem4f.oem4f (.text:ti_sysbios_knl_Clock_destruct)
                  000085c4    00000020     sysbios.aem4f : BIOS.obj (.text:ti_sysbios_knl_Clock_getTicks__E)
                  000085e4    00000020                   : BIOS.obj (.text:ti_sysbios_knl_Clock_stop__E)
                  00008604    00000020                   : BIOS.obj (.text:ti_sysbios_knl_Idle_run__E)
                  00008624    00000020     hello_pem4f.oem4f (.text:ti_sysbios_knl_Semaphore_destruct)
                  00008644    00000020     hello_pem4f.oem4f (.text:ti_uia_loggers_LoggerStopMode_Object__delete__S)
                  00008664    00000020     sysbios.aem4f : BIOS.obj (.text:xdc_runtime_SysMin_Module_startup__E)
                  00008684    0000001e     drivers_cc26x2.a : PINCC26XX.oem4f (.text:PIN_close)
                  000086a2    0000001e                      : PowerCC26X2.oem4f (.text:Power_getTransitionLatency)
                  000086c0    0000001e     sysbios.aem4f : m3_Hwi_asm_switch.obj (.text:ti_sysbios_family_xxx_Hwi_switchAndRunFunc)
                  000086de    00000002     --HOLE-- [fill = 0]
                  000086e0    0000001c     hello.obj (.text:GPIOinit)
                  000086fc    0000001c     driverlib.lib : chipinfo.obj (.text:NOROM_ChipInfo_GetChipFamily)
                  00008718    0000001c     drivers_cc26x2.a : PINCC26XX.oem4f (.text:PIN_hwi)
                  00008734    0000001c     dpl_cc26x2.a : PowerCC26X2_tirtos.oem4f (.text:PowerCC26XX_schedulerDisable)
                  00008750    0000001c                  : PowerCC26X2_tirtos.oem4f (.text:PowerCC26XX_schedulerRestore)
                  0000876c    0000001c     rtsv7M4_T_le_v4SPD16_eabi.lib : memccpy.c.obj (.text:memccpy)
                  00008788    0000001c     hello_pem4f.oem4f (.text:ti_sysbios_family_arm_m3_Hwi_destruct)
                  000087a4    0000001c     sysbios.aem4f : BIOS.obj (.text:ti_sysbios_family_arm_m3_Hwi_excHandler__I)
                  000087c0    0000001c                   : BIOS.obj (.text:ti_sysbios_family_arm_m3_Hwi_setPriority__E)
                  000087dc    0000001c                   : BIOS.obj (.text:ti_sysbios_gates_GateMutex_Instance_init__E)
                  000087f8    0000001c                   : BIOS.obj (.text:ti_sysbios_knl_Clock_scheduleNextTick__E)
                  00008814    0000001c     hello_pem4f.oem4f (.text:ti_sysbios_knl_Queue_destruct)
                  00008830    0000001c     sysbios.aem4f : BIOS.obj (.text:ti_sysbios_knl_Queue_put__E)
                  0000884c    0000001c                   : BIOS.obj (.text:ti_sysbios_knl_Swi_construct2__E)
                  00008868    0000001c     hello_pem4f.oem4f (.text:ti_sysbios_knl_Swi_destruct)
                  00008884    0000001c     sysbios.aem4f : BIOS.obj (.text:ti_sysbios_knl_Task_enter__I)
                  000088a0    0000001c     ti.uia.loggers.aem4f : LoggerStopMode.oem4f (.text:ti_uia_loggers_LoggerStopMode_Instance_init__E)
                  000088bc    0000001c     sysbios.aem4f : BIOS.obj (.text:xdc_runtime_Error_check__E)
                  000088d8    0000001c                   : BIOS.obj (.text:xdc_runtime_Error_raiseX__E)
                  000088f4    0000001c                   : BIOS.obj (.text:xdc_runtime_Memory_valloc__E)
                  00008910    0000001c                   : BIOS.obj (.text:xdc_runtime_SysMin_exit__E)
                  0000892c    0000001c                   : BIOS.obj (.text:xdc_runtime_System_abort__E)
                  00008948    0000001a     drivers_cc26x2.a : PWMTimerCC26XX.oem4f (.text:PWMTimerCC26XX_control)
                  00008962    0000001a                      : PowerCC26X2.oem4f (.text:PowerCC26XX_calibrate)
                  0000897c    0000001a     rtsv7M4_T_le_v4SPD16_eabi.lib : s_copysign.c.obj (.text:copysign)
                  00008996    0000001a     hello_pem4f.oem4f (.text:free)
                  000089b0    00000018     driverlib.lib : chipinfo.obj (.text:NOROM_ChipInfo_GetPackageType)
                  000089c8    00000018     drivers_cc26x2.a : PowerCC26X2.oem4f (.text:Power_idleFunc)
                  000089e0    00000018                      : UART.oem4f (.text:UART_Params_init)
                  000089f8    00000018     rtsv7M4_T_le_v4SPD16_eabi.lib : args_main.c.obj (.text:_args_main)
                  00008a10    00000018                                   : ll_mul_t2.asm.obj (.text)
                  00008a28    00000018                                   : strcmp.c.obj (.text:strcmp)
                  00008a40    00000018     drivers_cc26x2.a : PowerCC26X2.oem4f (.text:switchToTCXO)
                  00008a58    00000018     hello_pem4f.oem4f (.text:ti_sysbios_BIOS_rtsUnlock__I)
                  00008a70    00000018     hello_pem4f.oem4f (.text:ti_sysbios_family_arm_cc26xx_Timer_Module__startupDone__F)
                  00008a88    00000018     hello_pem4f.oem4f (.text:ti_sysbios_family_arm_m3_Hwi_Module__startupDone__F)
                  00008aa0    00000018     sysbios.aem4f : BIOS.obj (.text:ti_sysbios_family_arm_m3_Hwi_plug__E)
                  00008ab8    00000018                   : m3_TaskSupport_asm.obj (.text:ti_sysbios_family_arm_m3_TaskSupport_swap__E)
                  00008ad0    00000018                   : BIOS.obj (.text:ti_sysbios_gates_GateMutex_leave__E)
                  00008ae8    00000018                   : BIOS.obj (.text:ti_sysbios_knl_Swi_or__E)
                  00008b00    00000018                   : BIOS.obj (.text:ti_sysbios_knl_Task_unblock__E)
                  00008b18    00000018                   : BIOS.obj (.text:xdc_runtime_Error_init__E)
                  00008b30    00000018                   : BIOS.obj (.text:xdc_runtime_System_exit__E)
                  00008b48    00000018                   : BIOS.obj (.text:xdc_runtime_Text_ropeText__E)
                  00008b60    00000016     driverlib.lib : chipinfo.obj (.text:NOROM_ThisLibraryIsFor_CC13x2_CC26x2_HwRev20AndLater_HaltIfViolated)
                  00008b76    00000016     rtsv7M4_T_le_v4SPD16_eabi.lib : strchr.c.obj (.text:strchr)
                  00008b8c    00000016     hello_pem4f.oem4f (.text:ti_sysbios_BIOS_exitFunc__I)
                  00008ba2    00000016     sysbios.aem4f : BIOS.obj (.text:ti_sysbios_family_arm_cc26xx_TimestampProvider_get64__E)
                  00008bb8    00000016                   : BIOS.obj (.text:ti_sysbios_knl_Clock_Instance_finalize__E)
                  00008bce    00000016                   : BIOS.obj (.text:ti_sysbios_knl_Clock_start__E)
                  00008be4    00000016     hello.obj (.text:ti_sysbios_knl_Task_Params_init)
                  00008bfa    00000016     ti.uia.loggers.aem4f : LoggerStopMode.oem4f (.text:ti_uia_loggers_LoggerStopMode_disable__E)
                  00008c10    00000016                          : LoggerStopMode.oem4f (.text:ti_uia_loggers_LoggerStopMode_enable__E)
                  00008c26    00000002     --HOLE-- [fill = 0]
                  00008c28    00000014     drivers_cc26x2.a : PINCC26XX.oem4f (.text:PINCC26XX_getPinCount)
                  00008c3c    00000014                      : PWM.oem4f (.text:PWM_Params_init)
                  00008c50    00000014                      : PowerCC26X2_calibrateRCOSC.oem4f (.text:PowerCC26X2_calibrate)
                  00008c64    00000014     rtsv7M4_T_le_v4SPD16_eabi.lib : strcpy.c.obj (.text:strcpy)
                  00008c78    00000014                                   : strlen.c.obj (.text:strlen)
                  00008c8c    00000014     sysbios.aem4f : BIOS.obj (.text:ti_sysbios_family_arm_cc26xx_Timer_getCount64__E)
                  00008ca0    00000014     hello_pem4f.oem4f (.text:ti_sysbios_family_arm_m3_Hwi_Object__get__S)
                  00008cb4    00000014     sysbios.aem4f : BIOS.obj (.text:ti_sysbios_family_arm_m3_Hwi_switchFromBootStack__E)
                  00008cc8    00000014     hello_pem4f.oem4f (.text:ti_sysbios_heaps_HeapMem_Object__get__S)
                  00008cdc    00000014     hello_pem4f.oem4f (.text:ti_sysbios_knl_Clock_doTick__I)
                  00008cf0    00000014     hello_pem4f.oem4f (.text:ti_sysbios_knl_Swi_Object__get__S)
                  00008d04    00000012     drivers_cc26x2.a : GPTimerCC26XX.oem4f (.text:GPTimerCC26XX_Params_init)
                  00008d16    00000012                      : RingBuf.oem4f (.text:RingBuf_construct)
                  00008d28    00000012     dpl_cc26x2.a : SemaphoreP_tirtos.oem4f (.text:SemaphoreP_pend)
                  00008d3a    00000012     sysbios.aem4f : BIOS.obj (.text:ti_sysbios_hal_Hwi_Module_startup__E)
                  00008d4c    00000012     rtsv7M4_T_le_v4SPD16_eabi.lib : wcslen.c.obj (.text:wcslen)
                  00008d5e    00000012     hello_pem4f.oem4f (.text:xdc_runtime_Startup_exec__I)
                  00008d70    00000010     dpl_cc26x2.a : HwiP_tirtos.oem4f (.text:HwiP_Params_init)
                  00008d80    00000010                  : SwiP_tirtos.oem4f (.text:SwiP_Params_init)
                  00008d90    00000010     sysbios.aem4f : BIOS.obj (.text:ti_sysbios_BIOS_exit__E)
                  00008da0    00000010                   : BIOS.obj (.text:ti_sysbios_BIOS_getCpuFreq__E)
                  00008db0    00000010                   : BIOS.obj (.text:ti_sysbios_BIOS_setThreadType__E)
                  00008dc0    00000010                   : BIOS.obj (.text:ti_sysbios_BIOS_start__E)
                  00008dd0    00000010                   : m3_TaskSupport_asm.obj (.text:ti_sysbios_family_arm_m3_TaskSupport_glue)
                  00008de0    00000010                   : BIOS.obj (.text:ti_sysbios_gates_GateMutex_Instance_finalize__E)
                  00008df0    00000010                   : BIOS.obj (.text:ti_sysbios_knl_Semaphore_Instance_finalize__E)
                  00008e00    00000010                   : BIOS.obj (.text:ti_sysbios_knl_Swi_disable__E)
                  00008e10    00000010                   : BIOS.obj (.text:ti_sysbios_knl_Swi_enabled__E)
                  00008e20    00000010     hello_pem4f.oem4f (.text:ti_sysbios_knl_Task_Object__get__S)
                  00008e30    00000010     sysbios.aem4f : BIOS.obj (.text:ti_sysbios_knl_Task_disable__E)
                  00008e40    00000010     hello_pem4f.oem4f (.text:ti_uia_loggers_LoggerStopMode_Object__get__S)
                  00008e50    00000010     ti.uia.loggers.aem4f : LoggerStopMode.oem4f (.text:ti_uia_loggers_LoggerStopMode_isEmpty__E)
                  00008e60    00000010     drivers_cc26x2.a : UARTCC26XX.oem4f (.text:uartPostNotify)
                  00008e70    00000010     sysbios.aem4f : BIOS.obj (.text:xdc_runtime_Gate_leaveSystem__E)
                  00008e80    00000010                   : BIOS.obj (.text:xdc_runtime_Memory_free__E)
                  00008e90    0000000e     rtsv7M4_T_le_v4SPD16_eabi.lib : copy_decompress_none.c.obj (.text:decompress:none:__TI_decompress_none)
                  00008e9e    0000000e     sysbios.aem4f : BIOS.obj (.text:ti_sysbios_heaps_HeapMem_restore__E)
                  00008eac    0000000e                   : BIOS.obj (.text:ti_sysbios_knl_Queue_empty__E)
                  00008eba    0000000e                   : BIOS.obj (.text:ti_sysbios_knl_Queue_remove__E)
                  00008ec8    0000000c     dpl_cc26x2.a : ClockP_tirtos.oem4f (.text:ClockP_getSystemTickPeriod)
                  00008ed4    0000000c     driverlib.lib : cpu.obj (.text:NOROM_CPUcpsid)
                  00008ee0    0000000c                   : cpu.obj (.text:NOROM_CPUcpsie)
                  00008eec    0000000c     drivers_cc26x2.a : PINCC26XX.oem4f (.text:PIN_registerIntCb)
                  00008ef8    0000000c                      : PowerCC26X2.oem4f (.text:Power_getConstraintMask)
                  00008f04    0000000c                      : PowerCC26X2.oem4f (.text:Power_getDependencyCount)
                  00008f10    0000000c     dpl_cc26x2.a : SemaphoreP_tirtos.oem4f (.text:SemaphoreP_delete)
                  00008f1c    0000000c     rtsv7M4_T_le_v4SPD16_eabi.lib : _lock.c.obj (.text:_register_lock)
                  00008f28    0000000c                                   : _lock.c.obj (.text:_register_unlock)
                  00008f34    0000000c                                   : copy_zero_init.c.obj (.text:decompress:ZI:__TI_zero_init)
                  00008f40    0000000c     hello_pem4f.oem4f (.text:ti_sysbios_family_arm_m3_Hwi_Params__init__S)
                  00008f4c    0000000c     sysbios.aem4f : BIOS.obj (.text:ti_sysbios_family_arm_m3_Hwi_disableFxn__E)
                  00008f58    0000000c                   : BIOS.obj (.text:ti_sysbios_family_arm_m3_TaskSupport_getStackAlignment__E)
                  00008f64    0000000c                   : BIOS.obj (.text:ti_sysbios_gates_GateHwi_enter__E)
                  00008f70    0000000c     hello_pem4f.oem4f (.text:ti_sysbios_knl_Clock_Params__init__S)
                  00008f7c    0000000c     sysbios.aem4f : BIOS.obj (.text:ti_sysbios_knl_Clock_getTimerHandle__E)
                  00008f88    0000000c     hello_pem4f.oem4f (.text:ti_sysbios_knl_Queue_Object__get__S)
                  00008f94    0000000c     sysbios.aem4f : BIOS.obj (.text:ti_sysbios_knl_Queue_dequeue__E)
                  00008fa0    0000000c                   : BIOS.obj (.text:ti_sysbios_knl_Queue_enqueue__E)
                  00008fac    0000000c     hello_pem4f.oem4f (.text:ti_sysbios_knl_Semaphore_Params__init__S)
                  00008fb8    0000000c     hello_pem4f.oem4f (.text:ti_sysbios_knl_Swi_Params__init__S)
                  00008fc4    0000000c     sysbios.aem4f : BIOS.obj (.text:ti_sysbios_knl_Swi_getTrigger__E)
                  00008fd0    0000000c     hello_pem4f.oem4f (.text:ti_sysbios_knl_Task_Params__init__S)
                  00008fdc    0000000c     sysbios.aem4f : BIOS.obj (.text:ti_sysbios_knl_Task_self__E)
                  00008fe8    0000000c                   : BIOS.obj (.text:xdc_runtime_Gate_enterSystem__E)
                  00008ff4    0000000c                   : BIOS.obj (.text:xdc_runtime_Memory_calloc__E)
                  00009000    0000000c                   : BIOS.obj (.text:xdc_runtime_Memory_getMaxDefaultTypeAlign__E)
                  0000900c    0000000c                   : BIOS.obj (.text:xdc_runtime_Startup_rtsDone__E)
                  00009018    0000000a     dpl_cc26x2.a : ClockP_tirtos.oem4f (.text:ClockP_Params_init)
                  00009022    0000000a     drivers_cc26x2.a : PWM.oem4f (.text:PWM_setDuty)
                  0000902c    0000000a                      : PWM.oem4f (.text:PWM_start)
                  00009036    0000000a                      : UART.oem4f (.text:UART_read)
                  00009040    0000000a                      : UART.oem4f (.text:UART_write)
                  0000904a    0000000a                      : UARTCC26XX.oem4f (.text:readSemCallback)
                  00009054    0000000a     hello_pem4f.oem4f (.text:xdc_runtime_IHeap_alloc)
                  0000905e    0000000a     hello_pem4f.oem4f (.text:xdc_runtime_IHeap_free)
                  00009068    00000008     drivers_cc26x2.a : GPTimerCC26XX.oem4f (.text:GPTimerCC26XX_setLoadValue)
                  00009070    00000008                      : GPTimerCC26XX.oem4f (.text:GPTimerCC26XX_setMatchValue)
                  00009078    00000008                      : UARTCC26XX.oem4f (.text:UARTCC26XX_init)
                  00009080    00000008     rtsv7M4_T_le_v4SPD16_eabi.lib : errno.c.obj (.text:__aeabi_errno_addr)
                  00009088    00000008     sysbios.aem4f : BIOS.obj (.text:ti_sysbios_family_arm_m3_Hwi_doSwiRestore__I)
                  00009090    00000008                   : BIOS.obj (.text:ti_sysbios_family_arm_m3_Hwi_startup__E)
                  00009098    00000008                   : BIOS.obj (.text:ti_sysbios_knl_Idle_loop__E)
                  000090a0    00000008     drivers_cc26x2.a : UARTCC26XX.oem4f (.text:writeSemCallback)
                  000090a8    00000006                      : GPTimerCC26XX.oem4f (.text:GPTimerCC26XX_getValue)
                  000090ae    00000006     driverlib.lib : cpu.obj (.text:NOROM_CPUdelay)
                  000090b4    00000006     drivers_cc26x2.a : UARTCC26XX.oem4f (.text:UARTCC26XX_readPolling)
                  000090ba    00000006                      : UARTCC26XX.oem4f (.text:UARTCC26XX_writePolling)
                  000090c0    00000006                      : PowerCC26X2.oem4f (.text:delayUs)
                  000090c6    00000006     sysbios.aem4f : BIOS.obj (.text:ti_sysbios_family_arm_m3_Hwi_doTaskRestore__I)
                  000090cc    00000006                   : BIOS.obj (.text:ti_sysbios_family_arm_m3_Hwi_restoreFxn__E)
                  000090d2    00000006                   : BIOS.obj (.text:ti_sysbios_gates_GateHwi_leave__E)
                  000090d8    00000006                   : BIOS.obj (.text:ti_sysbios_heaps_HeapMem_isBlocking__E)
                  000090de    00000006                   : BIOS.obj (.text:ti_sysbios_knl_Queue_Instance_init__E)
                  000090e4    00000006                   : BIOS.obj (.text:ti_sysbios_knl_Queue_elemClear__E)
                  000090ea    00000006                   : BIOS.obj (.text:ti_sysbios_knl_Swi_startup__E)
                  000090f0    00000006                   : BIOS.obj (.text:xdc_runtime_System_Module_startup__E)
                  000090f6    00000004     dpl_cc26x2.a : PowerCC26X2_tirtos.oem4f (.text:CPUwfi)
                  000090fa    00000004                  : ClockP_tirtos.oem4f (.text:ClockP_destruct)
                  000090fe    00000004                  : ClockP_tirtos.oem4f (.text:ClockP_getCpuFreq)
                  00009102    00000004                  : ClockP_tirtos.oem4f (.text:ClockP_setTimeout)
                  00009106    00000004                  : ClockP_tirtos.oem4f (.text:ClockP_start)
                  0000910a    00000004                  : ClockP_tirtos.oem4f (.text:ClockP_stop)
                  0000910e    00000004                  : HwiP_tirtos.oem4f (.text:HwiP_destruct)
                  00009112    00000004                  : HwiP_tirtos.oem4f (.text:HwiP_disable)
                  00009116    00000004                  : SemaphoreP_tirtos.oem4f (.text:SemaphoreP_destruct)
                  0000911a    00000004                  : SemaphoreP_tirtos.oem4f (.text:SemaphoreP_post)
                  0000911e    00000004                  : SwiP_tirtos.oem4f (.text:SwiP_destruct)
                  00009122    00000004                  : SwiP_tirtos.oem4f (.text:SwiP_getTrigger)
                  00009126    00000004                  : SwiP_tirtos.oem4f (.text:SwiP_or)
                  0000912a    00000004     rtsv7M4_T_le_v4SPD16_eabi.lib : printf.c.obj (.text:_outc)
                  0000912e    00000004                                   : printf.c.obj (.text:_outs)
                  00009132    00000004     drivers_cc26x2.a : PowerCC26X2.oem4f (.text:configureRFCoreClocks)
                  00009136    00000004                      : PowerCC26X2.oem4f (.text:nopResourceHandler)
                  0000913a    00000004     hello_pem4f.oem4f (.text:ti_sysbios_BIOS_RtsGateProxy_enter__E)
                  0000913e    00000004     hello_pem4f.oem4f (.text:ti_sysbios_BIOS_RtsGateProxy_leave__E)
                  00009142    00000004     sysbios.aem4f : BIOS.obj (.text:ti_sysbios_family_arm_cc26xx_Timer_setPeriod__E)
                  00009146    00000004     hello_pem4f.oem4f (.text:ti_sysbios_family_arm_m3_TaskSupport_Module__startupDone__S)
                  0000914a    00000004     sysbios.aem4f : BIOS.obj (.text:ti_sysbios_gates_GateHwi_query__E)
                  0000914e    00000004                   : BIOS.obj (.text:ti_sysbios_gates_GateMutex_query__E)
                  00009152    00000004     hello_pem4f.oem4f (.text:ti_sysbios_heaps_HeapMem_Module_GateProxy_enter__E)
                  00009156    00000004     hello_pem4f.oem4f (.text:ti_sysbios_heaps_HeapMem_Module_GateProxy_leave__E)
                  0000915a    00000004     hello_pem4f.oem4f (.text:ti_sysbios_knl_Clock_TimerProxy_getCurrentTick__E)
                  0000915e    00000004     hello_pem4f.oem4f (.text:ti_sysbios_knl_Clock_TimerProxy_getMaxTicks__E)
                  00009162    00000004     hello_pem4f.oem4f (.text:ti_sysbios_knl_Clock_TimerProxy_setNextTick__E)
                  00009166    00000004     sysbios.aem4f : BIOS.obj (.text:ti_sysbios_knl_Clock_removeI__E)
                  0000916a    00000004                   : BIOS.obj (.text:ti_sysbios_knl_Clock_setTimeout__E)
                  0000916e    00000004                   : BIOS.obj (.text:ti_sysbios_knl_Queue_head__E)
                  00009172    00000004                   : BIOS.obj (.text:ti_sysbios_knl_Queue_next__E)
                  00009176    00000004                   : BIOS.obj (.text:ti_sysbios_knl_Queue_prev__E)
                  0000917a    00000004     hello_pem4f.oem4f (.text:ti_sysbios_knl_Semaphore_delete)
                  0000917e    00000004     sysbios.aem4f : BIOS.obj (.text:ti_sysbios_knl_Swi_postInit__I)
                  00009182    00000004                   : BIOS.obj (.text:ti_sysbios_knl_Task_startup__E)
                  00009186    00000004     ti.uia.loggers.aem4f : LoggerStopMode.oem4f (.text:ti_uia_loggers_LoggerStopMode_getContents__E)
                  0000918a    00000004     hello_pem4f.oem4f (.text:ti_uia_loggers_LoggerStopMode_getFilterLevel__E)
                  0000918e    00000004     ti.uia.loggers.aem4f : LoggerStopMode.oem4f (.text:ti_uia_loggers_LoggerStopMode_getInstanceId__E)
                  00009192    00000004                          : LoggerStopMode.oem4f (.text:ti_uia_loggers_LoggerStopMode_getMaxLength__E)
                  00009196    00000004                          : LoggerStopMode.oem4f (.text:ti_uia_loggers_LoggerStopMode_getPriority__E)
                  0000919a    00000004                          : LoggerStopMode.oem4f (.text:ti_uia_loggers_LoggerStopMode_getTransferType__E)
                  0000919e    00000004     hello_pem4f.oem4f (.text:xdc_runtime_System_Module_GateProxy_enter__E)
                  000091a2    00000004     hello_pem4f.oem4f (.text:xdc_runtime_System_Module_GateProxy_leave__E)

.const     0    000091a8    000008e6     
                  000091a8    00000101     rtsv7M4_T_le_v4SPD16_eabi.lib : ctype.c.obj (.const:.string:_ctypes_)
                  000092a9    00000002     ti_drivers_config.obj (.const:pwmTimerCC26XXHWAttrs)
                  000092ab    00000001     hello_pem4f.oem4f (.const:xdc_runtime_Error_policy__C)
                  000092ac    00000060     hello_pem4f.oem4f (.const:ti_uia_loggers_LoggerStopMode_Module__FXNS__C)
                  0000930c    00000054     drivers_cc26x2.a : PowerCC26X2.oem4f (.const:resourceDB)
                  00009360    0000003c     hello_pem4f.oem4f (.const:ti_sysbios_knl_Task_Object__PARAMS__C)
                  0000939c    00000030     hello_pem4f.oem4f (.const:ti_sysbios_family_arm_m3_Hwi_Object__PARAMS__C)
                  000093cc    00000028     drivers_cc26x2.a : UARTCC26XX.oem4f (.const:UARTCC26XX_fxnTable)
                  000093f4    00000028     hello_pem4f.oem4f (.const:ti_sysbios_heaps_HeapMem_Module__FXNS__C)
                  0000941c    00000028     hello_pem4f.oem4f (.const:ti_sysbios_knl_Swi_Object__PARAMS__C)
                  00009444    00000028     hello_pem4f.oem4f (.const:ti_uia_loggers_LoggerStopMode_Object__PARAMS__C)
                  0000946c    00000028     ti_drivers_config.obj (.const:uartCC26XXHWAttrs)
                  00009494    00000028     hello_pem4f.oem4f (.const:xdc_runtime_Startup_sfxnTab__A)
                  000094bc    00000024     drivers_cc26x2.a : PWMTimerCC26XX.oem4f (.const:PWMTimerCC26XX_fxnTable)
                  000094e0    00000024                      : UART.oem4f (.const:UART_defaultParams)
                  00009504    00000024     hello_pem4f.oem4f (.const:ti_sysbios_gates_GateHwi_Module__FXNS__C)
                  00009528    00000024     hello_pem4f.oem4f (.const:ti_sysbios_gates_GateMutex_Module__FXNS__C)
                  0000954c    00000024     hello_pem4f.oem4f (.const:ti_sysbios_heaps_HeapMem_Object__PARAMS__C)
                  00009570    00000024     hello_pem4f.oem4f (.const:ti_sysbios_knl_Clock_Object__PARAMS__C)
                  00009594    00000024     hello_pem4f.oem4f (.const:ti_sysbios_knl_Semaphore_Object__PARAMS__C)
                  000095b8    00000020     hello_pem4f.oem4f (.const:ti_sysbios_family_arm_m3_Hwi_Object__DESC__C)
                  000095d8    00000020     hello_pem4f.oem4f (.const:ti_sysbios_gates_GateHwi_Object__DESC__C)
                  000095f8    00000020     hello_pem4f.oem4f (.const:ti_sysbios_gates_GateMutex_Object__DESC__C)
                  00009618    00000020     hello_pem4f.oem4f (.const:ti_sysbios_heaps_HeapMem_Object__DESC__C)
                  00009638    00000020     hello_pem4f.oem4f (.const:ti_sysbios_knl_Clock_Object__DESC__C)
                  00009658    00000020     hello_pem4f.oem4f (.const:ti_sysbios_knl_Queue_Object__DESC__C)
                  00009678    00000020     hello_pem4f.oem4f (.const:ti_sysbios_knl_Semaphore_Object__DESC__C)
                  00009698    00000020     hello_pem4f.oem4f (.const:ti_sysbios_knl_Swi_Object__DESC__C)
                  000096b8    00000020     hello_pem4f.oem4f (.const:ti_sysbios_knl_Task_Object__DESC__C)
                  000096d8    00000020     hello_pem4f.oem4f (.const:ti_uia_loggers_LoggerStopMode_Object__DESC__C)
                  000096f8    0000001c     drivers_cc26x2.a : GPTimerCC26XX.oem4f (.const:GPT_LUT)
                  00009714    00000018                      : PWM.oem4f (.const:PWM_defaultParams)
                  0000972c    00000018                      : GPIOCC26XX.oem4f (.const:interruptType)
                  00009744    00000018     hello_pem4f.oem4f (.const:ti_sysbios_gates_GateHwi_Object__PARAMS__C)
                  0000975c    00000018     hello_pem4f.oem4f (.const:ti_sysbios_gates_GateMutex_Object__PARAMS__C)
                  00009774    00000018     hello_pem4f.oem4f (.const:ti_sysbios_knl_Queue_Object__PARAMS__C)
                  0000978c    00000014     ti_drivers_config.obj (.const:$P$T1$2)
                  000097a0    00000014     ti_drivers_config.obj (.const:BoardGpioInitTable)
                  000097b4    00000014     ti_drivers_config.obj (.const:GPIOCC26XX_config)
                  000097c8    00000014     ti_drivers_config.obj (.const:PowerCC26X2_config)
                  000097dc    00000014     drivers_cc26x2.a : UARTCC26XX.oem4f (.const:parityType)
                  000097f0    00000014     hello_pem4f.oem4f (.const:xdc_runtime_Startup_sfxnRts__A)
                  00009804    00000010     drivers_cc26x2.a : UARTCC26XX.oem4f (.const:dataLength)
                  00009814    00000010                      : GPIOCC26XX.oem4f (.const:outPinTypes)
                  00009824    0000000c     ti_drivers_config.obj (.const:GPTimerCC26XX_config)
                  00009830    0000000c     ti_drivers_config.obj (.const:PWM_config)
                  0000983c    0000000c     ti_drivers_config.obj (.const:UART_config)
                  00009848    0000000c     ti_drivers_config.obj (.const:gptimerCC26XXHWAttrs)
                  00009854    0000000c     drivers_cc26x2.a : GPIOCC26XX.oem4f (.const:inPinTypes)
                  00009860    0000000c                      : GPIOCC26XX.oem4f (.const:outPinStrengths)
                  0000986c    0000000c     hello_pem4f.oem4f (.const:xdc_runtime_Startup_firstFxns__A)
                  00009878    00000008     driverlib.lib : aux_sysif.obj (.const:$O1$$)
                  00009880    00000008     ti_drivers_config.obj (.const:$P$T0$1)
                  00009888    00000008     drivers_cc26x2.a : GPTimerCC26XX.oem4f (.const:GPT_DefaultParams)
                  00009890    00000008     ti_drivers_config.obj (.const:PINCC26XX_hwAttrs)
                  00009898    00000008     drivers_cc26x2.a : UARTCC26XX.oem4f (.const:stopBits)
                  000098a0    00000008     hello_pem4f.oem4f (.const:ti_sysbios_knl_Idle_funcList__C)
                  000098a8    00000008     hello_pem4f.oem4f (.const:xdc_runtime_Startup_firstFxns__C)
                  000098b0    00000008     hello_pem4f.oem4f (.const:xdc_runtime_Startup_lastFxns__C)
                  000098b8    00000007     ti_drivers_config.obj (.const)
                  000098bf    00000006     drivers_cc26x2.a : UARTCC26XX.oem4f (.const:.string:rxFifoBytes)
                  000098c5    00000006                      : UARTCC26XX.oem4f (.const:.string:rxFifoThreshold)
                  000098cb    00000006                      : UARTCC26XX.oem4f (.const:.string:txFifoBytes)
                  000098d1    00000006                      : UARTCC26XX.oem4f (.const:.string:txFifoThreshold)
                  000098d7    00000001     hello_pem4f.oem4f (.const:xdc_runtime_Text_charTab__A)
                  000098d8    00000004     hello_pem4f.oem4f (.const:ti_sysbios_family_arm_cc26xx_Timer_funcHookCH1__C)
                  000098dc    00000004     hello_pem4f.oem4f (.const:ti_sysbios_family_arm_cc26xx_Timer_funcHookCH2__C)
                  000098e0    00000004     hello_pem4f.oem4f (.const:ti_sysbios_family_arm_cc26xx_Timer_startupNeeded__C)
                  000098e4    00000004     hello_pem4f.oem4f (.const:ti_sysbios_family_arm_m3_Hwi_E_alreadyDefined__C)
                  000098e8    00000004     hello_pem4f.oem4f (.const:ti_sysbios_family_arm_m3_Hwi_E_badIntNum__C)
                  000098ec    00000004     hello_pem4f.oem4f (.const:ti_sysbios_family_arm_m3_Hwi_LD_end__C)
                  000098f0    00000004     hello_pem4f.oem4f (.const:ti_sysbios_family_arm_m3_Hwi_LM_begin__C)
                  000098f4    00000004     hello_pem4f.oem4f (.const:ti_sysbios_family_arm_m3_Hwi_Module__diagsEnabled__C)
                  000098f8    00000004     hello_pem4f.oem4f (.const:ti_sysbios_family_arm_m3_Hwi_Module__diagsIncluded__C)
                  000098fc    00000004     hello_pem4f.oem4f (.const:ti_sysbios_family_arm_m3_Hwi_Module__diagsMask__C)
                  00009900    00000004     hello_pem4f.oem4f (.const:ti_sysbios_family_arm_m3_Hwi_Module__loggerFxn1__C)
                  00009904    00000004     hello_pem4f.oem4f (.const:ti_sysbios_family_arm_m3_Hwi_Module__loggerFxn8__C)
                  00009908    00000004     hello_pem4f.oem4f (.const:ti_sysbios_family_arm_m3_Hwi_Module__loggerObj__C)
                  0000990c    00000004     hello_pem4f.oem4f (.const:ti_sysbios_family_arm_m3_Hwi_NUM_INTERRUPTS__C)
                  00009910    00000004     hello_pem4f.oem4f (.const:ti_sysbios_family_arm_m3_Hwi_Object__count__C)
                  00009914    00000004     hello_pem4f.oem4f (.const:ti_sysbios_family_arm_m3_Hwi_ccr__C)
                  00009918    00000004     hello_pem4f.oem4f (.const:ti_sysbios_family_arm_m3_Hwi_excHandlerFunc__C)
                  0000991c    00000004     hello_pem4f.oem4f (.const:ti_sysbios_family_arm_m3_Hwi_nullIsrFunc__C)
                  00009920    00000004     hello_pem4f.oem4f (.const:ti_sysbios_family_arm_m3_Hwi_priGroup__C)
                  00009924    00000004     hello_pem4f.oem4f (.const:ti_sysbios_family_arm_m3_TaskSupport_stackAlignment__C)
                  00009928    00000004     hello_pem4f.oem4f (.const:ti_sysbios_gates_GateMutex_Instance_State_sem__O)
                  0000992c    00000004     hello_pem4f.oem4f (.const:ti_sysbios_heaps_HeapMem_E_memory__C)
                  00009930    00000004     hello_pem4f.oem4f (.const:ti_sysbios_heaps_HeapMem_Module__gateObj__C)
                  00009934    00000004     hello_pem4f.oem4f (.const:ti_sysbios_heaps_HeapMem_Object__count__C)
                  00009938    00000004     hello_pem4f.oem4f (.const:ti_sysbios_heaps_HeapMem_primaryHeapBaseAddr__C)
                  0000993c    00000004     hello_pem4f.oem4f (.const:ti_sysbios_heaps_HeapMem_primaryHeapEndAddr__C)
                  00009940    00000004     hello_pem4f.oem4f (.const:ti_sysbios_heaps_HeapMem_reqAlign__C)
                  00009944    00000004     hello_pem4f.oem4f (.const:ti_sysbios_knl_Clock_LM_begin__C)
                  00009948    00000004     hello_pem4f.oem4f (.const:ti_sysbios_knl_Clock_LM_tick__C)
                  0000994c    00000004     hello_pem4f.oem4f (.const:ti_sysbios_knl_Clock_Module_State_clockQ__O)
                  00009950    00000004     hello_pem4f.oem4f (.const:ti_sysbios_knl_Clock_Module__diagsEnabled__C)
                  00009954    00000004     hello_pem4f.oem4f (.const:ti_sysbios_knl_Clock_Module__diagsIncluded__C)
                  00009958    00000004     hello_pem4f.oem4f (.const:ti_sysbios_knl_Clock_Module__diagsMask__C)
                  0000995c    00000004     hello_pem4f.oem4f (.const:ti_sysbios_knl_Clock_Module__loggerFxn1__C)
                  00009960    00000004     hello_pem4f.oem4f (.const:ti_sysbios_knl_Clock_Module__loggerFxn2__C)
                  00009964    00000004     hello_pem4f.oem4f (.const:ti_sysbios_knl_Clock_Module__loggerObj__C)
                  00009968    00000004     hello_pem4f.oem4f (.const:ti_sysbios_knl_Clock_tickPeriod__C)
                  0000996c    00000004     hello_pem4f.oem4f (.const:ti_sysbios_knl_Clock_triggerClock__C)
[...]
000097a0  BoardGpioInitTable                                                 
000097b4  GPIOCC26XX_config                                                  
000097c8  PowerCC26X2_config                                                 
000097f0  xdc_runtime_Startup_sfxnRts__A                                     
00009814  outPinTypes                                                        
00009824  GPTimerCC26XX_config                                               
00009830  PWM_config                                                         
0000983c  UART_config                                                        
00009848  gptimerCC26XXHWAttrs                                               
00009854  inPinTypes                                                         
00009860  outPinStrengths                                                    
0000986c  xdc_runtime_Startup_firstFxns__A                                   
00009890  PINCC26XX_hwAttrs                                                  
000098a0  ti_sysbios_knl_Idle_funcList__C                                    
000098a8  xdc_runtime_Startup_firstFxns__C                                   
000098b0  xdc_runtime_Startup_lastFxns__C                                    
000098b8  BUTTON0_CONST                                                      
000098b9  CONFIG_PWM_0_CONST                                                 
000098ba  PWM_count                                                          
000098bb  CONFIG_UART_0_CONST                                                
000098bc  UART_count                                                         
000098bd  CONFIG_GPTIMER_2_CONST                                             
000098be  GPTimer_count                                                      
000098d7  xdc_runtime_Text_charTab__A                                        
000098d8  ti_sysbios_family_arm_cc26xx_Timer_funcHookCH1__C                  
000098dc  ti_sysbios_family_arm_cc26xx_Timer_funcHookCH2__C                  
000098e0  ti_sysbios_family_arm_cc26xx_Timer_startupNeeded__C                
000098e4  ti_sysbios_family_arm_m3_Hwi_E_alreadyDefined__C                   
000098e8  ti_sysbios_family_arm_m3_Hwi_E_badIntNum__C                        
000098ec  ti_sysbios_family_arm_m3_Hwi_LD_end__C                             
000098f0  ti_sysbios_family_arm_m3_Hwi_LM_begin__C                           
000098f4  ti_sysbios_family_arm_m3_Hwi_Module__diagsEnabled__C               
000098f8  ti_sysbios_family_arm_m3_Hwi_Module__diagsIncluded__C              
000098fc  ti_sysbios_family_arm_m3_Hwi_Module__diagsMask__C                  
00009900  ti_sysbios_family_arm_m3_Hwi_Module__loggerFxn1__C                 
00009904  ti_sysbios_family_arm_m3_Hwi_Module__loggerFxn8__C                 
00009908  ti_sysbios_family_arm_m3_Hwi_Module__loggerObj__C                  
0000990c  ti_sysbios_family_arm_m3_Hwi_NUM_INTERRUPTS__C                     
00009910  ti_sysbios_family_arm_m3_Hwi_Object__count__C                      
00009914  ti_sysbios_family_arm_m3_Hwi_ccr__C                                
00009918  ti_sysbios_family_arm_m3_Hwi_excHandlerFunc__C                     
0000991c  ti_sysbios_family_arm_m3_Hwi_nullIsrFunc__C                        
00009920  ti_sysbios_family_arm_m3_Hwi_priGroup__C                           
00009924  ti_sysbios_family_arm_m3_TaskSupport_stackAlignment__C             
00009928  ti_sysbios_gates_GateMutex_Instance_State_sem__O                   
0000992c  ti_sysbios_heaps_HeapMem_E_memory__C                               
00009930  ti_sysbios_heaps_HeapMem_Module__gateObj__C                        
00009934  ti_sysbios_heaps_HeapMem_Object__count__C                          
00009938  ti_sysbios_heaps_HeapMem_primaryHeapBaseAddr__C                    
0000993c  ti_sysbios_heaps_HeapMem_primaryHeapEndAddr__C                     
00009940  ti_sysbios_heaps_HeapMem_reqAlign__C                               
00009944  ti_sysbios_knl_Clock_LM_begin__C                                   
00009948  ti_sysbios_knl_Clock_LM_tick__C                                    
0000994c  ti_sysbios_knl_Clock_Module_State_clockQ__O                        
00009950  ti_sysbios_knl_Clock_Module__diagsEnabled__C                       
00009954  ti_sysbios_knl_Clock_Module__diagsIncluded__C                      
00009958  ti_sysbios_knl_Clock_Module__diagsMask__C                          
0000995c  ti_sysbios_knl_Clock_Module__loggerFxn1__C                         
00009960  ti_sysbios_knl_Clock_Module__loggerFxn2__C                         
00009964  ti_sysbios_knl_Clock_Module__loggerObj__C                          
00009968  ti_sysbios_knl_Clock_tickPeriod__C                                 
0000996c  ti_sysbios_knl_Clock_triggerClock__C                               
00009970  ti_sysbios_knl_Idle_funcList__A                                    
00009974  ti_sysbios_knl_Semaphore_Instance_State_pendQ__O                   
00009978  ti_sysbios_knl_Semaphore_LM_pend__C                                
0000997c  ti_sysbios_knl_Semaphore_LM_post__C                                
00009980  ti_sysbios_knl_Semaphore_Module__diagsEnabled__C                   
00009984  ti_sysbios_knl_Semaphore_Module__diagsIncluded__C                  
00009988  ti_sysbios_knl_Semaphore_Module__diagsMask__C                      
0000998c  ti_sysbios_knl_Semaphore_Module__loggerFxn2__C                     
00009990  ti_sysbios_knl_Semaphore_Module__loggerFxn4__C                     
00009994  ti_sysbios_knl_Semaphore_Module__loggerObj__C                      
00009998  ti_sysbios_knl_Swi_LD_end__C                                       
0000999c  ti_sysbios_knl_Swi_LM_begin__C                                     
000099a0  ti_sysbios_knl_Swi_LM_post__C                                      
000099a4  ti_sysbios_knl_Swi_Module__diagsEnabled__C                         
000099a8  ti_sysbios_knl_Swi_Module__diagsIncluded__C                        
000099ac  ti_sysbios_knl_Swi_Module__diagsMask__C                            
000099b0  ti_sysbios_knl_Swi_Module__loggerFxn1__C                           
000099b4  ti_sysbios_knl_Swi_Module__loggerFxn4__C                           
000099b8  ti_sysbios_knl_Swi_Module__loggerObj__C                            
000099bc  ti_sysbios_knl_Swi_Object__count__C                                
000099c0  ti_sysbios_knl_Swi_numPriorities__C                                
000099c4  ti_sysbios_knl_Task_LD_block__C                                    
000099c8  ti_sysbios_knl_Task_LD_exit__C                                     
000099cc  ti_sysbios_knl_Task_LD_ready__C                                    
000099d0  ti_sysbios_knl_Task_LM_switch__C                                   
000099d4  ti_sysbios_knl_Task_Module_State_inactiveQ__O                      
000099d8  ti_sysbios_knl_Task_Module__diagsEnabled__C                        
000099dc  ti_sysbios_knl_Task_Module__diagsIncluded__C                       
000099e0  ti_sysbios_knl_Task_Module__diagsMask__C                           
000099e4  ti_sysbios_knl_Task_Module__loggerFxn2__C                          
000099e8  ti_sysbios_knl_Task_Module__loggerFxn4__C                          
000099ec  ti_sysbios_knl_Task_Module__loggerObj__C                           
000099f0  ti_sysbios_knl_Task_Object__count__C                               
000099f4  ti_sysbios_knl_Task_allBlockedFunc__C                              
000099f8  ti_sysbios_knl_Task_defaultStackHeap__C                            
000099fc  ti_sysbios_knl_Task_defaultStackSize__C                            
00009a00  ti_sysbios_knl_Task_numConstructedTasks__C                         
00009a04  ti_uia_loggers_LoggerStopMode_Module__diagsEnabled__C              
00009a08  ti_uia_loggers_LoggerStopMode_Module__diagsIncluded__C             
00009a0c  ti_uia_loggers_LoggerStopMode_Module__diagsMask__C                 
00009a10  ti_uia_loggers_LoggerStopMode_Object__count__C                     
00009a14  ti_uia_runtime_ILoggerSnapshot_Interface__BASE__C                  
00009a18  ti_uia_runtime_IUIATransfer_Interface__BASE__C                     
00009a1c  xdc_runtime_Assert_E_assertFailed__C                               
00009a20  xdc_runtime_Error_E_memory__C                                      
00009a24  xdc_runtime_Error_policyFxn__C                                     
00009a28  xdc_runtime_IFilterLogger_Interface__BASE__C                       
00009a2c  xdc_runtime_IGateProvider_Interface__BASE__C                       
00009a30  xdc_runtime_IHeap_Interface__BASE__C                               
00009a34  xdc_runtime_ILogger_Interface__BASE__C                             
00009a38  xdc_runtime_IModule_Interface__BASE__C                             
00009a3c  xdc_runtime_Memory_defaultHeapInstance__C                          
00009a40  xdc_runtime_Startup_execImpl__C                                    
00009a44  xdc_runtime_Startup_maxPasses__C                                   
00009a48  xdc_runtime_Startup_sfxnRts__C                                     
00009a4c  xdc_runtime_Startup_sfxnTab__C                                     
00009a50  xdc_runtime_SysMin_bufSize__C                                      
00009a54  xdc_runtime_SysMin_outputFunc__C                                   
00009a58  xdc_runtime_System_Module__gateObj__C                              
00009a5c  xdc_runtime_System_abortFxn__C                                     
00009a60  xdc_runtime_System_exitFxn__C                                      
00009a64  xdc_runtime_System_maxAtexitHandlers__C                            
00009a68  xdc_runtime_Text_charTab__C                                        
00009a6c  ti_sysbios_family_arm_cc26xx_TimestampProvider_useClockTimer__C    
00009a6e  ti_sysbios_family_arm_m3_Hwi_Module__id__C                         
00009a70  ti_sysbios_family_arm_m3_Hwi_Module__loggerDefined__C              
00009a72  ti_sysbios_heaps_HeapMem_Module__id__C                             
00009a74  ti_sysbios_knl_Clock_Module__id__C                                 
00009a76  ti_sysbios_knl_Clock_Module__loggerDefined__C                      
00009a78  ti_sysbios_knl_Semaphore_Module__id__C                             
00009a7a  ti_sysbios_knl_Semaphore_Module__loggerDefined__C                  
00009a7c  ti_sysbios_knl_Swi_Module__id__C                                   
00009a7e  ti_sysbios_knl_Swi_Module__loggerDefined__C                        
00009a80  ti_sysbios_knl_Task_Module__id__C                                  
00009a82  ti_sysbios_knl_Task_Module__loggerDefined__C                       
00009a84  ti_uia_loggers_LoggerStopMode_Module__id__C                        
00009a86  ti_uia_loggers_LoggerStopMode_isTimestampEnabled__C                
00009a88  xdc_runtime_Memory_Module__id__C                                   
00009a8a  xdc_runtime_SysMin_flushAtExit__C                                  
00009a8c  xdc_runtime_Text_isLoaded__C                                       
00009c6c  __TI_Handler_Table_Base                                            
00009c78  __TI_Handler_Table_Limit                                           
00009c80  __TI_CINIT_Base                                                    
00009c90  __TI_CINIT_Limit                                                   
00057fa8  __ccfg                                                             
20000000  __start___llvm_prf_cnts                                            
20000000  __stop___llvm_prf_cnts                                             
20000000  ti_sysbios_family_arm_m3_Hwi_ramVectors                            
200000d8  __primary_heap_start__                                             
200040d8  __primary_heap_end__                                               
20004100  ti_uia_loggers_LoggerStopMode_Instance_State_0_packetArray__A      
20004500  ti_uia_loggers_LoggerStopMode_Instance_State_1_packetArray__A      
20004900  ti_sysbios_knl_Task_Instance_State_0_stack__A                      
20004b00  taskStack                                                          
20004d00  xdc_runtime_SysMin_Module_State_0_outbuf__A                        
20004f00  uartCC26XXObjects                                                  
200050bc  __CIOBUF_                                                          
200051dc  ti_sysbios_family_arm_m3_Hwi_dispatchTable                         
200052b4  __TI_tmpnams                                                       
20005354  pinHandleTable                                                     
20005420  gptimerCC26XXObjects                                               
200054a8  taskParams                                                         
20005500  ti_uia_loggers_LoggerStopMode_Instance_State_0_hdr__A              
20005530  uartParams                                                         
20005580  ti_uia_loggers_LoggerStopMode_Instance_State_1_hdr__A              
200055f0  pwmTimerCC26XXObjects                                              
20005610  pwmParams                                                          
2000563c  parmbuf                                                            
20005648  PowerCC26XX_swiKey                                                 
2000564c  PowerCC26XX_taskKey                                                
20005650  pwmHandle                                                          
20005654  taskHandle                                                         
20005658  uartHandle                                                         
2000565c  driverlib_release_0_60278                                          
20005660  PowerCC26X2_module                                                 
200057d0  _ftable                                                            
200058c0  _device                                                            
20005938  ti_uia_loggers_LoggerStopMode_Object__table__V                     
200059a0  _stream                                                            
200059f0  ti_sysbios_knl_Task_Object__table__V                               
20005a40  ti_sysbios_family_arm_cc26xx_Timer_Object__table__V                
20005a88  ti_sysbios_knl_Task_Module__state__V                               
20005acc  ti_sysbios_gates_GateMutex_Object__table__V                        
20005b04  ti_sysbios_family_arm_m3_Hwi_Module__state__V                      
20005b38  ti_sysbios_knl_Swi_Module_State_0_readyQ__A                        
20005b68  ti_sysbios_knl_Swi_Object__table__V                                
20005b98  ti_sysbios_knl_Clock_Module__state__V                              
20005bc4  _hposcCoeffs                                                       
20005be8  ti_sysbios_BIOS_Module__state__V                                   
20005c0c  ti_sysbios_knl_Clock_Object__table__V                              
20005c2c  ti_sysbios_knl_Task_Module_State_0_readyQ__A                       
20005c4c  xdc_runtime_Error_IgnoreBlock                                      
20005c6c  ti_sysbios_knl_Swi_Module__state__V                                
20005c88  ti_sysbios_family_arm_m3_Hwi_Object__table__V                      
20005ca0  ti_sysbios_heaps_HeapMem_Object__table__V                          
20005cb8  __TI_ft_end                                                        
20005cbc  __aeabi_stdin                                                      
20005cc0  __aeabi_stdout                                                     
20005cc4  __aeabi_stderr                                                     
20005cc8  __TI_cleanup_ptr                                                   
20005ccc  __TI_dtors_ptr                                                     
20005cd0  __TI_enable_exit_profile_output                                    
20005cd4  ti_sysbios_knl_Task_Module__root__V                                
20005ce0  ti_uia_runtime_QueueDescriptor_Module__state__V                    
20005cec  xdc_runtime_SysMin_Module__state__V                                
20005cf8  _lock                                                              
20005cfc  _unlock                                                            
20005d00  pinUpperBound                                                      
20005d04  pinLowerBound                                                      
20005d08  ti_uia_runtime_QueueDescriptor_gPtrToFirstDescriptor               
20005d0c  ti_uia_runtime_QueueDescriptor_gUpdateCount                        
20005d10  ti_sysbios_family_arm_cc26xx_Timer_Module__state__V                
20005d18  ti_sysbios_family_arm_m3_Hwi_Module__root__V                       
20005d20  ti_sysbios_gates_GateHwi_Module__root__V                           
20005d28  ti_sysbios_gates_GateMutex_Module__root__V                         
20005d30  ti_sysbios_heaps_HeapMem_Module__root__V                           
20005d38  ti_sysbios_knl_Clock_Module__root__V                               
20005d40  ti_sysbios_knl_Queue_Module__root__V                               
20005d48  ti_sysbios_knl_Semaphore_Module__root__V                           
20005d50  ti_sysbios_knl_Swi_Module__root__V                                 
20005d58  ti_uia_loggers_LoggerStopMode_Module__root__V                      
20005d60  xdc_runtime_Startup_Module__state__V                               
20005d68  xdc_runtime_System_Module_State_0_atexitHandlers__A                
20005d70  xdc_runtime_System_Module__state__V                                
20005d7d  input                                                              
20005d7e  pwmPrevVal                                                         
20005d80  gpioCallbackFunctions                                              
20005d84  gpioPinConfigs                                                     
20005d8c  errno                                                              
20005d90  main_func_sp                                                       
20005d94  ti_sysbios_family_arm_cc26xx_TimestampProvider_Module__state__V    
20005d98  ti_sysbios_family_arm_m3_Hwi_Module_State_0_excContext__A          
20005d9c  ti_sysbios_family_arm_m3_Hwi_Module_State_0_excStack__A            
20005da0  ti_sysbios_gates_GateHwi_Object__table__V                          
20005da4  ti_sysbios_knl_Task_Module_State_0_idleTask__A                     
20005da8  xdc_runtime_Memory_Module__state__V                                
20005dac  ti_sysbios_family_arm_m3_Hwi_Module_State_0_excActive__A           
20013c00  __stack                                                            
20014000  __STACK_END                                                        
e000e000  ti_sysbios_family_arm_m3_Hwi_nvic                                  
ffffffff  __TI_pprof_out_hndl                                                
ffffffff  __TI_prof_data_size                                                
ffffffff  __TI_prof_data_start                                               
ffffffff  __binit__                                                          
ffffffff  __c_args__                                                         
ffffffff  binit                                                              
UNDEFED   ITM_flush                                                          
UNDEFED   ITM_restore                                                        
UNDEFED   SHT$$INIT_ARRAY$$Base                                              
UNDEFED   SHT$$INIT_ARRAY$$Limit                                             

[817 symbols]
